2025-11-08 04:47:43,193 - ============================================================
2025-11-08 04:47:43,194 -                         儿童语音识别与理解系统                         
2025-11-08 04:47:43,194 - ============================================================
2025-11-08 04:47:43,197 - 加载到的配置: sk-9b155a5...
2025-11-08 04:47:43,197 - 评估模式已启用。
2025-11-08 04:47:43,198 - 在 ./test/考核点3：语音识别与语义理解/ 中找到 4 个音频文件
2025-11-08 04:47:43,198 - 
============================================================
2025-11-08 04:47:43,198 - 处理文件: 1.mp4
2025-11-08 04:47:43,198 - ============================================================
2025-11-08 04:47:43,199 - 正在提取音频: ./test/考核点3：语音识别与语义理解/1.mp4...
2025-11-08 04:47:43,317 - ✓ 音频提取完成: 2072288 字节
2025-11-08 04:47:43,317 - 音频提取耗时: 0.118s
2025-11-08 04:47:43,317 - [语音识别] 开始...
2025-11-08 04:47:43,565 - Websocket connected
2025-11-08 04:47:43,567 - ✓ 会话创建成功: sess_QD3O5vHZ8tR1qUOmbM1fq

2025-11-08 04:47:43,601 - ✓ 连接已建立

2025-11-08 04:47:44,102 - [语音识别] 发送音频数据...
2025-11-08 04:47:44,372 - error from callback <bound method OmniRealtimeConversation.on_error of <dashscope.audio.qwen_omni.omni_realtime.OmniRealtimeConversation object at 0x00000000063E1160>>: websocket closed due to fin=1 opcode=8 data=b"\x03\xef<400> InternalError.Algo.InvalidParameter: Voice 'null' is not supported."
2025-11-08 04:47:44,373 - fin=1 opcode=8 data=b"\x03\xef<400> InternalError.Algo.InvalidParameter: Voice 'null' is not supported." - goodbye
2025-11-08 04:47:44,374 - 
[连接关闭] Code: None, Message: None
2025-11-08 04:47:44,374 - ✗ [语音识别] 失败: Connection is already closed.
2025-11-08 04:47:44,378 - [语音识别] 第 1 次失败，将在 1 秒后重试...
2025-11-08 04:47:45,379 - [语音识别] 第 2 次尝试...
2025-11-08 04:47:45,526 - Websocket connected
2025-11-08 04:47:45,526 - ✓ 会话创建成功: sess_BnleNFQOaVfejNl1pwcrd

2025-11-08 04:47:45,581 - ✓ 连接已建立

2025-11-08 04:47:46,083 - [语音识别] 发送音频数据...
2025-11-08 04:47:46,318 - error from callback <bound method OmniRealtimeConversation.on_error of <dashscope.audio.qwen_omni.omni_realtime.OmniRealtimeConversation object at 0x000000000633F110>>: websocket closed due to fin=1 opcode=8 data=b"\x03\xef<400> InternalError.Algo.InvalidParameter: Voice 'null' is not supported."
2025-11-08 04:47:46,318 - fin=1 opcode=8 data=b"\x03\xef<400> InternalError.Algo.InvalidParameter: Voice 'null' is not supported." - goodbye
2025-11-08 04:47:46,319 - 
[连接关闭] Code: None, Message: None
2025-11-08 04:47:46,319 - ✗ [语音识别] 失败: Connection is already closed.
2025-11-08 04:47:46,321 - [语音识别] 已达到最大重试次数
2025-11-08 04:47:46,321 - 首次推理失败，重试中...
2025-11-08 04:47:46,821 - [语音识别] 开始...
2025-11-08 04:47:47,023 - Websocket connected
2025-11-08 04:47:47,023 - ✓ 连接已建立

2025-11-08 04:47:47,024 - ✓ 会话创建成功: sess_ZHJBsQZP1pnHCgDCpRdzS

2025-11-08 04:47:47,525 - [语音识别] 发送音频数据...
2025-11-08 04:47:47,872 - error from callback <bound method OmniRealtimeConversation.on_error of <dashscope.audio.qwen_omni.omni_realtime.OmniRealtimeConversation object at 0x000000000633F890>>: websocket closed due to fin=1 opcode=8 data=b"\x03\xef<400> InternalError.Algo.InvalidParameter: Voice 'null' is not supported."
2025-11-08 04:47:47,872 - fin=1 opcode=8 data=b"\x03\xef<400> InternalError.Algo.InvalidParameter: Voice 'null' is not supported." - goodbye
2025-11-08 04:47:47,873 - 
[连接关闭] Code: None, Message: None
2025-11-08 04:47:47,873 - ✗ [语音识别] 失败: Connection is already closed.
2025-11-08 04:47:47,874 - [语音识别] 第 1 次失败，将在 1 秒后重试...
2025-11-08 04:47:48,875 - [语音识别] 第 2 次尝试...
2025-11-08 04:47:49,027 - Websocket connected
2025-11-08 04:47:49,028 - ✓ 会话创建成功: sess_Grf5C1dZj15nQbqKT9uHZ

2025-11-08 04:47:49,077 - ✓ 连接已建立

2025-11-08 04:47:49,579 - [语音识别] 发送音频数据...
2025-11-08 04:47:49,844 - error from callback <bound method OmniRealtimeConversation.on_error of <dashscope.audio.qwen_omni.omni_realtime.OmniRealtimeConversation object at 0x000000000631ED70>>: websocket closed due to fin=1 opcode=8 data=b"\x03\xef<400> InternalError.Algo.InvalidParameter: Voice 'null' is not supported."
2025-11-08 04:47:49,845 - fin=1 opcode=8 data=b"\x03\xef<400> InternalError.Algo.InvalidParameter: Voice 'null' is not supported." - goodbye
2025-11-08 04:47:49,845 - 
[连接关闭] Code: None, Message: None
2025-11-08 04:47:49,846 - ✗ [语音识别] 失败: Connection is already closed.
2025-11-08 04:47:49,847 - [语音识别] 已达到最大重试次数
2025-11-08 04:47:49,849 - 
============================================================
2025-11-08 04:47:49,849 - 处理文件: 2.m4a
2025-11-08 04:47:49,849 - ============================================================
2025-11-08 04:47:49,849 - 正在提取音频: ./test/考核点3：语音识别与语义理解/2.m4a...
2025-11-08 04:47:49,915 - ✓ 音频提取完成: 1458472 字节
2025-11-08 04:47:49,916 - 音频提取耗时: 0.067s
2025-11-08 04:47:49,916 - [语音识别] 开始...
2025-11-08 04:47:50,069 - Websocket connected
2025-11-08 04:47:50,069 - ✓ 会话创建成功: sess_RqMyd6smxgUFfphjNjED9

2025-11-08 04:47:50,117 - ✓ 连接已建立

2025-11-08 04:47:50,618 - [语音识别] 发送音频数据...
2025-11-08 04:47:50,882 - error from callback <bound method OmniRealtimeConversation.on_error of <dashscope.audio.qwen_omni.omni_realtime.OmniRealtimeConversation object at 0x000000000631F6F0>>: websocket closed due to fin=1 opcode=8 data=b"\x03\xef<400> InternalError.Algo.InvalidParameter: Voice 'null' is not supported."
2025-11-08 04:47:50,883 - fin=1 opcode=8 data=b"\x03\xef<400> InternalError.Algo.InvalidParameter: Voice 'null' is not supported." - goodbye
2025-11-08 04:47:50,883 - 
[连接关闭] Code: None, Message: None
2025-11-08 04:47:50,883 - ✗ [语音识别] 失败: Connection is already closed.
2025-11-08 04:47:50,885 - [语音识别] 第 1 次失败，将在 1 秒后重试...
2025-11-08 04:47:51,886 - [语音识别] 第 2 次尝试...
2025-11-08 04:47:52,039 - Websocket connected
2025-11-08 04:47:52,039 - ✓ 会话创建成功: sess_Fx9KZZRldoEfZMmgFJbSy

2025-11-08 04:47:52,087 - ✓ 连接已建立

2025-11-08 04:47:52,588 - [语音识别] 发送音频数据...
2025-11-08 04:47:52,837 - error from callback <bound method OmniRealtimeConversation.on_error of <dashscope.audio.qwen_omni.omni_realtime.OmniRealtimeConversation object at 0x00000000064244D0>>: websocket closed due to fin=1 opcode=8 data=b"\x03\xef<400> InternalError.Algo.InvalidParameter: Voice 'null' is not supported."
2025-11-08 04:47:52,838 - fin=1 opcode=8 data=b"\x03\xef<400> InternalError.Algo.InvalidParameter: Voice 'null' is not supported." - goodbye
2025-11-08 04:47:52,838 - 
[连接关闭] Code: None, Message: None
2025-11-08 04:47:52,839 - [语音识别] 请求 AI 分析...
2025-11-08 04:47:52,839 - ✗ [语音识别] 失败: Connection is already closed.
2025-11-08 04:47:52,841 - [语音识别] 已达到最大重试次数
2025-11-08 04:47:52,841 - 首次推理失败，重试中...
2025-11-08 04:47:53,342 - [语音识别] 开始...
2025-11-08 04:47:53,503 - Websocket connected
2025-11-08 04:47:53,504 - ✓ 会话创建成功: sess_AIcvTayWu6uZKUJJhaCLD

2025-11-08 04:47:53,543 - ✓ 连接已建立

2025-11-08 04:47:54,044 - [语音识别] 发送音频数据...
2025-11-08 04:47:54,293 - error from callback <bound method OmniRealtimeConversation.on_error of <dashscope.audio.qwen_omni.omni_realtime.OmniRealtimeConversation object at 0x0000000006418490>>: websocket closed due to fin=1 opcode=8 data=b"\x03\xef<400> InternalError.Algo.InvalidParameter: Voice 'null' is not supported."
2025-11-08 04:47:54,294 - fin=1 opcode=8 data=b"\x03\xef<400> InternalError.Algo.InvalidParameter: Voice 'null' is not supported." - goodbye
2025-11-08 04:47:54,295 - 
[连接关闭] Code: None, Message: None
2025-11-08 04:47:54,295 - ✗ [语音识别] 失败: Connection is already closed.
2025-11-08 04:47:54,297 - [语音识别] 第 1 次失败，将在 1 秒后重试...
2025-11-08 04:47:55,298 - [语音识别] 第 2 次尝试...
2025-11-08 04:47:55,444 - Websocket connected
2025-11-08 04:47:55,444 - ✓ 会话创建成功: sess_D3elB8BZbyTuelHtvvpYh

2025-11-08 04:47:55,499 - ✓ 连接已建立

2025-11-08 04:50:06,065 - ============================================================
2025-11-08 04:50:06,065 -                         儿童语音识别与理解系统                         
2025-11-08 04:50:06,065 - ============================================================
2025-11-08 04:50:06,067 - 加载到的配置: sk-9b155a5...
2025-11-08 04:50:06,067 - 评估模式已启用。
2025-11-08 04:50:06,068 - 在 ./test/考核点3：语音识别与语义理解/ 中找到 4 个音频文件
2025-11-08 04:50:06,068 - 
============================================================
2025-11-08 04:50:06,068 - 处理文件: 1.mp4
2025-11-08 04:50:06,068 - ============================================================
2025-11-08 04:50:06,068 - 正在提取音频: ./test/考核点3：语音识别与语义理解/1.mp4...
2025-11-08 04:50:06,140 - ✓ 音频提取完成: 2072288 字节
2025-11-08 04:50:06,141 - 音频提取耗时: 0.072s
2025-11-08 04:50:06,141 - [语音识别] 开始...
2025-11-08 04:50:06,342 - Websocket connected
2025-11-08 04:50:06,343 - ✓ 会话创建成功: sess_CvbK5tIElxKp4yY2N9cVa

2025-11-08 04:50:06,392 - ✓ 连接已建立

2025-11-08 04:50:06,893 - [语音识别] 发送音频数据...
2025-11-08 04:50:07,145 - error from callback <bound method OmniRealtimeConversation.on_error of <dashscope.audio.qwen_omni.omni_realtime.OmniRealtimeConversation object at 0x0000000005741160>>: websocket closed due to fin=1 opcode=8 data=b"\x03\xef<400> InternalError.Algo.InvalidParameter: Voice 'null' is not supported."
2025-11-08 04:50:07,145 - fin=1 opcode=8 data=b"\x03\xef<400> InternalError.Algo.InvalidParameter: Voice 'null' is not supported." - goodbye
2025-11-08 04:50:07,145 - 
[连接关闭] Code: None, Message: None
2025-11-08 04:50:07,145 - ✗ [语音识别] 失败: Connection is already closed.
2025-11-08 04:50:07,148 - [语音识别] 第 1 次失败，将在 1 秒后重试...
2025-11-08 04:50:08,149 - [语音识别] 第 2 次尝试...
2025-11-08 04:50:08,351 - Websocket connected
2025-11-08 04:50:08,351 - ✓ 会话创建成功: sess_ACczGNpCGndN7tTbb5gXA

2025-11-08 04:50:08,451 - ✓ 连接已建立

2025-11-08 04:50:08,952 - [语音识别] 发送音频数据...
2025-11-08 04:50:09,230 - error from callback <bound method OmniRealtimeConversation.on_error of <dashscope.audio.qwen_omni.omni_realtime.OmniRealtimeConversation object at 0x000000000569F110>>: websocket closed due to fin=1 opcode=8 data=b"\x03\xef<400> InternalError.Algo.InvalidParameter: Voice 'null' is not supported."
2025-11-08 04:50:09,230 - fin=1 opcode=8 data=b"\x03\xef<400> InternalError.Algo.InvalidParameter: Voice 'null' is not supported." - goodbye
2025-11-08 04:50:09,231 - 
[连接关闭] Code: None, Message: None
2025-11-08 04:50:09,231 - ✗ [语音识别] 失败: Connection is already closed.
2025-11-08 04:50:09,232 - [语音识别] 已达到最大重试次数
2025-11-08 04:50:09,232 - 首次推理失败，重试中...
2025-11-08 04:52:03,957 - ============================================================
2025-11-08 04:52:03,958 -                         儿童语音识别与理解系统                         
2025-11-08 04:52:03,958 - ============================================================
2025-11-08 04:52:03,961 - 加载到的配置: sk-9b155a5...
2025-11-08 04:52:03,961 - 评估模式已启用。
2025-11-08 04:52:03,962 - 在 ./test/考核点3：语音识别与语义理解/ 中找到 4 个音频文件
2025-11-08 04:52:03,962 - 
============================================================
2025-11-08 04:52:03,962 - 处理文件: 1.mp4
2025-11-08 04:52:03,962 - ============================================================
2025-11-08 04:52:03,963 - 正在提取音频: ./test/考核点3：语音识别与语义理解/1.mp4...
2025-11-08 04:52:04,069 - ✓ 音频提取完成: 2072288 字节
2025-11-08 04:52:04,069 - 音频提取耗时: 0.107s
2025-11-08 04:52:04,069 - [语音识别] 开始...
2025-11-08 04:52:04,285 - Websocket connected
2025-11-08 04:52:04,286 - ✓ 会话创建成功: sess_SJMLszERgeeF3JoBPrhVz

2025-11-08 04:52:04,335 - ✓ 连接已建立

2025-11-08 04:52:04,836 - [语音识别] 发送音频数据...
2025-11-08 04:52:05,145 - [语音识别] 请求 AI 分析...
2025-11-08 04:52:05,799 - 
[音频转录] 你可以自己你可以自己再说一遍吗？不相

2025-11-08 04:52:06,311 - 
[AI 分析开始]

2025-11-08 04:52:09,313 - 
============================================================
2025-11-08 04:52:09,313 - [响应完成]
2025-11-08 04:52:09,314 - 完整JSON: {
 "transcription": "天空中的灰尘都吸在这个袋子里。它是不是有一个嘴巴，然后把天空中的灰尘全部吸走，吸走到这个袋子里面。这样天空就会重新变回蓝色了，对不对？",
 "raw_transcription": "天空的灰尘都是在背袋子里。你可以自己再说一次吗？就像刚刚说的那样。那个这个有什么样的能力呀？它是不是有一个嘴巴？然后把天空中的灰尘全部吸走，吸走到哪里呀？袋子袋子在哪？然后他把天空中的灰尘全部吸到这个袋子里，天空就会重新变回蓝色了，对不对？那你可以重新跟他描述一次吗？就是这个嘴巴可以把那个灰尘吸到这个袋子里面。",
 "key_words": [
 "灰尘",
 "袋子",
 "天空",
 "吸走",
 "嘴巴",
 "蓝色"
 ],
 "intent": "向成人描述一个关于“清洁天空”的虚构能力，解释其工作原理。",
 "emotion": "平静",
 "challenges": [
 "发音不准（如'灰尘'说成'灰沉'）",
 "语速过快，吐字不清",
 "表达不完整，语句跳跃，需要补充上下文才能理解"
 ],
 "feedback": "你说得真棒！你的想法特别有创意，就像一个会吸尘的小精灵一样，能把天空打扫得干干净净。继续加油，你的想象力太丰富了！"
}
2025-11-08 04:52:09,314 - [性能指标]
2025-11-08 04:52:09,315 -   - Response ID: resp_IKjzJpcJurmlT2k4m2f89
2025-11-08 04:52:09,315 - ============================================================
2025-11-08 04:52:09,315 - [Metric] response: resp_IKjzJpcJurmlT2k4m2f89, first text delay: None, first audio delay: None
2025-11-08 04:52:09,315 - ✓ [语音识别] 完成
2025-11-08 04:52:09,316 - 
============================================================
2025-11-08 04:52:09,316 - 处理文件: 2.m4a
2025-11-08 04:52:09,316 - ============================================================
2025-11-08 04:52:09,316 - 正在提取音频: ./test/考核点3：语音识别与语义理解/2.m4a...
2025-11-08 04:52:09,400 - ✓ 音频提取完成: 1458472 字节
2025-11-08 04:52:09,401 - 音频提取耗时: 0.084s
2025-11-08 04:52:09,401 - [语音识别] 开始...
2025-11-08 04:52:09,544 - Websocket connected
2025-11-08 04:52:09,545 - ✓ 会话创建成功: sess_YdnMm3rdhlphSv53ZI9Jy

2025-11-08 04:52:09,602 - ✓ 连接已建立

2025-11-08 04:52:10,103 - [语音识别] 发送音频数据...
2025-11-08 04:52:10,329 - [语音识别] 请求 AI 分析...
2025-11-08 04:52:10,593 - 
[音频转录] 你做的这个

2025-11-08 04:52:10,991 - 
[AI 分析开始]

2025-11-08 04:52:12,703 - 
============================================================
2025-11-08 04:52:12,703 - [响应完成]
2025-11-08 04:52:12,703 - 完整JSON: {
 "transcription": "导弹发射，然后他怎么拯救地球呀？就是用这上面三个冰块保护它。",
 "raw_transcription": "导弹发射，然后他怎么拯救地球呀？就是用这上面三个冰块保护它。",
 "key_words": [
 "导弹发射",
 "拯救地球",
 "冰块",
 "保护"
 ],
 "intent": "向成人介绍自己制作的作品（一个关于拯救地球的模型），并解释其工作原理。",
 "emotion": "平静",
 "challenges": [
 "发音不准",
 "语速过快导致部分词语吐字不清"
 ],
 "feedback": "哇，你的模型好厉害啊！用三个大冰块来保护地球，真是个很棒的主意，你的想象力真丰富！"
}
2025-11-08 04:52:12,705 - [性能指标]
2025-11-08 04:52:12,705 -   - Response ID: resp_Sjmhcl2iSeM5zQOy1QzGE
2025-11-08 04:52:12,705 - ============================================================
2025-11-08 04:52:12,706 - [Metric] response: resp_Sjmhcl2iSeM5zQOy1QzGE, first text delay: None, first audio delay: None
2025-11-08 04:52:12,706 - ✓ [语音识别] 完成
2025-11-08 04:52:12,707 - 
============================================================
2025-11-08 04:52:12,707 - 处理文件: 3.m4a
2025-11-08 04:52:12,707 - ============================================================
2025-11-08 04:52:12,708 - 正在提取音频: ./test/考核点3：语音识别与语义理解/3.m4a...
2025-11-08 04:52:12,788 - ✓ 音频提取完成: 835542 字节
2025-11-08 04:52:12,789 - 音频提取耗时: 0.081s
2025-11-08 04:52:12,789 - [语音识别] 开始...
2025-11-08 04:52:12,948 - Websocket connected
2025-11-08 04:52:12,949 - ✓ 会话创建成功: sess_WOvseCYZwws3RZ3us1GjP

2025-11-08 04:52:12,992 - ✓ 连接已建立

2025-11-08 04:52:13,493 - [语音识别] 发送音频数据...
2025-11-08 04:52:13,697 - [语音识别] 请求 AI 分析...
2025-11-08 04:52:13,967 - 
[音频转录] 叫什么名字？

2025-11-08 04:52:14,278 - 
[AI 分析开始]

2025-11-08 04:52:16,432 - 
============================================================
2025-11-08 04:52:16,432 - [响应完成]
2025-11-08 04:52:16,433 - 完整JSON: {
 "transcription": "它叫普尔，它不高兴是这样子的，它高兴就是这样子的，它又不高兴就是这样子的。",
 "raw_transcription": "它叫普尔，然后它有什么功能呀？它就会吐这个。这个是另一个小朋友做的，你的作品有什么功能呀？它会展示，它不高兴是这样子的，它高兴就是这样子，它又不高兴就是这样子的。",
 "key_words": [
 "普尔",
 "不高兴",
 "高兴",
 "这样子",
 "作品"
 ],
 "intent": "向成人展示自己作品的功能，解释作品如何通过表情变化来表达情绪。",
 "emotion": "平静",
 "challenges": [
 "发音不准",
 "吐字不清",
 "表达不完整",
 "语速较快"
 ],
 "feedback": "哇，你的作品好有意思啊！它能通过不同的表情来表达开心和难过，这个想法真棒，是个特别有创意的小发明！"
}
2025-11-08 04:52:16,433 - [性能指标]
2025-11-08 04:52:16,433 -   - Response ID: resp_BssuSXbwMUQb4NlTwU3pG
2025-11-08 04:52:16,433 - ============================================================
2025-11-08 04:52:16,433 - [Metric] response: resp_BssuSXbwMUQb4NlTwU3pG, first text delay: None, first audio delay: None
2025-11-08 04:52:16,433 - ✓ [语音识别] 完成
2025-11-08 04:52:16,434 - 
============================================================
2025-11-08 04:52:16,434 - 处理文件: 4.m4a
2025-11-08 04:52:16,434 - ============================================================
2025-11-08 04:52:16,434 - 正在提取音频: ./test/考核点3：语音识别与语义理解/4.m4a...
2025-11-08 04:52:16,481 - ✓ 音频提取完成: 279894 字节
2025-11-08 04:52:16,482 - 音频提取耗时: 0.048s
2025-11-08 04:52:16,482 - [语音识别] 开始...
2025-11-08 04:52:16,640 - Websocket connected
2025-11-08 04:52:16,640 - ✓ 会话创建成功: sess_AlDKSsI1XDnACzbuGhayN

2025-11-08 04:52:16,683 - ✓ 连接已建立

2025-11-08 04:52:17,184 - [语音识别] 发送音频数据...
2025-11-08 04:52:17,190 - [语音识别] 请求 AI 分析...
2025-11-08 04:52:17,772 - 
[AI 分析开始]

2025-11-08 04:52:19,287 - 
============================================================
2025-11-08 04:52:19,287 - [响应完成]
2025-11-08 04:52:19,288 - 完整JSON: {
 "transcription": "你说不满足卢卡斯，或者什么，然后卢卡斯就可以吸走所有的垃圾。",
 "raw_transcription": "你说不满足卢卡斯，或者什么，然后卢卡斯，我就可以吸走所有的垃圾。",
 "key_words": [
 "卢卡斯",
 "吸走",
 "垃圾"
 ],
 "intent": "表达自己的想法和能力",
 "emotion": "平静",
 "challenges": [
 "发音不准",
 "吐字不清",
 "表达不完整"
 ],
 "feedback": "听起来你有一个很棒的想法！如果你和卢卡斯合作，他也许能帮你清理很多垃圾呢。"
}
2025-11-08 04:52:19,289 - [性能指标]
2025-11-08 04:52:19,289 -   - Response ID: resp_NPQiWxew8N6RaKGyIqRqe
2025-11-08 04:52:19,289 - ============================================================
2025-11-08 04:52:19,289 - [Metric] response: resp_NPQiWxew8N6RaKGyIqRqe, first text delay: None, first audio delay: None
2025-11-08 04:52:19,289 - ✓ [语音识别] 完成
2025-11-08 04:52:19,290 - 
============================================================
2025-11-08 04:52:19,290 -                            开始评估结果                           
2025-11-08 04:52:19,290 - ============================================================
2025-11-08 04:52:19,291 - 
处理文件总数: 3
2025-11-08 04:52:19,291 - 
详细结果:
2025-11-08 04:52:19,291 - 
[1/3] 1.mp4
2025-11-08 04:52:19,291 -   转录文本: 你可以自己你可以自己再说一遍吗？不相
2025-11-08 04:52:19,291 -   修正文本: 天空中的灰尘都吸在这个袋子里。它是不是有一个嘴巴，然后把天空中的灰尘全部吸走，吸走到这个袋子里面。这样天空就会重新变回蓝色了，对不对？
2025-11-08 04:52:19,292 -   原始文本: 天空的灰尘都是在背袋子里。你可以自己再说一次吗？就像刚刚说的那样。那个这个有什么样的能力呀？它是不是有一个嘴巴？然后把天空中的灰尘全部吸走，吸走到哪里呀？袋子袋子在哪？然后他把天空中的灰尘全部吸到这个袋子里，天空就会重新变回蓝色了，对不对？那你可以重新跟他描述一次吗？就是这个嘴巴可以把那个灰尘吸到这个袋子里面。
2025-11-08 04:52:19,292 -   关键词: 灰尘, 袋子, 天空, 吸走, 嘴巴, 蓝色
2025-11-08 04:52:19,292 -   意图: 向成人描述一个关于“清洁天空”的虚构能力，解释其工作原理。
2025-11-08 04:52:19,292 -   情绪: 平静
2025-11-08 04:52:19,293 -   识别挑战: 发音不准（如'灰尘'说成'灰沉'）, 语速过快，吐字不清, 表达不完整，语句跳跃，需要补充上下文才能理解
2025-11-08 04:52:19,293 -   反馈: 你说得真棒！你的想法特别有创意，就像一个会吸尘的小精灵一样，能把天空打扫得干干净净。继续加油，你的想象力太丰富了！
2025-11-08 04:52:19,293 - ------------------------------------------------------------
2025-11-08 04:52:19,294 - 
[2/3] 2.m4a
2025-11-08 04:52:19,294 -   转录文本: 你做的这个
2025-11-08 04:52:19,294 -   修正文本: 导弹发射，然后他怎么拯救地球呀？就是用这上面三个冰块保护它。
2025-11-08 04:52:19,294 -   原始文本: 导弹发射，然后他怎么拯救地球呀？就是用这上面三个冰块保护它。
2025-11-08 04:52:19,294 -   关键词: 导弹发射, 拯救地球, 冰块, 保护
2025-11-08 04:52:19,294 -   意图: 向成人介绍自己制作的作品（一个关于拯救地球的模型），并解释其工作原理。
2025-11-08 04:52:19,295 -   情绪: 平静
2025-11-08 04:52:19,295 -   识别挑战: 发音不准, 语速过快导致部分词语吐字不清
2025-11-08 04:52:19,295 -   反馈: 哇，你的模型好厉害啊！用三个大冰块来保护地球，真是个很棒的主意，你的想象力真丰富！
2025-11-08 04:52:19,295 - ------------------------------------------------------------
2025-11-08 04:52:19,295 - 
[3/3] 3.m4a
2025-11-08 04:52:19,295 -   转录文本: 叫什么名字？
2025-11-08 04:52:19,296 -   修正文本: 它叫普尔，它不高兴是这样子的，它高兴就是这样子的，它又不高兴就是这样子的。
2025-11-08 04:52:19,296 -   原始文本: 它叫普尔，然后它有什么功能呀？它就会吐这个。这个是另一个小朋友做的，你的作品有什么功能呀？它会展示，它不高兴是这样子的，它高兴就是这样子，它又不高兴就是这样子的。
2025-11-08 04:52:19,296 -   关键词: 普尔, 不高兴, 高兴, 这样子, 作品
2025-11-08 04:52:19,296 -   意图: 向成人展示自己作品的功能，解释作品如何通过表情变化来表达情绪。
2025-11-08 04:52:19,296 -   情绪: 平静
2025-11-08 04:52:19,296 -   识别挑战: 发音不准, 吐字不清, 表达不完整, 语速较快
2025-11-08 04:52:19,296 -   反馈: 哇，你的作品好有意思啊！它能通过不同的表情来表达开心和难过，这个想法真棒，是个特别有创意的小发明！
2025-11-08 04:52:19,296 - ------------------------------------------------------------
2025-11-08 04:52:19,298 - 
评估结果已保存到: ./eval_results_asr.json
2025-11-08 04:52:19,298 - ============================================================
2025-11-08 04:52:19,298 - 
============================================================
2025-11-08 04:52:19,298 -                            耗时统计汇总                           
2025-11-08 04:52:19,298 - 处理文件数: 3
2025-11-08 04:52:19,299 - 总发送耗时: 0.739s (平均 0.246s/文件)
2025-11-08 04:52:19,299 - 总等待耗时: 9.282s (平均 3.094s/文件)
2025-11-08 04:52:19,299 - 总推理耗时: 10.021s (平均 3.340s/文件)
2025-11-08 04:52:19,299 - ============================================================
2025-11-08 04:56:19,437 - ============================================================
2025-11-08 04:56:19,437 -                         儿童语音识别与理解系统                         
2025-11-08 04:56:19,438 - ============================================================
2025-11-08 04:56:19,443 - 加载到的配置: sk-9b155a5...
2025-11-08 04:56:19,443 - 评估模式已启用。
2025-11-08 04:56:19,444 - 在 ./test/考核点3：语音识别与语义理解/ 中找到 4 个音频文件
2025-11-08 04:56:19,444 - 
============================================================
2025-11-08 04:56:19,444 - 处理文件: 1.mp4
2025-11-08 04:56:19,444 - ============================================================
2025-11-08 04:56:19,445 - 正在提取音频: ./test/考核点3：语音识别与语义理解/1.mp4...
2025-11-08 04:56:19,575 - ✓ 音频提取完成: 2072288 字节
2025-11-08 04:56:19,576 - 音频提取耗时: 0.131s
2025-11-08 04:56:19,576 - [语音识别] 开始...
2025-11-08 04:56:19,814 - Websocket connected
2025-11-08 04:56:19,815 - ✓ 会话创建成功: sess_DIpceZhoepHiiCxU9jxiZ

2025-11-08 04:56:19,848 - ✓ 连接已建立

2025-11-08 04:56:20,349 - [语音识别] 发送音频数据...
2025-11-08 04:56:20,646 - [语音识别] 请求 AI 分析...
2025-11-08 04:56:21,012 - 
[音频转录] 你可以自己再说一次吗？

2025-11-08 04:56:21,102 - 
============================================================
2025-11-08 04:56:21,102 - [响应完成]
2025-11-08 04:56:21,102 - [性能指标]
2025-11-08 04:56:21,103 -   - Response ID: None
2025-11-08 04:56:21,103 - ============================================================
2025-11-08 04:56:21,103 - [Metric] response: None, first text delay: None, first audio delay: None
2025-11-08 04:56:21,104 - ✓ [语音识别] 完成
2025-11-08 04:56:21,105 - 
============================================================
2025-11-08 04:56:21,105 - 处理文件: 2.m4a
2025-11-08 04:56:21,105 - ============================================================
2025-11-08 04:56:21,106 - 正在提取音频: ./test/考核点3：语音识别与语义理解/2.m4a...
2025-11-08 04:56:21,197 - ✓ 音频提取完成: 1458472 字节
2025-11-08 04:56:21,197 - 音频提取耗时: 0.092s
2025-11-08 04:56:21,197 - [语音识别] 开始...
2025-11-08 04:56:21,347 - 
[音频转录] 就像刚刚说的那样。

2025-11-08 04:56:21,353 - Websocket connected
2025-11-08 04:56:21,354 - ✓ 会话创建成功: sess_C1xa5d1oJdmAkAxD4TEmU

2025-11-08 04:56:21,399 - ✓ 连接已建立

2025-11-08 04:56:21,452 - 
============================================================
2025-11-08 04:56:21,453 - [响应完成]
2025-11-08 04:56:21,453 - [性能指标]
2025-11-08 04:56:21,453 -   - Response ID: None
2025-11-08 04:56:21,454 - ============================================================
2025-11-08 04:56:21,454 - [Metric] response: None, first text delay: None, first audio delay: None
2025-11-08 04:56:21,900 - [语音识别] 发送音频数据...
2025-11-08 04:56:22,147 - [语音识别] 请求 AI 分析...
2025-11-08 04:56:22,354 - 
[音频转录] 吃什么吗？

2025-11-08 04:56:22,414 - 
============================================================
2025-11-08 04:56:22,414 - [响应完成]
2025-11-08 04:56:22,414 - [性能指标]
2025-11-08 04:56:22,415 -   - Response ID: None
2025-11-08 04:56:22,415 - ============================================================
2025-11-08 04:56:22,415 - [Metric] response: None, first text delay: None, first audio delay: None
2025-11-08 04:56:22,415 - ✓ [语音识别] 完成
2025-11-08 04:56:22,416 - 
============================================================
2025-11-08 04:56:22,416 - 处理文件: 3.m4a
2025-11-08 04:56:22,416 - ============================================================
2025-11-08 04:56:22,417 - 正在提取音频: ./test/考核点3：语音识别与语义理解/3.m4a...
2025-11-08 04:56:22,493 - ✓ 音频提取完成: 835542 字节
2025-11-08 04:56:22,493 - 音频提取耗时: 0.077s
2025-11-08 04:56:22,493 - [语音识别] 开始...
2025-11-08 04:56:23,236 - 
[音频转录] 导弹发射导弹发射，然后他怎么拯救地球呀？

2025-11-08 04:56:23,256 - 
[AI 分析开始]

2025-11-08 04:56:23,397 - 
============================================================
2025-11-08 04:56:23,398 - [响应完成]
2025-11-08 04:56:23,398 - 无法解析为JSON, 原始文本: ```json{
 "transcription": "导弹发射，然后他
2025-11-08 04:56:23,398 - [性能指标]
2025-11-08 04:56:23,398 -   - Response ID: None
2025-11-08 04:56:23,399 - ============================================================
2025-11-08 04:56:23,399 - [Metric] response: resp_KduSZ5yrcy4fN3esvXlWh, first text delay: None, first audio delay: None
2025-11-08 04:56:23,650 - Websocket connected
2025-11-08 04:56:23,651 - ✓ 会话创建成功: sess_K4RUNcVwlA1g1CL1uQWVS

2025-11-08 04:56:23,698 - ✓ 连接已建立

2025-11-08 04:56:24,199 - [语音识别] 发送音频数据...
2025-11-08 04:56:24,415 - [语音识别] 请求 AI 分析...
2025-11-08 04:56:24,935 - 
[AI 分析开始]

2025-11-08 04:56:25,023 - 
[音频转录] 叫什么名字？他叫普洱哦。

2025-11-08 04:56:25,112 - 
============================================================
2025-11-08 04:56:25,112 - [响应完成]
2025-11-08 04:56:25,113 - 无法解析为JSON, 原始文本: ```json{
 "transcription": "他叫普尔，然后他不高兴
2025-11-08 04:56:25,113 - [性能指标]
2025-11-08 04:56:25,113 -   - Response ID: resp_AO7mMuOoiGM1Iz9UpwZit
2025-11-08 04:56:25,113 - ============================================================
2025-11-08 04:56:25,113 - [Metric] response: resp_AO7mMuOoiGM1Iz9UpwZit, first text delay: None, first audio delay: None
2025-11-08 04:56:25,113 - ✓ [语音识别] 完成
2025-11-08 04:56:25,114 - 
============================================================
2025-11-08 04:56:25,114 - 处理文件: 4.m4a
2025-11-08 04:56:25,115 - ============================================================
2025-11-08 04:56:25,115 - 正在提取音频: ./test/考核点3：语音识别与语义理解/4.m4a...
2025-11-08 04:56:25,176 - ✓ 音频提取完成: 279894 字节
2025-11-08 04:56:25,176 - 音频提取耗时: 0.061s
2025-11-08 04:56:25,177 - [语音识别] 开始...
2025-11-08 04:56:25,339 - Websocket connected
2025-11-08 04:56:25,339 - ✓ 会话创建成功: sess_IeCo1qWqj5a1AENgE2Ysr

2025-11-08 04:56:25,378 - ✓ 连接已建立

2025-11-08 04:56:25,879 - [语音识别] 发送音频数据...
2025-11-08 04:56:25,889 - [语音识别] 请求 AI 分析...
2025-11-08 04:56:26,250 - 
============================================================
2025-11-08 04:56:26,250 - [响应完成]
2025-11-08 04:56:26,251 - [性能指标]
2025-11-08 04:56:26,251 -   - Response ID: None
2025-11-08 04:56:26,251 - ============================================================
2025-11-08 04:56:26,251 - [Metric] response: None, first text delay: None, first audio delay: None
2025-11-08 04:56:26,252 - ✓ [语音识别] 完成
2025-11-08 04:56:26,252 - 
============================================================
2025-11-08 04:56:26,252 -                          儿童语音识别评估结果                         
2025-11-08 04:56:26,253 - ============================================================
2025-11-08 04:56:26,253 - 
处理文件总数: 3
2025-11-08 04:56:26,253 - 
------------------------------------------------------------
2025-11-08 04:56:26,253 - 详细结果:
2025-11-08 04:56:26,253 - ------------------------------------------------------------
2025-11-08 04:56:26,254 - 
[1/3] 📁 1.mp4
2025-11-08 04:56:26,255 -   🎤 原始转录: 你可以自己再说一次吗？
2025-11-08 04:56:26,255 -   ✗ 无法解析分析结果: Expecting value: line 1 column 1 (char 0)
2025-11-08 04:56:26,255 - ------------------------------------------------------------
2025-11-08 04:56:26,255 - 
[2/3] 📁 2.m4a
2025-11-08 04:56:26,256 -   🎤 原始转录: 吃什么吗？
2025-11-08 04:56:26,256 -   ✗ 无法解析分析结果: Expecting value: line 1 column 1 (char 0)
2025-11-08 04:56:26,256 - ------------------------------------------------------------
2025-11-08 04:56:26,256 - 
[3/3] 📁 3.m4a
2025-11-08 04:56:26,256 -   🎤 原始转录: 叫什么名字？他叫普洱哦。
2025-11-08 04:56:26,256 -   ✗ 无法解析分析结果: Expecting value: line 1 column 1 (char 0)
2025-11-08 04:56:26,257 - ------------------------------------------------------------
2025-11-08 04:56:26,257 - 
============================================================
2025-11-08 04:56:26,257 -                             统计摘要                            
2025-11-08 04:56:26,257 - ============================================================
2025-11-08 04:56:26,257 - ✅ 成功解析: 0/3 (0.0%)
2025-11-08 04:56:26,257 - 📊 平均置信度: 0.00%
2025-11-08 04:56:26,257 - 🔑 平均关键词数: 0.0个
2025-11-08 04:56:26,258 - ============================================================
2025-11-08 04:56:26,259 - 
💾 评估结果已保存到: ./eval_results_asr.json
2025-11-08 04:56:26,259 - ============================================================
2025-11-08 04:56:26,259 - 
============================================================
2025-11-08 04:56:26,259 -                            耗时统计汇总                           
2025-11-08 04:56:26,259 - 处理文件数: 3
2025-11-08 04:56:26,259 - 总发送耗时: 0.761s (平均 0.254s/文件)
2025-11-08 04:56:26,259 - 总等待耗时: 1.423s (平均 0.474s/文件)
2025-11-08 04:56:26,260 - 总推理耗时: 2.183s (平均 0.728s/文件)
2025-11-08 04:56:26,260 - ============================================================
2025-11-08 04:57:45,354 - ============================================================
2025-11-08 04:57:45,355 -                         儿童语音识别与理解系统                         
2025-11-08 04:57:45,355 - ============================================================
2025-11-08 04:57:45,358 - 加载到的配置: sk-9b155a5...
2025-11-08 04:57:45,359 - 评估模式已启用。
2025-11-08 04:57:45,359 - 在 ./test/考核点3：语音识别与语义理解/ 中找到 4 个音频文件
2025-11-08 04:57:45,360 - 
============================================================
2025-11-08 04:57:45,360 - 处理文件: 1.mp4
2025-11-08 04:57:45,360 - ============================================================
2025-11-08 04:57:45,360 - 正在提取音频: ./test/考核点3：语音识别与语义理解/1.mp4...
2025-11-08 04:57:45,476 - ✓ 音频提取完成: 2072288 字节
2025-11-08 04:57:45,476 - 音频提取耗时: 0.116s
2025-11-08 04:57:45,477 - [语音识别] 开始...
2025-11-08 04:57:45,727 - Websocket connected
2025-11-08 04:57:45,728 - ✓ 会话创建成功: sess_MKdLxHbXq2XDg7HparV3c

2025-11-08 04:57:45,764 - ✓ 连接已建立

2025-11-08 04:57:46,265 - [语音识别] 发送音频数据...
2025-11-08 04:57:46,562 - [语音识别] 请求 AI 分析...
2025-11-08 04:57:46,990 - error from callback <bound method OmniRealtimeConversation.on_error of <dashscope.audio.qwen_omni.omni_realtime.OmniRealtimeConversation object at 0x0000000005581160>>: websocket closed due to fin=1 opcode=8 data=b'\x03\xf3Internal service error: null'
2025-11-08 04:57:46,990 - fin=1 opcode=8 data=b'\x03\xf3Internal service error: null' - goodbye
2025-11-08 04:57:46,990 - 
[连接关闭] Code: None, Message: None
2025-11-08 04:57:46,991 - [语音识别] 检测到错误: closed: None None
2025-11-08 04:57:46,991 - [语音识别] 将在 1 秒后重试...
2025-11-08 04:57:47,992 - [语音识别] 第 2 次尝试...
2025-11-08 04:57:48,146 - Websocket connected
2025-11-08 04:57:48,146 - ✓ 会话创建成功: sess_Ib82GpKt5VZ6lPFrty3bY

2025-11-08 04:57:48,193 - ✓ 连接已建立

2025-11-08 04:57:48,694 - [语音识别] 发送音频数据...
2025-11-08 04:57:48,991 - [语音识别] 请求 AI 分析...
2025-11-08 04:57:49,362 - 
[音频转录] 你可以自己再说一遍吗？

2025-11-08 04:57:49,448 - 
============================================================
2025-11-08 04:57:49,448 - [响应完成]
2025-11-08 04:57:49,449 - [性能指标]
2025-11-08 04:57:49,449 -   - Response ID: None
2025-11-08 04:57:49,449 - ============================================================
2025-11-08 04:57:49,449 - [Metric] response: None, first text delay: None, first audio delay: None
2025-11-08 04:57:49,449 - ✓ [语音识别] 完成
2025-11-08 04:57:49,449 - 
============================================================
2025-11-08 04:57:49,450 - 处理文件: 2.m4a
2025-11-08 04:57:49,450 - ============================================================
2025-11-08 04:57:49,450 - 正在提取音频: ./test/考核点3：语音识别与语义理解/2.m4a...
2025-11-08 04:57:49,517 - ✓ 音频提取完成: 1458472 字节
2025-11-08 04:57:49,518 - 音频提取耗时: 0.067s
2025-11-08 04:57:49,518 - [语音识别] 开始...
2025-11-08 04:57:49,678 - Websocket connected
2025-11-08 04:57:49,678 - ✓ 会话创建成功: sess_Yeolu9cA7bJCe6ZzVSTBC

2025-11-08 04:57:49,715 - 
[音频转录] 就像刚刚说的那样。

2025-11-08 04:57:49,719 - ✓ 连接已建立

2025-11-08 04:57:49,817 - 
============================================================
2025-11-08 04:57:49,817 - [响应完成]
2025-11-08 04:57:49,817 - [性能指标]
2025-11-08 04:57:49,818 -   - Response ID: None
2025-11-08 04:57:49,818 - ============================================================
2025-11-08 04:57:49,818 - [Metric] response: None, first text delay: None, first audio delay: None
2025-11-08 04:57:50,198 - 
[音频转录] 这个这个有什么样的能力啊？

2025-11-08 04:57:50,220 - [语音识别] 发送音频数据...
2025-11-08 04:57:50,360 - 
============================================================
2025-11-08 04:57:50,360 - [响应完成]
2025-11-08 04:57:50,361 - [性能指标]
2025-11-08 04:57:50,361 -   - Response ID: None
2025-11-08 04:57:50,361 - ============================================================
2025-11-08 04:57:50,361 - [Metric] response: None, first text delay: None, first audio delay: None
2025-11-08 04:57:50,470 - [语音识别] 请求 AI 分析...
2025-11-08 04:57:50,784 - 
[音频转录] 你做的这个是什么吗？

2025-11-08 04:57:50,920 - 
============================================================
2025-11-08 04:57:50,921 - [响应完成]
2025-11-08 04:57:50,921 - [性能指标]
2025-11-08 04:57:50,921 -   - Response ID: None
2025-11-08 04:57:50,922 - ============================================================
2025-11-08 04:57:50,922 - [Metric] response: None, first text delay: None, first audio delay: None
2025-11-08 04:57:50,922 - ✓ [语音识别] 完成
2025-11-08 04:57:50,922 - 
============================================================
2025-11-08 04:57:50,923 - 处理文件: 3.m4a
2025-11-08 04:57:50,923 - ============================================================
2025-11-08 04:57:50,923 - 正在提取音频: ./test/考核点3：语音识别与语义理解/3.m4a...
2025-11-08 04:57:50,988 - ✓ 音频提取完成: 835542 字节
2025-11-08 04:57:50,988 - 音频提取耗时: 0.065s
2025-11-08 04:57:50,988 - [语音识别] 开始...
2025-11-08 04:57:51,792 - Websocket connected
2025-11-08 04:57:51,793 - ✓ 会话创建成功: sess_NXGKtaetd27a8PrLrbfQs

2025-11-08 04:57:51,892 - ✓ 连接已建立

2025-11-08 04:57:52,393 - [语音识别] 发送音频数据...
2025-11-08 04:57:52,581 - [语音识别] 请求 AI 分析...
2025-11-08 04:57:53,073 - 
[AI 分析开始]

2025-11-08 04:57:53,368 - 
[音频转录] 导弹发射导弹发射，然后他怎么拯救地球呀？他就是用第三三拼破的。

2025-11-08 04:57:53,434 - 
============================================================
2025-11-08 04:57:53,434 - [响应完成]
2025-11-08 04:57:53,435 - [性能指标]
2025-11-08 04:57:53,435 -   - Response ID: resp_ZvheGOlU3lZ6xZhBXEBmZ
2025-11-08 04:57:53,435 - ============================================================
2025-11-08 04:57:53,435 - [Metric] response: None, first text delay: None, first audio delay: None
2025-11-08 04:57:54,452 - 
[音频转录] 他叫什么名字？他叫普洱哦，普洱，然后他有什么功能呀，他就会出这个。

2025-11-08 04:57:54,503 - 
============================================================
2025-11-08 04:57:54,503 - [响应完成]
2025-11-08 04:57:54,504 - 无法解析为JSON, 原始文本: ```json{
 "transcription": "他叫普
2025-11-08 04:57:54,504 - [性能指标]
2025-11-08 04:57:54,504 -   - Response ID: resp_ZvheGOlU3lZ6xZhBXEBmZ
2025-11-08 04:57:54,505 - ============================================================
2025-11-08 04:57:54,505 - [Metric] response: resp_ZvheGOlU3lZ6xZhBXEBmZ, first text delay: None, first audio delay: None
2025-11-08 04:57:54,505 - ✓ [语音识别] 完成
2025-11-08 04:57:54,505 - 
============================================================
2025-11-08 04:57:54,505 - 处理文件: 4.m4a
2025-11-08 04:57:54,506 - ============================================================
2025-11-08 04:57:54,506 - 正在提取音频: ./test/考核点3：语音识别与语义理解/4.m4a...
2025-11-08 04:57:54,550 - ✓ 音频提取完成: 279894 字节
2025-11-08 04:57:54,550 - 音频提取耗时: 0.044s
2025-11-08 04:57:54,550 - [语音识别] 开始...
2025-11-08 04:57:54,706 - Websocket connected
2025-11-08 04:57:54,706 - ✓ 会话创建成功: sess_NynUE756UWRIY41lc6QKn

2025-11-08 04:57:54,752 - ✓ 连接已建立

2025-11-08 04:57:55,253 - [语音识别] 发送音频数据...
2025-11-08 04:57:55,258 - [语音识别] 请求 AI 分析...
2025-11-08 04:57:55,647 - 
============================================================
2025-11-08 04:57:55,647 - [响应完成]
2025-11-08 04:57:55,648 - [性能指标]
2025-11-08 04:57:55,648 -   - Response ID: None
2025-11-08 04:57:55,648 - ============================================================
2025-11-08 04:57:55,648 - [Metric] response: None, first text delay: None, first audio delay: None
2025-11-08 04:57:55,648 - ✓ [语音识别] 完成
2025-11-08 04:57:55,649 - 
============================================================
2025-11-08 04:57:55,649 -                          儿童语音识别评估结果                         
2025-11-08 04:57:55,649 - ============================================================
2025-11-08 04:57:55,649 - 
处理文件总数: 3
2025-11-08 04:57:55,650 - 
------------------------------------------------------------
2025-11-08 04:57:55,650 - 详细结果:
2025-11-08 04:57:55,650 - ------------------------------------------------------------
2025-11-08 04:57:55,650 - 
[1/3] 📁 1.mp4
2025-11-08 04:57:55,651 -   🎤 原始转录: 你可以自己再说一遍吗？
2025-11-08 04:57:55,651 -   ✗ 无法解析分析结果: Expecting value: line 1 column 1 (char 0)
2025-11-08 04:57:55,651 - ------------------------------------------------------------
2025-11-08 04:57:55,651 - 
[2/3] 📁 2.m4a
2025-11-08 04:57:55,652 -   🎤 原始转录: 你做的这个是什么吗？
2025-11-08 04:57:55,652 -   ✗ 无法解析分析结果: Expecting value: line 1 column 1 (char 0)
2025-11-08 04:57:55,652 - ------------------------------------------------------------
2025-11-08 04:57:55,652 - 
[3/3] 📁 3.m4a
2025-11-08 04:57:55,652 -   🎤 原始转录: 他叫什么名字？他叫普洱哦，普洱，然后他有什么功能呀，他就会出这个。
2025-11-08 04:57:55,652 -   ✗ 无法解析分析结果: Expecting value: line 1 column 1 (char 0)
2025-11-08 04:57:55,652 - ------------------------------------------------------------
2025-11-08 04:57:55,653 - 
============================================================
2025-11-08 04:57:55,653 -                             统计摘要                            
2025-11-08 04:57:55,653 - ============================================================
2025-11-08 04:57:55,653 - ✅ 成功解析: 0/3 (0.0%)
2025-11-08 04:57:55,653 - 📊 平均置信度: 0.00%
2025-11-08 04:57:55,653 - 🔑 平均关键词数: 0.0个
2025-11-08 04:57:55,653 - ============================================================
2025-11-08 04:57:55,654 - 
💾 评估结果已保存到: ./eval_results_asr.json
2025-11-08 04:57:55,654 - ============================================================
2025-11-08 04:57:55,655 - 
============================================================
2025-11-08 04:57:55,655 -                            耗时统计汇总                           
2025-11-08 04:57:55,655 - 处理文件数: 3
2025-11-08 04:57:55,655 - 总发送耗时: 0.735s (平均 0.245s/文件)
2025-11-08 04:57:55,655 - 总等待耗时: 2.832s (平均 0.944s/文件)
2025-11-08 04:57:55,655 - 总推理耗时: 3.567s (平均 1.189s/文件)
2025-11-08 04:57:55,655 - ============================================================
2025-11-08 04:58:32,323 - ============================================================
2025-11-08 04:58:32,323 -                         儿童语音识别与理解系统                         
2025-11-08 04:58:32,324 - ============================================================
2025-11-08 04:58:32,328 - 加载到的配置: sk-9b155a5...
2025-11-08 04:58:32,328 - 评估模式已启用。
2025-11-08 04:58:32,328 - 在 ./test/考核点3：语音识别与语义理解/ 中找到 4 个音频文件
2025-11-08 04:58:32,328 - 
============================================================
2025-11-08 04:58:32,328 - 处理文件: 1.mp4
2025-11-08 04:58:32,329 - ============================================================
2025-11-08 04:58:32,329 - 正在提取音频: ./test/考核点3：语音识别与语义理解/1.mp4...
2025-11-08 04:58:32,431 - ✓ 音频提取完成: 2072288 字节
2025-11-08 04:58:32,431 - 音频提取耗时: 0.102s
2025-11-08 04:58:32,431 - [语音识别] 开始...
2025-11-08 04:58:33,253 - Websocket connected
2025-11-08 04:58:33,263 - ✓ 会话创建成功: sess_OYs5m4MzbhJWpcDHw6duC

2025-11-08 04:58:33,302 - ✓ 连接已建立

2025-11-08 04:58:33,803 - [语音识别] 发送音频数据...
2025-11-08 04:58:34,095 - [语音识别] 请求 AI 分析...
2025-11-08 04:58:34,429 - 
[音频转录] 你可以自己再说一遍吗？

2025-11-08 04:58:34,559 - 
============================================================
2025-11-08 04:58:34,560 - [响应完成]
2025-11-08 04:58:34,560 - [性能指标]
2025-11-08 04:58:34,560 -   - Response ID: None
2025-11-08 04:58:34,560 - ============================================================
2025-11-08 04:58:34,560 - [Metric] response: None, first text delay: None, first audio delay: None
2025-11-08 04:58:34,561 - ✓ [语音识别] 完成
2025-11-08 04:58:34,561 - 
============================================================
2025-11-08 04:58:34,561 - 处理文件: 2.m4a
2025-11-08 04:58:34,561 - ============================================================
2025-11-08 04:58:34,562 - 正在提取音频: ./test/考核点3：语音识别与语义理解/2.m4a...
2025-11-08 04:58:34,628 - ✓ 音频提取完成: 1458472 字节
2025-11-08 04:58:34,628 - 音频提取耗时: 0.067s
2025-11-08 04:58:34,629 - [语音识别] 开始...
2025-11-08 04:58:34,786 - 
[音频转录] 就像刚刚说的那样。

2025-11-08 04:58:34,786 - Websocket connected
2025-11-08 04:58:34,786 - ✓ 会话创建成功: sess_Ov54gFQlKQcccdCTfJIMv

2025-11-08 04:58:34,830 - ✓ 连接已建立

2025-11-08 04:58:34,859 - 
============================================================
2025-11-08 04:58:34,860 - [响应完成]
2025-11-08 04:58:34,860 - [性能指标]
2025-11-08 04:58:34,860 -   - Response ID: None
2025-11-08 04:58:34,860 - ============================================================
2025-11-08 04:58:34,861 - [Metric] response: None, first text delay: None, first audio delay: None
2025-11-08 04:58:35,331 - [语音识别] 发送音频数据...
2025-11-08 04:58:35,611 - [语音识别] 请求 AI 分析...
2025-11-08 04:58:35,822 - 
[音频转录] 什么吗。

2025-11-08 04:58:35,878 - 
============================================================
2025-11-08 04:58:35,878 - [响应完成]
2025-11-08 04:58:35,879 - [性能指标]
2025-11-08 04:58:35,879 -   - Response ID: None
2025-11-08 04:58:35,879 - ============================================================
2025-11-08 04:58:35,879 - [Metric] response: None, first text delay: None, first audio delay: None
2025-11-08 04:58:35,879 - ✓ [语音识别] 完成
2025-11-08 04:58:35,880 - 
============================================================
2025-11-08 04:58:35,880 - 处理文件: 3.m4a
2025-11-08 04:58:35,880 - ============================================================
2025-11-08 04:58:35,880 - 正在提取音频: ./test/考核点3：语音识别与语义理解/3.m4a...
2025-11-08 04:58:35,937 - ✓ 音频提取完成: 835542 字节
2025-11-08 04:58:35,937 - 音频提取耗时: 0.057s
2025-11-08 04:58:35,937 - [语音识别] 开始...
2025-11-08 04:58:36,095 - Websocket connected
2025-11-08 04:58:36,096 - ✓ 会话创建成功: sess_RKqYC82fqdiLWvCpkX6Py

2025-11-08 04:58:36,138 - ✓ 连接已建立

2025-11-08 04:58:36,639 - [语音识别] 发送音频数据...
2025-11-08 04:58:36,642 - 
[AI 分析开始]

2025-11-08 04:58:36,830 - [语音识别] 请求 AI 分析...
2025-11-08 04:58:38,351 - 
[音频转录] 啊，普洱哦普洱，然后它有什么功能呀？它就会出这个。

2025-11-08 04:58:38,388 - 
[音频转录] 导弹发射导弹发射，然后他怎么拯救地球呀？他就是用第三三拼破的。

2025-11-08 04:58:38,416 - 
============================================================
2025-11-08 04:58:38,416 - [响应完成]
2025-11-08 04:58:38,416 - [性能指标]
2025-11-08 04:58:38,416 -   - Response ID: None
2025-11-08 04:58:38,417 - ============================================================
2025-11-08 04:58:38,417 - [Metric] response: None, first text delay: None, first audio delay: None
2025-11-08 04:58:38,417 - ✓ [语音识别] 完成
2025-11-08 04:58:38,417 - 
============================================================
2025-11-08 04:58:38,417 - 处理文件: 4.m4a
2025-11-08 04:58:38,417 - ============================================================
2025-11-08 04:58:38,418 - 正在提取音频: ./test/考核点3：语音识别与语义理解/4.m4a...
2025-11-08 04:58:38,454 - 
============================================================
2025-11-08 04:58:38,455 - [响应完成]
2025-11-08 04:58:38,455 - 无法解析为JSON, 原始文本: ```json{
 "trans
2025-11-08 04:58:38,455 - [性能指标]
2025-11-08 04:58:38,455 -   - Response ID: None
2025-11-08 04:58:38,456 - ============================================================
2025-11-08 04:58:38,456 - [Metric] response: resp_WmrEd1j3qGugOImQNRYwo, first text delay: None, first audio delay: None
2025-11-08 04:58:38,459 - ✓ 音频提取完成: 279894 字节
2025-11-08 04:58:38,459 - 音频提取耗时: 0.041s
2025-11-08 04:58:38,459 - [语音识别] 开始...
2025-11-08 04:58:38,606 - Websocket connected
2025-11-08 04:58:38,607 - ✓ 会话创建成功: sess_JFmYVMqYCqtQ8OlvxNMdH

2025-11-08 04:58:38,661 - ✓ 连接已建立

2025-11-08 04:58:39,162 - [语音识别] 发送音频数据...
2025-11-08 04:58:39,167 - [语音识别] 请求 AI 分析...
2025-11-08 04:58:39,520 - 
============================================================
2025-11-08 04:58:39,520 - [响应完成]
2025-11-08 04:58:39,520 - [性能指标]
2025-11-08 04:58:39,520 -   - Response ID: None
2025-11-08 04:58:39,521 - ============================================================
2025-11-08 04:58:39,521 - [Metric] response: None, first text delay: None, first audio delay: None
2025-11-08 04:58:39,521 - ✓ [语音识别] 完成
2025-11-08 04:58:39,521 - 
============================================================
2025-11-08 04:58:39,522 -                          儿童语音识别评估结果                         
2025-11-08 04:58:39,522 - ============================================================
2025-11-08 04:58:39,522 - 
处理文件总数: 3
2025-11-08 04:58:39,522 - 
------------------------------------------------------------
2025-11-08 04:58:39,522 - 详细结果:
2025-11-08 04:58:39,522 - ------------------------------------------------------------
2025-11-08 04:58:39,522 - 
[1/3] 📁 1.mp4
2025-11-08 04:58:39,522 -   🎤 原始转录: 你可以自己再说一遍吗？
2025-11-08 04:58:39,523 -   ✗ 无法解析分析结果: Expecting value: line 1 column 1 (char 0)
2025-11-08 04:58:39,523 - ------------------------------------------------------------
2025-11-08 04:58:39,523 - 
[2/3] 📁 2.m4a
2025-11-08 04:58:39,523 -   🎤 原始转录: 什么吗。
2025-11-08 04:58:39,523 -   ✗ 无法解析分析结果: Expecting value: line 1 column 1 (char 0)
2025-11-08 04:58:39,523 - ------------------------------------------------------------
2025-11-08 04:58:39,524 - 
[3/3] 📁 3.m4a
2025-11-08 04:58:39,524 -   🎤 原始转录: 啊，普洱哦普洱，然后它有什么功能呀？它就会出这个。
2025-11-08 04:58:39,524 -   ✗ 无法解析分析结果: Expecting value: line 1 column 1 (char 0)
2025-11-08 04:58:39,525 - ------------------------------------------------------------
2025-11-08 04:58:39,525 - 
============================================================
2025-11-08 04:58:39,525 -                             统计摘要                            
2025-11-08 04:58:39,525 - ============================================================
2025-11-08 04:58:39,525 - ✅ 成功解析: 0/3 (0.0%)
2025-11-08 04:58:39,525 - 📊 平均置信度: 0.00%
2025-11-08 04:58:39,525 - 🔑 平均关键词数: 0.0个
2025-11-08 04:58:39,525 - ============================================================
2025-11-08 04:58:39,527 - 
💾 评估结果已保存到: ./eval_results_asr.json
2025-11-08 04:58:39,527 - ============================================================
2025-11-08 04:58:39,527 - 
============================================================
2025-11-08 04:58:39,528 -                            耗时统计汇总                           
2025-11-08 04:58:39,528 - 处理文件数: 3
2025-11-08 04:58:39,528 - 总发送耗时: 0.763s (平均 0.254s/文件)
2025-11-08 04:58:39,528 - 总等待耗时: 2.319s (平均 0.773s/文件)
2025-11-08 04:58:39,528 - 总推理耗时: 3.083s (平均 1.028s/文件)
2025-11-08 04:58:39,528 - ============================================================
2025-11-08 05:00:09,965 - ============================================================
2025-11-08 05:00:09,965 -                         儿童语音识别与理解系统                         
2025-11-08 05:00:09,965 - ============================================================
2025-11-08 05:00:09,969 - 加载到的配置: sk-9b155a5...
2025-11-08 05:00:09,969 - 评估模式已启用。
2025-11-08 05:00:09,970 - 在 ./test/考核点3：语音识别与语义理解/ 中找到 4 个音频文件
2025-11-08 05:00:09,970 - 
============================================================
2025-11-08 05:00:09,970 - 处理文件: 1.mp4
2025-11-08 05:00:09,971 - ============================================================
2025-11-08 05:00:09,971 - 正在提取音频: ./test/考核点3：语音识别与语义理解/1.mp4...
2025-11-08 05:00:10,083 - ✓ 音频提取完成: 2072288 字节
2025-11-08 05:00:10,083 - 音频提取耗时: 0.112s
2025-11-08 05:00:10,083 - [语音识别] 开始...
2025-11-08 05:00:10,331 - Websocket connected
2025-11-08 05:00:10,332 - ✓ 会话创建成功: sess_MnRSVam8m97kpdeKSSrvu

2025-11-08 05:00:10,375 - ✓ 连接已建立

2025-11-08 05:00:10,876 - [语音识别] 发送音频数据...
2025-11-08 05:00:11,177 - [语音识别] 请求 AI 分析...
2025-11-08 05:00:11,499 - 
[音频转录] 你可以自己再说一遍吗？

2025-11-08 05:00:11,576 - 
============================================================
2025-11-08 05:00:11,577 - [响应完成]
2025-11-08 05:00:11,577 - [性能指标]
2025-11-08 05:00:11,577 -   - Response ID: None
2025-11-08 05:00:11,577 - ============================================================
2025-11-08 05:00:11,577 - [Metric] response: None, first text delay: None, first audio delay: None
2025-11-08 05:00:11,577 - ✓ [语音识别] 完成
2025-11-08 05:00:11,577 - 
============================================================
2025-11-08 05:00:11,578 - 处理文件: 2.m4a
2025-11-08 05:00:11,578 - ============================================================
2025-11-08 05:00:11,578 - 正在提取音频: ./test/考核点3：语音识别与语义理解/2.m4a...
2025-11-08 05:00:11,654 - ✓ 音频提取完成: 1458472 字节
2025-11-08 05:00:11,654 - 音频提取耗时: 0.076s
2025-11-08 05:00:11,655 - [语音识别] 开始...
2025-11-08 05:00:11,817 - Websocket connected
2025-11-08 05:00:11,818 - ✓ 会话创建成功: sess_KT8Th3zYQFnjGFkjFmjtz

2025-11-08 05:00:11,827 - 
[音频转录] 就像刚刚说的那样。

2025-11-08 05:00:11,856 - ✓ 连接已建立

2025-11-08 05:00:11,892 - 
============================================================
2025-11-08 05:00:11,893 - [响应完成]
2025-11-08 05:00:11,893 - [性能指标]
2025-11-08 05:00:11,893 -   - Response ID: None
2025-11-08 05:00:11,893 - ============================================================
2025-11-08 05:00:11,893 - [Metric] response: None, first text delay: None, first audio delay: None
2025-11-08 05:00:12,357 - [语音识别] 发送音频数据...
2025-11-08 05:00:12,614 - [语音识别] 请求 AI 分析...
2025-11-08 05:00:12,941 - 
[音频转录] 你做的这个是什么吗？

2025-11-08 05:00:13,067 - 
============================================================
2025-11-08 05:00:13,067 - [响应完成]
2025-11-08 05:00:13,067 - [性能指标]
2025-11-08 05:00:13,068 -   - Response ID: None
2025-11-08 05:00:13,068 - ============================================================
2025-11-08 05:00:13,068 - [Metric] response: None, first text delay: None, first audio delay: None
2025-11-08 05:00:13,068 - ✓ [语音识别] 完成
2025-11-08 05:00:13,069 - 
============================================================
2025-11-08 05:00:13,069 - 处理文件: 3.m4a
2025-11-08 05:00:13,069 - ============================================================
2025-11-08 05:00:13,069 - 正在提取音频: ./test/考核点3：语音识别与语义理解/3.m4a...
2025-11-08 05:00:13,127 - ✓ 音频提取完成: 835542 字节
2025-11-08 05:00:13,127 - 音频提取耗时: 0.058s
2025-11-08 05:00:13,127 - [语音识别] 开始...
2025-11-08 05:00:13,268 - Websocket connected
2025-11-08 05:00:13,268 - ✓ 会话创建成功: sess_KASC5pHCQqWmsFPLJmNTi

2025-11-08 05:00:13,329 - ✓ 连接已建立

2025-11-08 05:00:13,830 - [语音识别] 发送音频数据...
2025-11-08 05:00:14,002 - [语音识别] 请求 AI 分析...
2025-11-08 05:00:15,530 - 
[音频转录] 导弹发射导弹发射，然后他怎么拯救地球呀？他就是用第三三拼破的。

2025-11-08 05:00:15,629 - 
============================================================
2025-11-08 05:00:15,629 - [响应完成]
2025-11-08 05:00:15,629 - [性能指标]
2025-11-08 05:00:15,630 -   - Response ID: None
2025-11-08 05:00:15,630 - ============================================================
2025-11-08 05:00:15,630 - [Metric] response: None, first text delay: None, first audio delay: None
2025-11-08 05:00:15,879 - 
[音频转录] 叫什么名字？他叫普洱哦，普洱，然后他有什么功能呀？他就会出这个。

2025-11-08 05:00:15,965 - 
============================================================
2025-11-08 05:00:15,965 - [响应完成]
2025-11-08 05:00:15,966 - [性能指标]
2025-11-08 05:00:15,966 -   - Response ID: None
2025-11-08 05:00:15,966 - ============================================================
2025-11-08 05:00:15,966 - [Metric] response: None, first text delay: None, first audio delay: None
2025-11-08 05:00:15,966 - ✓ [语音识别] 完成
2025-11-08 05:00:15,967 - 
============================================================
2025-11-08 05:00:15,967 - 处理文件: 4.m4a
2025-11-08 05:00:15,967 - ============================================================
2025-11-08 05:00:15,968 - 正在提取音频: ./test/考核点3：语音识别与语义理解/4.m4a...
2025-11-08 05:00:16,012 - ✓ 音频提取完成: 279894 字节
2025-11-08 05:00:16,013 - 音频提取耗时: 0.045s
2025-11-08 05:00:16,013 - [语音识别] 开始...
2025-11-08 05:00:16,167 - Websocket connected
2025-11-08 05:00:16,168 - ✓ 会话创建成功: sess_FMN1MojmQrzXIm9X7dyVK

2025-11-08 05:00:16,214 - ✓ 连接已建立

2025-11-08 05:00:16,716 - [语音识别] 发送音频数据...
2025-11-08 05:00:16,722 - [语音识别] 请求 AI 分析...
2025-11-08 05:00:17,094 - 
============================================================
2025-11-08 05:00:17,095 - [响应完成]
2025-11-08 05:00:17,095 - [性能指标]
2025-11-08 05:00:17,095 -   - Response ID: None
2025-11-08 05:00:17,095 - ============================================================
2025-11-08 05:00:17,095 - [Metric] response: None, first text delay: None, first audio delay: None
2025-11-08 05:00:17,096 - ✓ [语音识别] 完成
2025-11-08 05:00:17,096 - 
============================================================
2025-11-08 05:00:17,096 -                          儿童语音识别评估结果                         
2025-11-08 05:00:17,096 - ============================================================
2025-11-08 05:00:17,096 - 
处理文件总数: 3
2025-11-08 05:00:17,097 - 
------------------------------------------------------------
2025-11-08 05:00:17,097 - 详细结果:
2025-11-08 05:00:17,097 - ------------------------------------------------------------
2025-11-08 05:00:17,097 - 
[1/3] 📁 1.mp4
2025-11-08 05:00:17,097 -   🎤 原始转录: 你可以自己再说一遍吗？
2025-11-08 05:00:17,098 -   ✗ 无法解析分析结果: Expecting value: line 1 column 1 (char 0)
2025-11-08 05:00:17,098 - ------------------------------------------------------------
2025-11-08 05:00:17,098 - 
[2/3] 📁 2.m4a
2025-11-08 05:00:17,098 -   🎤 原始转录: 你做的这个是什么吗？
2025-11-08 05:00:17,099 -   ✗ 无法解析分析结果: Expecting value: line 1 column 1 (char 0)
2025-11-08 05:00:17,099 - ------------------------------------------------------------
2025-11-08 05:00:17,099 - 
[3/3] 📁 3.m4a
2025-11-08 05:00:17,099 -   🎤 原始转录: 叫什么名字？他叫普洱哦，普洱，然后他有什么功能呀？他就会出这个。
2025-11-08 05:00:17,100 -   ✗ 无法解析分析结果: Expecting value: line 1 column 1 (char 0)
2025-11-08 05:00:17,100 - ------------------------------------------------------------
2025-11-08 05:00:17,100 - 
============================================================
2025-11-08 05:00:17,100 -                             统计摘要                            
2025-11-08 05:00:17,100 - ============================================================
2025-11-08 05:00:17,101 - ✅ 成功解析: 0/3 (0.0%)
2025-11-08 05:00:17,101 - 📊 平均置信度: 0.00%
2025-11-08 05:00:17,101 - 🔑 平均关键词数: 0.0个
2025-11-08 05:00:17,101 - ============================================================
2025-11-08 05:00:17,102 - 
💾 评估结果已保存到: ./eval_results_asr.json
2025-11-08 05:00:17,102 - ============================================================
2025-11-08 05:00:17,102 - 
============================================================
2025-11-08 05:00:17,102 -                            耗时统计汇总                           
2025-11-08 05:00:17,103 - 处理文件数: 3
2025-11-08 05:00:17,103 - 总发送耗时: 0.730s (平均 0.243s/文件)
2025-11-08 05:00:17,103 - 总等待耗时: 2.817s (平均 0.939s/文件)
2025-11-08 05:00:17,103 - 总推理耗时: 3.547s (平均 1.182s/文件)
2025-11-08 05:00:17,103 - ============================================================
2025-11-08 05:01:09,058 - ============================================================
2025-11-08 05:01:09,058 -                         儿童语音识别与理解系统                         
2025-11-08 05:01:09,059 - ============================================================
2025-11-08 05:01:09,063 - 加载到的配置: sk-9b155a5...
2025-11-08 05:01:09,063 - 评估模式已启用。
2025-11-08 05:01:09,064 - 在 ./test/考核点3：语音识别与语义理解/ 中找到 4 个音频文件
2025-11-08 05:01:09,064 - 
============================================================
2025-11-08 05:01:09,064 - 处理文件: 1.mp4
2025-11-08 05:01:09,064 - ============================================================
2025-11-08 05:01:09,065 - 正在提取音频: ./test/考核点3：语音识别与语义理解/1.mp4...
2025-11-08 05:01:09,177 - ✓ 音频提取完成: 2072288 字节
2025-11-08 05:01:09,177 - 音频提取耗时: 0.113s
2025-11-08 05:01:09,178 - [语音识别] 开始...
2025-11-08 05:01:09,497 - Websocket connected
2025-11-08 05:01:09,498 - ✓ 会话创建成功: sess_PUjAmAdrprEZGcoKu8lhG

2025-11-08 05:01:09,569 - ✓ 连接已建立

2025-11-08 05:01:10,070 - [语音识别] 发送音频数据...
2025-11-08 05:01:10,356 - [语音识别] 请求 AI 分析...
2025-11-08 05:01:11,542 - 
[音频转录] 你可以自己再说一次吗？就像刚刚说的那样。

2025-11-08 05:01:11,604 - 
============================================================
2025-11-08 05:01:11,604 - [响应完成]
2025-11-08 05:01:11,604 - [性能指标]
2025-11-08 05:01:11,605 -   - Response ID: None
2025-11-08 05:01:11,605 - ============================================================
2025-11-08 05:01:11,605 - [Metric] response: None, first text delay: None, first audio delay: None
2025-11-08 05:01:11,605 - ✓ [语音识别] 完成
2025-11-08 05:01:11,606 - 
============================================================
2025-11-08 05:01:11,606 - 处理文件: 2.m4a
2025-11-08 05:01:11,606 - ============================================================
2025-11-08 05:01:11,607 - 正在提取音频: ./test/考核点3：语音识别与语义理解/2.m4a...
2025-11-08 05:01:11,677 - ✓ 音频提取完成: 1458472 字节
2025-11-08 05:01:11,678 - 音频提取耗时: 0.071s
2025-11-08 05:01:11,678 - [语音识别] 开始...
2025-11-08 05:01:11,830 - Websocket connected
2025-11-08 05:01:11,833 - ✓ 会话创建成功: sess_LI2mCJuuZx2AY8ZfK2oQi

2025-11-08 05:01:11,879 - ✓ 连接已建立

2025-11-08 05:01:12,380 - [语音识别] 发送音频数据...
2025-11-08 05:01:12,620 - [语音识别] 请求 AI 分析...
2025-11-08 05:01:13,012 - 
[音频转录] 你做的这个是什么吗？

2025-11-08 05:01:13,094 - 
============================================================
2025-11-08 05:01:13,094 - [响应完成]
2025-11-08 05:01:13,094 - [性能指标]
2025-11-08 05:01:13,095 -   - Response ID: None
2025-11-08 05:01:13,095 - ============================================================
2025-11-08 05:01:13,095 - [Metric] response: None, first text delay: None, first audio delay: None
2025-11-08 05:01:13,095 - ✓ [语音识别] 完成
2025-11-08 05:01:13,096 - 
============================================================
2025-11-08 05:01:13,096 - 处理文件: 3.m4a
2025-11-08 05:01:13,096 - ============================================================
2025-11-08 05:01:13,097 - 正在提取音频: ./test/考核点3：语音识别与语义理解/3.m4a...
2025-11-08 05:01:13,158 - ✓ 音频提取完成: 835542 字节
2025-11-08 05:01:13,158 - 音频提取耗时: 0.061s
2025-11-08 05:01:13,158 - [语音识别] 开始...
2025-11-08 05:01:13,312 - Websocket connected
2025-11-08 05:01:13,313 - ✓ 会话创建成功: sess_KvNNSvqoYCD5wjXzhTuQW

2025-11-08 05:01:13,360 - ✓ 连接已建立

2025-11-08 05:01:13,861 - [语音识别] 发送音频数据...
2025-11-08 05:01:14,095 - [语音识别] 请求 AI 分析...
2025-11-08 05:01:15,939 - 
[音频转录] 叫什么名字？他叫普洱哦，普洱，然后他有什么功能呀？他就会出这个。

2025-11-08 05:01:15,978 - 
============================================================
2025-11-08 05:01:15,978 - [响应完成]
2025-11-08 05:01:15,978 - [性能指标]
2025-11-08 05:01:15,979 -   - Response ID: None
2025-11-08 05:01:15,979 - ============================================================
2025-11-08 05:01:15,979 - [Metric] response: None, first text delay: None, first audio delay: None
2025-11-08 05:01:15,979 - ✓ [语音识别] 完成
2025-11-08 05:01:15,979 - 
============================================================
2025-11-08 05:01:15,979 - 处理文件: 4.m4a
2025-11-08 05:01:15,979 - ============================================================
2025-11-08 05:01:15,979 - 正在提取音频: ./test/考核点3：语音识别与语义理解/4.m4a...
2025-11-08 05:01:16,018 - ✓ 音频提取完成: 279894 字节
2025-11-08 05:01:16,018 - 音频提取耗时: 0.038s
2025-11-08 05:01:16,018 - [语音识别] 开始...
2025-11-08 05:01:16,168 - Websocket connected
2025-11-08 05:01:16,169 - ✓ 会话创建成功: sess_Unt8NEGSt4mZsmVC8vcl5

2025-11-08 05:01:16,219 - ✓ 连接已建立

2025-11-08 05:01:16,720 - [语音识别] 发送音频数据...
2025-11-08 05:01:16,728 - [语音识别] 请求 AI 分析...
2025-11-08 05:01:17,141 - 
============================================================
2025-11-08 05:01:17,141 - [响应完成]
2025-11-08 05:01:17,141 - [性能指标]
2025-11-08 05:01:17,142 -   - Response ID: None
2025-11-08 05:01:17,142 - ============================================================
2025-11-08 05:01:17,142 - [Metric] response: None, first text delay: None, first audio delay: None
2025-11-08 05:01:17,142 - ✓ [语音识别] 完成
2025-11-08 05:01:17,142 - 
============================================================
2025-11-08 05:01:17,142 -                          儿童语音识别评估结果                         
2025-11-08 05:01:17,142 - ============================================================
2025-11-08 05:01:17,143 - 
处理文件总数: 3
2025-11-08 05:01:17,143 - 
------------------------------------------------------------
2025-11-08 05:01:17,143 - 详细结果:
2025-11-08 05:01:17,143 - ------------------------------------------------------------
2025-11-08 05:01:17,143 - 
[1/3] 📁 1.mp4
2025-11-08 05:01:17,143 -   🎤 原始转录: 你可以自己再说一次吗？就像刚刚说的那样。
2025-11-08 05:01:17,143 -   ✗ 无法解析分析结果: Expecting value: line 1 column 1 (char 0)
2025-11-08 05:01:17,143 - ------------------------------------------------------------
2025-11-08 05:01:17,144 - 
[2/3] 📁 2.m4a
2025-11-08 05:01:17,144 -   🎤 原始转录: 你做的这个是什么吗？
2025-11-08 05:01:17,144 -   ✗ 无法解析分析结果: Expecting value: line 1 column 1 (char 0)
2025-11-08 05:01:17,144 - ------------------------------------------------------------
2025-11-08 05:01:17,144 - 
[3/3] 📁 3.m4a
2025-11-08 05:01:17,144 -   🎤 原始转录: 叫什么名字？他叫普洱哦，普洱，然后他有什么功能呀？他就会出这个。
2025-11-08 05:01:17,144 -   ✗ 无法解析分析结果: Expecting value: line 1 column 1 (char 0)
2025-11-08 05:01:17,144 - ------------------------------------------------------------
2025-11-08 05:01:17,144 - 
============================================================
2025-11-08 05:01:17,144 -                             统计摘要                            
2025-11-08 05:01:17,145 - ============================================================
2025-11-08 05:01:17,145 - ✅ 成功解析: 0/3 (0.0%)
2025-11-08 05:01:17,145 - 📊 平均置信度: 0.00%
2025-11-08 05:01:17,145 - 🔑 平均关键词数: 0.0个
2025-11-08 05:01:17,145 - ============================================================
2025-11-08 05:01:17,146 - 
💾 评估结果已保存到: ./eval_results_asr.json
2025-11-08 05:01:17,146 - ============================================================
2025-11-08 05:01:17,146 - 
============================================================
2025-11-08 05:01:17,146 -                            耗时统计汇总                           
2025-11-08 05:01:17,146 - 处理文件数: 3
2025-11-08 05:01:17,146 - 总发送耗时: 0.761s (平均 0.254s/文件)
2025-11-08 05:01:17,147 - 总等待耗时: 3.607s (平均 1.202s/文件)
2025-11-08 05:01:17,147 - 总推理耗时: 4.367s (平均 1.456s/文件)
2025-11-08 05:01:17,147 - ============================================================
2025-11-08 05:03:07,297 - ============================================================
2025-11-08 05:03:07,297 -                         儿童语音识别与理解系统                         
2025-11-08 05:03:07,298 - ============================================================
2025-11-08 05:03:07,302 - 加载到的配置: sk-9b155a5...
2025-11-08 05:03:07,303 - 评估模式已启用。
2025-11-08 05:03:07,303 - 在 ./test/考核点3：语音识别与语义理解/ 中找到 4 个音频文件
2025-11-08 05:03:07,303 - 
============================================================
2025-11-08 05:03:07,303 - 处理文件: 1.mp4
2025-11-08 05:03:07,304 - ============================================================
2025-11-08 05:03:07,304 - 正在提取音频: ./test/考核点3：语音识别与语义理解/1.mp4...
2025-11-08 05:03:07,416 - ✓ 音频提取完成: 2072288 字节
2025-11-08 05:03:07,416 - 音频提取耗时: 0.113s
2025-11-08 05:03:07,417 - [语音识别] 开始...
2025-11-08 05:03:07,668 - Websocket connected
2025-11-08 05:03:07,669 - ✓ 会话创建成功: sess_CDPivENuUHYDI8VFlY7DR

2025-11-08 05:03:07,706 - ✓ 连接已建立

2025-11-08 05:03:08,208 - [语音识别] 发送音频数据...
2025-11-08 05:03:08,529 - [语音识别] 请求 AI 分析...
2025-11-08 05:03:09,601 - 
[AI 分析开始]

2025-11-08 05:03:10,661 - 
[音频转录] 你可以自己再说一次吗？就像刚刚说的那样，这个这个有什么样的能力啊？

2025-11-08 05:03:10,819 - 
[AI 分析开始]

2025-11-08 05:03:10,844 - 
============================================================
2025-11-08 05:03:10,844 - [响应完成]
2025-11-08 05:03:10,845 - 无法解析为JSON, 原始文本: ```
2025-11-08 05:03:10,845 - [性能指标]
2025-11-08 05:03:10,845 -   - Response ID: resp_CtwK4H4hoOJ9ATgz9hjsd
2025-11-08 05:03:10,845 - ============================================================
2025-11-08 05:03:10,846 - [Metric] response: resp_CtwK4H4hoOJ9ATgz9hjsd, first text delay: None, first audio delay: None
2025-11-08 05:03:10,846 - ✓ [语音识别] 完成
2025-11-08 05:03:10,847 - 
============================================================
2025-11-08 05:03:10,847 - 处理文件: 2.m4a
2025-11-08 05:03:10,847 - ============================================================
2025-11-08 05:03:10,847 - 正在提取音频: ./test/考核点3：语音识别与语义理解/2.m4a...
2025-11-08 05:03:10,927 - ✓ 音频提取完成: 1458472 字节
2025-11-08 05:03:10,928 - 音频提取耗时: 0.081s
2025-11-08 05:03:10,928 - [语音识别] 开始...
2025-11-08 05:03:11,629 - Websocket connected
2025-11-08 05:03:11,630 - ✓ 会话创建成功: sess_GFYLHA8Cu7qNpVI1lrmed

2025-11-08 05:03:11,632 - ✓ 连接已建立

2025-11-08 05:03:12,133 - [语音识别] 发送音频数据...
2025-11-08 05:03:12,370 - [语音识别] 请求 AI 分析...
2025-11-08 05:03:13,089 - 
[AI 分析开始]

2025-11-08 05:03:16,023 - 
[音频转录] 你做的这个是什么吗？导弹发射导弹发射，然后他怎么拯救地球呀？他就是用第三三拼过宝。

2025-11-08 05:03:16,088 - 
============================================================
2025-11-08 05:03:16,088 - [响应完成]
2025-11-08 05:03:16,088 - 无法解析为JSON, 原始文本: 来看
2025-11-08 05:03:16,088 - [性能指标]
2025-11-08 05:03:16,088 -   - Response ID: resp_FYXk4MjiZGyBJKAWYGp3m
2025-11-08 05:03:16,088 - ============================================================
2025-11-08 05:03:16,089 - [Metric] response: resp_FYXk4MjiZGyBJKAWYGp3m, first text delay: None, first audio delay: None
2025-11-08 05:03:16,089 - ✓ [语音识别] 完成
2025-11-08 05:03:16,089 - 
============================================================
2025-11-08 05:03:16,090 - 处理文件: 3.m4a
2025-11-08 05:03:16,090 - ============================================================
2025-11-08 05:03:16,090 - 正在提取音频: ./test/考核点3：语音识别与语义理解/3.m4a...
2025-11-08 05:03:16,150 - ✓ 音频提取完成: 835542 字节
2025-11-08 05:03:16,151 - 音频提取耗时: 0.061s
2025-11-08 05:03:16,151 - [语音识别] 开始...
2025-11-08 05:03:16,294 - Websocket connected
2025-11-08 05:03:16,295 - ✓ 会话创建成功: sess_B5bhc6fITNDmTjIpIPbx4

2025-11-08 05:03:16,352 - ✓ 连接已建立

2025-11-08 05:03:16,853 - [语音识别] 发送音频数据...
2025-11-08 05:03:17,036 - [语音识别] 请求 AI 分析...
2025-11-08 05:03:17,611 - 
[AI 分析开始]

2025-11-08 05:03:20,986 - 
[音频转录] 叫什么名字？他叫普洱哦，普洱，然后他有什么功能呀？他就会吐这个，这个是另一个小朋友做的。你的作品有什么功能呀？他的准是。

2025-11-08 05:03:21,028 - 
============================================================
2025-11-08 05:03:21,029 - [响应完成]
2025-11-08 05:03:21,029 - 无法解析为JSON, 原始文本: ```json{

2025-11-08 05:03:21,029 - [性能指标]
2025-11-08 05:03:21,029 -   - Response ID: resp_ZJCVWuvXB2emN24ySM1Vz
2025-11-08 05:03:21,029 - ============================================================
2025-11-08 05:03:21,030 - [Metric] response: resp_ZJCVWuvXB2emN24ySM1Vz, first text delay: None, first audio delay: None
2025-11-08 05:03:21,030 - ✓ [语音识别] 完成
2025-11-08 05:03:21,030 - 
============================================================
2025-11-08 05:03:21,030 - 处理文件: 4.m4a
2025-11-08 05:03:21,031 - ============================================================
2025-11-08 05:03:21,031 - 正在提取音频: ./test/考核点3：语音识别与语义理解/4.m4a...
2025-11-08 05:03:21,070 - ✓ 音频提取完成: 279894 字节
2025-11-08 05:03:21,070 - 音频提取耗时: 0.039s
2025-11-08 05:03:21,071 - [语音识别] 开始...
2025-11-08 05:03:21,229 - Websocket connected
2025-11-08 05:03:21,230 - ✓ 会话创建成功: sess_KmKgOATypTJN3lC3K3lM2

2025-11-08 05:03:21,272 - ✓ 连接已建立

2025-11-08 05:03:21,774 - [语音识别] 发送音频数据...
2025-11-08 05:03:21,779 - [语音识别] 请求 AI 分析...
2025-11-08 05:03:22,160 - 
============================================================
2025-11-08 05:03:22,160 - [响应完成]
2025-11-08 05:03:22,160 - [性能指标]
2025-11-08 05:03:22,161 -   - Response ID: None
2025-11-08 05:03:22,161 - ============================================================
2025-11-08 05:03:22,161 - [Metric] response: None, first text delay: None, first audio delay: None
2025-11-08 05:03:22,161 - ✓ [语音识别] 完成
2025-11-08 05:03:22,161 - 
============================================================
2025-11-08 05:03:22,162 -                          儿童语音识别评估结果                         
2025-11-08 05:03:22,162 - ============================================================
2025-11-08 05:03:22,162 - 
处理文件总数: 3
2025-11-08 05:03:22,162 - 
------------------------------------------------------------
2025-11-08 05:03:22,163 - 详细结果:
2025-11-08 05:03:22,163 - ------------------------------------------------------------
2025-11-08 05:03:22,163 - 
[1/3] 📁 1.mp4
2025-11-08 05:03:22,163 -   🎤 原始转录: 你可以自己再说一次吗？就像刚刚说的那样，这个这个有什么样的能力啊？
2025-11-08 05:03:22,164 -   ✗ 无法解析分析结果: Expecting value: line 1 column 1 (char 0)
2025-11-08 05:03:22,164 - ------------------------------------------------------------
2025-11-08 05:03:22,164 - 
[2/3] 📁 2.m4a
2025-11-08 05:03:22,165 -   🎤 原始转录: 你做的这个是什么吗？导弹发射导弹发射，然后他怎么拯救地球呀？他就是用第三三拼过宝。
2025-11-08 05:03:22,165 -   ✗ 无法解析分析结果: Expecting value: line 1 column 1 (char 0)
2025-11-08 05:03:22,165 - ------------------------------------------------------------
2025-11-08 05:03:22,165 - 
[3/3] 📁 3.m4a
2025-11-08 05:03:22,165 -   🎤 原始转录: 叫什么名字？他叫普洱哦，普洱，然后他有什么功能呀？他就会吐这个，这个是另一个小朋友做的。你的作品有什么功能呀？他的准是。
2025-11-08 05:03:22,165 -   ✗ 无法解析分析结果: Expecting value: line 1 column 1 (char 0)
2025-11-08 05:03:22,165 - ------------------------------------------------------------
2025-11-08 05:03:22,166 - 
============================================================
2025-11-08 05:03:22,166 -                             统计摘要                            
2025-11-08 05:03:22,166 - ============================================================
2025-11-08 05:03:22,166 - ✅ 成功解析: 0/3 (0.0%)
2025-11-08 05:03:22,166 - 📊 平均置信度: 0.00%
2025-11-08 05:03:22,166 - 🔑 平均关键词数: 0.0个
2025-11-08 05:03:22,167 - ============================================================
2025-11-08 05:03:22,167 - 
💾 评估结果已保存到: ./eval_results_asr.json
2025-11-08 05:03:22,168 - ============================================================
2025-11-08 05:03:22,168 - 
============================================================
2025-11-08 05:03:22,168 -                            耗时统计汇总                           
2025-11-08 05:03:22,168 - 处理文件数: 3
2025-11-08 05:03:22,168 - 总发送耗时: 0.742s (平均 0.247s/文件)
2025-11-08 05:03:22,169 - 总等待耗时: 10.027s (平均 3.342s/文件)
2025-11-08 05:03:22,169 - 总推理耗时: 10.769s (平均 3.590s/文件)
2025-11-08 05:03:22,169 - ============================================================
2025-11-08 05:04:30,850 - ============================================================
2025-11-08 05:04:30,850 -                         儿童语音识别与理解系统                         
2025-11-08 05:04:30,851 - ============================================================
2025-11-08 05:04:30,855 - 加载到的配置: sk-9b155a5...
2025-11-08 05:04:30,855 - 评估模式已启用。
2025-11-08 05:04:30,855 - 在 ./test/考核点3：语音识别与语义理解/ 中找到 4 个音频文件
2025-11-08 05:04:30,856 - 
============================================================
2025-11-08 05:04:30,856 - 处理文件: 1.mp4
2025-11-08 05:04:30,856 - ============================================================
2025-11-08 05:04:30,856 - 正在提取音频: ./test/考核点3：语音识别与语义理解/1.mp4...
2025-11-08 05:04:30,977 - ✓ 音频提取完成: 2072288 字节
2025-11-08 05:04:30,978 - 音频提取耗时: 0.122s
2025-11-08 05:04:30,978 - [语音识别] 开始...
2025-11-08 05:04:31,236 - Websocket connected
2025-11-08 05:04:31,237 - ✓ 会话创建成功: sess_M7JPInnPMMkVdkDCQ6cPX

2025-11-08 05:04:31,277 - ✓ 连接已建立

2025-11-08 05:04:31,778 - [语音识别] 发送音频数据...
2025-11-08 05:04:32,058 - [语音识别] 请求 AI 分析...
2025-11-08 05:04:32,401 - 
[音频转录] 你可以自己再说一次吗？

2025-11-08 05:04:32,494 - 
============================================================
2025-11-08 05:04:32,494 - [响应完成]
2025-11-08 05:04:32,494 - [性能指标]
2025-11-08 05:04:32,495 -   - Response ID: None
2025-11-08 05:04:32,495 - ============================================================
2025-11-08 05:04:32,495 - [Metric] response: None, first text delay: None, first audio delay: None
2025-11-08 05:04:32,495 - ✓ [语音识别] 完成
2025-11-08 05:04:32,496 - 
============================================================
2025-11-08 05:04:32,496 - 处理文件: 2.m4a
2025-11-08 05:04:32,496 - ============================================================
2025-11-08 05:04:32,496 - 正在提取音频: ./test/考核点3：语音识别与语义理解/2.m4a...
2025-11-08 05:04:32,587 - ✓ 音频提取完成: 1458472 字节
2025-11-08 05:04:32,587 - 音频提取耗时: 0.091s
2025-11-08 05:04:32,588 - [语音识别] 开始...
2025-11-08 05:04:32,754 - Websocket connected
2025-11-08 05:04:32,755 - ✓ 会话创建成功: sess_RoS1qBSkK8c9f3FJ1vSTB

2025-11-08 05:04:32,789 - ✓ 连接已建立

2025-11-08 05:04:32,790 - 
[音频转录] 就像刚刚说的那样。

2025-11-08 05:04:32,847 - 
============================================================
2025-11-08 05:04:32,847 - [响应完成]
2025-11-08 05:04:32,848 - [性能指标]
2025-11-08 05:04:32,848 -   - Response ID: None
2025-11-08 05:04:32,848 - ============================================================
2025-11-08 05:04:32,849 - [Metric] response: None, first text delay: None, first audio delay: None
2025-11-08 05:04:33,263 - 
[音频转录] 这个这个有什么样的能力啊？

2025-11-08 05:04:33,290 - [语音识别] 发送音频数据...
2025-11-08 05:04:33,430 - 
============================================================
2025-11-08 05:04:33,431 - [响应完成]
2025-11-08 05:04:33,431 - [性能指标]
2025-11-08 05:04:33,431 -   - Response ID: None
2025-11-08 05:04:33,431 - ============================================================
2025-11-08 05:04:33,432 - [Metric] response: None, first text delay: None, first audio delay: None
2025-11-08 05:04:33,558 - [语音识别] 请求 AI 分析...
2025-11-08 05:04:33,876 - 
[音频转录] 你做的这个是什么吗？

2025-11-08 05:04:33,965 - 
============================================================
2025-11-08 05:04:33,965 - [响应完成]
2025-11-08 05:04:33,966 - [性能指标]
2025-11-08 05:04:33,966 -   - Response ID: None
2025-11-08 05:04:33,966 - ============================================================
2025-11-08 05:04:33,966 - [Metric] response: None, first text delay: None, first audio delay: None
2025-11-08 05:04:33,966 - ✓ [语音识别] 完成
2025-11-08 05:04:33,967 - 
============================================================
2025-11-08 05:04:33,967 - 处理文件: 3.m4a
2025-11-08 05:04:33,967 - ============================================================
2025-11-08 05:04:33,968 - 正在提取音频: ./test/考核点3：语音识别与语义理解/3.m4a...
2025-11-08 05:04:34,027 - ✓ 音频提取完成: 835542 字节
2025-11-08 05:04:34,027 - 音频提取耗时: 0.059s
2025-11-08 05:04:34,027 - [语音识别] 开始...
2025-11-08 05:04:34,450 - Websocket connected
2025-11-08 05:04:34,450 - ✓ 会话创建成功: sess_EKnemWD2rIfE1xV3K3eao

2025-11-08 05:04:34,529 - ✓ 连接已建立

2025-11-08 05:04:34,627 - 
[AI 分析开始]

2025-11-08 05:04:34,773 - 
[音频转录] 导弹发射导弹发射，然后他怎么拯救地球呀？

2025-11-08 05:04:34,942 - 
============================================================
2025-11-08 05:04:34,943 - [响应完成]
2025-11-08 05:04:34,943 - 无法解析为JSON, 原始文本: ```json{
 "transcription": "导弹发射，然后他怎么拯救地球呀？",
 "raw_transcription": "导弹发射，然后
2025-11-08 05:04:34,943 - [性能指标]
2025-11-08 05:04:34,944 -   - Response ID: None
2025-11-08 05:04:34,944 - ============================================================
2025-11-08 05:04:34,944 - [Metric] response: resp_EKKtgBDUraw5IW3bOp8JZ, first text delay: None, first audio delay: None
2025-11-08 05:04:35,030 - [语音识别] 发送音频数据...
2025-11-08 05:04:35,263 - [语音识别] 请求 AI 分析...
2025-11-08 05:04:35,666 - 
[音频转录] 他叫蒲啊。

2025-11-08 05:04:35,736 - 
[AI 分析开始]

2025-11-08 05:04:35,794 - 
============================================================
2025-11-08 05:04:35,794 - [响应完成]
2025-11-08 05:04:35,795 - 无法解析为JSON, 原始文本: ```json
2025-11-08 05:04:35,795 - [性能指标]
2025-11-08 05:04:35,795 -   - Response ID: resp_SAW8Sf9mOuoT8lmNWDDRa
2025-11-08 05:04:35,796 - ============================================================
2025-11-08 05:04:35,796 - [Metric] response: resp_SAW8Sf9mOuoT8lmNWDDRa, first text delay: None, first audio delay: None
2025-11-08 05:04:35,796 - ✓ [语音识别] 完成
2025-11-08 05:04:35,796 - 
============================================================
2025-11-08 05:04:35,797 - 处理文件: 4.m4a
2025-11-08 05:04:35,797 - ============================================================
2025-11-08 05:04:35,798 - 正在提取音频: ./test/考核点3：语音识别与语义理解/4.m4a...
2025-11-08 05:04:35,869 - ✓ 音频提取完成: 279894 字节
2025-11-08 05:04:35,869 - 音频提取耗时: 0.071s
2025-11-08 05:04:35,869 - [语音识别] 开始...
2025-11-08 05:04:36,021 - Websocket connected
2025-11-08 05:04:36,021 - ✓ 会话创建成功: sess_DoRQfRqkQJUz3asuWcoQW

2025-11-08 05:04:36,071 - ✓ 连接已建立

2025-11-08 05:04:36,572 - [语音识别] 发送音频数据...
2025-11-08 05:04:36,579 - [语音识别] 请求 AI 分析...
2025-11-08 05:04:36,920 - 
============================================================
2025-11-08 05:04:36,921 - [响应完成]
2025-11-08 05:04:36,921 - [性能指标]
2025-11-08 05:04:36,921 -   - Response ID: None
2025-11-08 05:04:36,921 - ============================================================
2025-11-08 05:04:36,922 - [Metric] response: None, first text delay: None, first audio delay: None
2025-11-08 05:04:36,922 - ✓ [语音识别] 完成
2025-11-08 05:04:36,922 - 
============================================================
2025-11-08 05:04:36,922 -                          儿童语音识别评估结果                         
2025-11-08 05:04:36,922 - ============================================================
2025-11-08 05:04:36,922 - 
处理文件总数: 3
2025-11-08 05:04:36,922 - 
------------------------------------------------------------
2025-11-08 05:04:36,923 - 详细结果:
2025-11-08 05:04:36,923 - ------------------------------------------------------------
2025-11-08 05:04:36,923 - 
[1/3] 📁 1.mp4
2025-11-08 05:04:36,923 -   🎤 原始转录: 你可以自己再说一次吗？
2025-11-08 05:04:36,923 -   ✗ 无法解析分析结果: Expecting value: line 1 column 1 (char 0)
2025-11-08 05:04:36,924 - ------------------------------------------------------------
2025-11-08 05:04:36,924 - 
[2/3] 📁 2.m4a
2025-11-08 05:04:36,924 -   🎤 原始转录: 你做的这个是什么吗？
2025-11-08 05:04:36,924 -   ✗ 无法解析分析结果: Expecting value: line 1 column 1 (char 0)
2025-11-08 05:04:36,924 - ------------------------------------------------------------
2025-11-08 05:04:36,924 - 
[3/3] 📁 3.m4a
2025-11-08 05:04:36,924 -   🎤 原始转录: 他叫蒲啊。
2025-11-08 05:04:36,925 -   ✗ 无法解析分析结果: Expecting value: line 1 column 1 (char 0)
2025-11-08 05:04:36,925 - ------------------------------------------------------------
2025-11-08 05:04:36,925 - 
============================================================
2025-11-08 05:04:36,925 -                             统计摘要                            
2025-11-08 05:04:36,926 - ============================================================
2025-11-08 05:04:36,926 - ✅ 成功解析: 0/3 (0.0%)
2025-11-08 05:04:36,926 - 📊 平均置信度: 0.00%
2025-11-08 05:04:36,926 - 🔑 平均关键词数: 0.0个
2025-11-08 05:04:36,926 - ============================================================
2025-11-08 05:04:36,927 - 
💾 评估结果已保存到: ./eval_results_asr.json
2025-11-08 05:04:36,928 - ============================================================
2025-11-08 05:04:36,928 - 
============================================================
2025-11-08 05:04:36,928 -                            耗时统计汇总                           
2025-11-08 05:04:36,928 - 处理文件数: 3
2025-11-08 05:04:36,929 - 总发送耗时: 0.780s (平均 0.260s/文件)
2025-11-08 05:04:36,929 - 总等待耗时: 1.376s (平均 0.459s/文件)
2025-11-08 05:04:36,929 - 总推理耗时: 2.156s (平均 0.719s/文件)
2025-11-08 05:04:36,929 - ============================================================
2025-11-08 05:05:29,558 - ============================================================
2025-11-08 05:05:29,558 -                         儿童语音识别与理解系统                         
2025-11-08 05:05:29,559 - ============================================================
2025-11-08 05:05:29,563 - 加载到的配置: sk-9b155a5...
2025-11-08 05:05:29,564 - 评估模式已启用。
2025-11-08 05:05:29,564 - 在 ./test/考核点3：语音识别与语义理解/ 中找到 4 个音频文件
2025-11-08 05:05:29,565 - 
============================================================
2025-11-08 05:05:29,565 - 处理文件: 1.mp4
2025-11-08 05:05:29,566 - ============================================================
2025-11-08 05:05:29,566 - 正在提取音频: ./test/考核点3：语音识别与语义理解/1.mp4...
2025-11-08 05:05:29,704 - ✓ 音频提取完成: 2072288 字节
2025-11-08 05:05:29,704 - 音频提取耗时: 0.138s
2025-11-08 05:05:29,704 - [语音识别] 开始...
2025-11-08 05:05:29,990 - Websocket connected
2025-11-08 05:05:29,991 - ✓ 会话创建成功: sess_RIxrReoGYQBHQZVQj4VCV

2025-11-08 05:05:30,075 - ✓ 连接已建立

2025-11-08 05:05:30,576 - [语音识别] 发送音频数据...
2025-11-08 05:05:30,858 - [语音识别] 请求 AI 分析...
2025-11-08 05:05:32,248 - 
[音频转录] 你可以自己你可以自己再说一次吗？不相就像刚刚说的那样。那个这个这个这个这个有什么样的能力啊？你要什么颜色啊？

2025-11-08 05:05:32,805 - 
[AI 分析开始]

2025-11-08 05:05:36,097 - 
============================================================
2025-11-08 05:05:36,097 - [响应完成]
2025-11-08 05:05:36,098 - 完整JSON: {
 "transcription": "它是不是有一个嘴巴，然后把天空中的灰尘全部吸走，吸走到哪里呀？吸到这个袋子。袋子在哪里？然后它把天空中的灰尘全部吸到这里，天空就会重新变回蓝色了，对不对？那你可以重新跟他描述一次吗？这个嘴巴可以可以可以把那个灰尘吸到这个袋子里面。",
 "raw_transcription": "它是不是有一个嘴巴，然后把天空中的灰尘全部吸走，吸走到哪里呀？吸到这个袋子。袋子在哪里？然后它把天空中的灰尘全部吸到这里，天空就会重新变回蓝色了，对不对？那你可以重新跟他描述一次吗？这个嘴巴可以可以可以把那个灰尘吸到这个袋子里面。",
 "key_words": [
 "嘴巴",
 "灰尘",
 "袋子",
 "天空",
 "吸走"
 ],
 "intent": "描述",
 "emotion": "平静",
 "challenges": [
 "语速过快",
 "表达不完整",
 "重复词语"
 ],
 "context_completion": "儿童正在描述一个想象中的物品，可能是玩具或故事角色，这个物品有嘴巴，可以吸收天空中的灰尘，并将它们收集到一个袋子里，从而使天空变蓝。他似乎在向一个成人或同伴解释这个想法。",
 "confidence_score":0.9,
 "feedback": "宝贝你的想法真有创意！这个会吸灰尘的袋子把天空变得干净又美丽。能再讲讲它是什么样子的吗？"
}
2025-11-08 05:05:36,098 - [性能指标]
2025-11-08 05:05:36,099 -   - Response ID: resp_VryM3XzmKAXCyKQP13nod
2025-11-08 05:05:36,099 - ============================================================
2025-11-08 05:05:36,099 - [Metric] response: resp_VryM3XzmKAXCyKQP13nod, first text delay: None, first audio delay: None
2025-11-08 05:05:36,099 - ✓ [语音识别] 完成
2025-11-08 05:05:36,100 - 
============================================================
2025-11-08 05:05:36,100 - 处理文件: 2.m4a
2025-11-08 05:05:36,100 - ============================================================
2025-11-08 05:05:36,101 - 正在提取音频: ./test/考核点3：语音识别与语义理解/2.m4a...
2025-11-08 05:05:36,186 - ✓ 音频提取完成: 1458472 字节
2025-11-08 05:05:36,187 - 音频提取耗时: 0.086s
2025-11-08 05:05:36,187 - [语音识别] 开始...
2025-11-08 05:05:36,378 - Websocket connected
2025-11-08 05:05:36,379 - ✓ 会话创建成功: sess_HYbUWRfh1OPOiE683N5vG

2025-11-08 05:05:36,389 - ✓ 连接已建立

2025-11-08 05:05:36,890 - [语音识别] 发送音频数据...
2025-11-08 05:05:37,137 - [语音识别] 请求 AI 分析...
2025-11-08 05:05:37,464 - 
[音频转录] 你坐在这做的这个是什么吗？

2025-11-08 05:05:37,962 - 
[AI 分析开始]

2025-11-08 05:05:40,510 - 
============================================================
2025-11-08 05:05:40,510 - [响应完成]
2025-11-08 05:05:40,510 - 完整JSON: {
 "transcription": "导弹发射，它用三个冰块保护地球，让红脸蛋的丁丁用这个保护它。",
 "raw_transcription": "导弹发射，导弹发射，然后它怎么拯救地球呀？它就是用这三三个冰块保护我，然后这个这个红脸蛋也冰冰，用这个还有这个保护它。",
 "key_words": [
 "导弹",
 "发射",
 "地球",
 "冰块",
 "保护",
 "丁丁",
 "红脸蛋"
 ],
 "intent": "展示作品",
 "emotion": "兴奋",
 "challenges": [
 "表达不完整-跳跃性",
 "发音不准-平翘舌",
 "语速过快"
 ],
 "context_completion": "儿童在展示一个自己创作的科幻故事，故事主角是‘红脸蛋的丁丁’，他用三个冰块作为武器或盾牌来保护地球，防止地球变热。",
 "confidence_score":0.6,
 "feedback": "哇！你的想象力太棒了！这个红脸蛋的丁丁真勇敢，用冰块保护地球，真是个超级英雄！"
}
2025-11-08 05:05:40,511 - [性能指标]
2025-11-08 05:05:40,511 -   - Response ID: resp_A1KEmyTpkRXp5pRmVmKAd
2025-11-08 05:05:40,511 - ============================================================
2025-11-08 05:05:40,511 - [Metric] response: resp_A1KEmyTpkRXp5pRmVmKAd, first text delay: None, first audio delay: None
2025-11-08 05:05:40,511 - ✓ [语音识别] 完成
2025-11-08 05:05:40,512 - 
============================================================
2025-11-08 05:05:40,512 - 处理文件: 3.m4a
2025-11-08 05:05:40,513 - ============================================================
2025-11-08 05:05:40,513 - 正在提取音频: ./test/考核点3：语音识别与语义理解/3.m4a...
2025-11-08 05:05:40,573 - ✓ 音频提取完成: 835542 字节
2025-11-08 05:05:40,573 - 音频提取耗时: 0.060s
2025-11-08 05:05:40,573 - [语音识别] 开始...
2025-11-08 05:05:41,293 - Websocket connected
2025-11-08 05:05:41,294 - ✓ 会话创建成功: sess_XzIL55EetKe1Ms3hrDsqi

2025-11-08 05:05:41,378 - ✓ 连接已建立

2025-11-08 05:05:41,879 - [语音识别] 发送音频数据...
2025-11-08 05:05:42,064 - [语音识别] 请求 AI 分析...
2025-11-08 05:05:42,292 - 
[音频转录] 叫什么名字？

2025-11-08 05:05:42,534 - 
[AI 分析开始]

2025-11-08 05:05:45,052 - 
============================================================
2025-11-08 05:05:45,053 - [响应完成]
2025-11-08 05:05:45,053 - 完整JSON: {
 "transcription": "他叫普尔。然后他有什么功能呀？他就会吐这个。这个是另一个小朋友做的。你的作品有什么功能呀？他的嘴是他不高兴是这样子的，他高兴就是这样子，他又不高兴就是这样子的。",
 "raw_transcription": "他叫普尔。然后他有什么功能呀？他就会吐这个。这个是另一个小朋友做的。你的作品有什么功能呀？他的嘴是他不高兴是这样子的，他高兴就是这样子，他又不高兴就是这样子的。",
 "key_words": ["普尔", "功能", "作品", "不高兴", "高兴"],
 "intent": "展示作品",
 "emotion": "兴奋",
 "challenges": ["表达不完整-跳跃性", "发音不准-平翘舌"],
 "context_completion": "儿童在向他人介绍一个名叫‘普尔’的物品，并描述其不同情绪下的嘴部动作，语气中带有兴奋和自豪感。",
 "confidence_score":0.9,
 "feedback": "哇，这个‘普尔’好特别呀！它的情绪表情变化好有趣哦，谢谢你给我们看这个新作品！"
}
2025-11-08 05:05:45,053 - [性能指标]
2025-11-08 05:05:45,054 -   - Response ID: resp_Z8w4xUfRsy1oPqORm9eoZ
2025-11-08 05:05:45,054 - ============================================================
2025-11-08 05:05:45,054 - [Metric] response: resp_Z8w4xUfRsy1oPqORm9eoZ, first text delay: None, first audio delay: None
2025-11-08 05:05:45,054 - ✓ [语音识别] 完成
2025-11-08 05:05:45,054 - 
============================================================
2025-11-08 05:05:45,055 - 处理文件: 4.m4a
2025-11-08 05:05:45,055 - ============================================================
2025-11-08 05:05:45,055 - 正在提取音频: ./test/考核点3：语音识别与语义理解/4.m4a...
2025-11-08 05:05:45,098 - ✓ 音频提取完成: 279894 字节
2025-11-08 05:05:45,098 - 音频提取耗时: 0.043s
2025-11-08 05:05:45,098 - [语音识别] 开始...
2025-11-08 05:05:45,252 - Websocket connected
2025-11-08 05:05:45,252 - ✓ 会话创建成功: sess_PtKAsTL3DwmYLfNHDO6xl

2025-11-08 05:05:45,300 - ✓ 连接已建立

2025-11-08 05:05:45,801 - [语音识别] 发送音频数据...
2025-11-08 05:05:45,807 - [语音识别] 请求 AI 分析...
2025-11-08 05:05:46,281 - 
[AI 分析开始]

2025-11-08 05:05:48,217 - 
============================================================
2025-11-08 05:05:48,218 - [响应完成]
2025-11-08 05:05:48,218 - 完整JSON: {
 "transcription": "你说不满足卢卡斯的绘画或者什么，然后卢卡斯就可以吸走所有的垃圾。",
 "raw_transcription": "你说不满足卢卡斯的绘画或者什么，然后卢卡斯就可以吸走所有的垃圾。",
 "key_words": ["卢卡斯", "绘画", "吸走", "垃圾"],
 "intent": "描述",
 "emotion": "兴奋",
 "challenges": [],
 "context_completion": "儿童在描述一个与“卢卡斯”相关的虚构情境，可能是一个角色扮演游戏或想象力故事，其中卢卡斯具备通过绘画满足他人愿望并吸走垃圾的特殊能力。",
 "confidence_score":0.95,
 "feedback": "哇，卢卡斯的超能力好厉害呀！可以吸走所有垃圾，还能满足愿望，真是个很棒的超级英雄故事呢！"
}
2025-11-08 05:05:48,219 - [性能指标]
2025-11-08 05:05:48,219 -   - Response ID: resp_Bm4Zk4XZUpLjOcR35OCm8
2025-11-08 05:05:48,219 - ============================================================
2025-11-08 05:05:48,219 - [Metric] response: resp_Bm4Zk4XZUpLjOcR35OCm8, first text delay: None, first audio delay: None
2025-11-08 05:05:48,219 - ✓ [语音识别] 完成
2025-11-08 05:05:48,220 - 
============================================================
2025-11-08 05:05:48,220 -                          儿童语音识别评估结果                         
2025-11-08 05:05:48,220 - ============================================================
2025-11-08 05:05:48,220 - 
处理文件总数: 3
2025-11-08 05:05:48,220 - 
------------------------------------------------------------
2025-11-08 05:05:48,221 - 详细结果:
2025-11-08 05:05:48,221 - ------------------------------------------------------------
2025-11-08 05:05:48,221 - 
[1/3] 📁 1.mp4
2025-11-08 05:05:48,221 -   🎤 原始转录: 你可以自己你可以自己再说一次吗？不相就像刚刚说的那样。那个这个这个这个这个有什么样的能力啊？你要什么颜色啊？
2025-11-08 05:05:48,222 -   ✅ 修正文本: 它是不是有一个嘴巴，然后把天空中的灰尘全部吸走，吸走到哪里呀？吸到这个袋子。袋子在哪里？然后它把天空中的灰尘全部吸到这里，天空就会重新变回蓝色了，对不对？那你可以重新跟他描述一次吗？这个嘴巴可以可以可以把那个灰尘吸到这个袋子里面。
2025-11-08 05:05:48,222 -   📝 原始文本: 它是不是有一个嘴巴，然后把天空中的灰尘全部吸走，吸走到哪里呀？吸到这个袋子。袋子在哪里？然后它把天空中的灰尘全部吸到这里，天空就会重新变回蓝色了，对不对？那你可以重新跟他描述一次吗？这个嘴巴可以可以可以把那个灰尘吸到这个袋子里面。
2025-11-08 05:05:48,222 -   🔑 关键词(5个): 嘴巴, 灰尘, 袋子, 天空, 吸走
2025-11-08 05:05:48,222 -   💡 意图: 描述
2025-11-08 05:05:48,223 -   😊 情绪: 平静
2025-11-08 05:05:48,223 -   ⚠️  识别挑战(3个): 语速过快, 表达不完整, 重复词语
2025-11-08 05:05:48,223 -   🧩 语义补全: 儿童正在描述一个想象中的物品，可能是玩具或故事角色，这个物品有嘴巴，可以吸收天空中的灰尘，并将它们收集到一个袋子里，从而使天空变蓝。他似乎在向一个成人或同伴解释这个想法。
2025-11-08 05:05:48,223 -   📊 置信度: 90.00%
2025-11-08 05:05:48,224 -   💬 反馈: 宝贝你的想法真有创意！这个会吸灰尘的袋子把天空变得干净又美丽。能再讲讲它是什么样子的吗？
2025-11-08 05:05:48,224 - ------------------------------------------------------------
2025-11-08 05:05:48,224 - 
[2/3] 📁 2.m4a
2025-11-08 05:05:48,224 -   🎤 原始转录: 你坐在这做的这个是什么吗？
2025-11-08 05:05:48,224 -   ✅ 修正文本: 导弹发射，它用三个冰块保护地球，让红脸蛋的丁丁用这个保护它。
2025-11-08 05:05:48,225 -   📝 原始文本: 导弹发射，导弹发射，然后它怎么拯救地球呀？它就是用这三三个冰块保护我，然后这个这个红脸蛋也冰冰，用这个还有这个保护它。
2025-11-08 05:05:48,225 -   🔑 关键词(7个): 导弹, 发射, 地球, 冰块, 保护, 丁丁, 红脸蛋
2025-11-08 05:05:48,225 -   💡 意图: 展示作品
2025-11-08 05:05:48,225 -   😊 情绪: 兴奋
2025-11-08 05:05:48,226 -   ⚠️  识别挑战(3个): 表达不完整-跳跃性, 发音不准-平翘舌, 语速过快
2025-11-08 05:05:48,226 -   🧩 语义补全: 儿童在展示一个自己创作的科幻故事，故事主角是‘红脸蛋的丁丁’，他用三个冰块作为武器或盾牌来保护地球，防止地球变热。
2025-11-08 05:05:48,226 -   📊 置信度: 60.00%
2025-11-08 05:05:48,226 -   💬 反馈: 哇！你的想象力太棒了！这个红脸蛋的丁丁真勇敢，用冰块保护地球，真是个超级英雄！
2025-11-08 05:05:48,226 - ------------------------------------------------------------
2025-11-08 05:05:48,226 - 
[3/3] 📁 3.m4a
2025-11-08 05:05:48,227 -   🎤 原始转录: 叫什么名字？
2025-11-08 05:05:48,227 -   ✅ 修正文本: 他叫普尔。然后他有什么功能呀？他就会吐这个。这个是另一个小朋友做的。你的作品有什么功能呀？他的嘴是他不高兴是这样子的，他高兴就是这样子，他又不高兴就是这样子的。
2025-11-08 05:05:48,228 -   📝 原始文本: 他叫普尔。然后他有什么功能呀？他就会吐这个。这个是另一个小朋友做的。你的作品有什么功能呀？他的嘴是他不高兴是这样子的，他高兴就是这样子，他又不高兴就是这样子的。
2025-11-08 05:05:48,228 -   🔑 关键词(5个): 普尔, 功能, 作品, 不高兴, 高兴
2025-11-08 05:05:48,228 -   💡 意图: 展示作品
2025-11-08 05:05:48,228 -   😊 情绪: 兴奋
2025-11-08 05:05:48,228 -   ⚠️  识别挑战(2个): 表达不完整-跳跃性, 发音不准-平翘舌
2025-11-08 05:05:48,228 -   🧩 语义补全: 儿童在向他人介绍一个名叫‘普尔’的物品，并描述其不同情绪下的嘴部动作，语气中带有兴奋和自豪感。
2025-11-08 05:05:48,229 -   📊 置信度: 90.00%
2025-11-08 05:05:48,229 -   💬 反馈: 哇，这个‘普尔’好特别呀！它的情绪表情变化好有趣哦，谢谢你给我们看这个新作品！
2025-11-08 05:05:48,229 - ------------------------------------------------------------
2025-11-08 05:05:48,229 - 
============================================================
2025-11-08 05:05:48,229 -                             统计摘要                            
2025-11-08 05:05:48,229 - ============================================================
2025-11-08 05:05:48,230 - ✅ 成功解析: 3/3 (100.0%)
2025-11-08 05:05:48,230 - 📊 平均置信度: 80.00%
2025-11-08 05:05:48,230 - 🔑 平均关键词数: 5.7个
2025-11-08 05:05:48,230 - 
⚠️  识别挑战分布:
2025-11-08 05:05:48,230 -   - 语速过快: 2次 (66.7%)
2025-11-08 05:05:48,230 -   - 表达不完整-跳跃性: 2次 (66.7%)
2025-11-08 05:05:48,230 -   - 发音不准-平翘舌: 2次 (66.7%)
2025-11-08 05:05:48,231 -   - 表达不完整: 1次 (33.3%)
2025-11-08 05:05:48,231 -   - 重复词语: 1次 (33.3%)
2025-11-08 05:05:48,231 - 
😊 情绪分布:
2025-11-08 05:05:48,231 -   - 兴奋: 2次 (66.7%)
2025-11-08 05:05:48,232 -   - 平静: 1次 (33.3%)
2025-11-08 05:05:48,232 - 
💡 意图分布:
2025-11-08 05:05:48,232 -   - 展示作品: 2次 (66.7%)
2025-11-08 05:05:48,232 -   - 描述: 1次 (33.3%)
2025-11-08 05:05:48,233 - ============================================================
2025-11-08 05:05:48,234 - 
💾 评估结果已保存到: ./eval_results_asr.json
2025-11-08 05:05:48,234 - ============================================================
2025-11-08 05:05:48,234 - 
============================================================
2025-11-08 05:05:48,234 -                            耗时统计汇总                           
2025-11-08 05:05:48,234 - 处理文件数: 3
2025-11-08 05:05:48,234 - 总发送耗时: 0.714s (平均 0.238s/文件)
2025-11-08 05:05:48,235 - 总等待耗时: 11.604s (平均 3.868s/文件)
2025-11-08 05:05:48,235 - 总推理耗时: 12.318s (平均 4.106s/文件)
2025-11-08 05:05:48,235 - ============================================================
2025-11-08 05:20:35,048 - ============================================================
2025-11-08 05:20:35,049 -                         儿童语音识别与理解系统                         
2025-11-08 05:20:35,049 - ============================================================
2025-11-08 05:20:35,051 - 加载到的配置: sk-9b155a5...
2025-11-08 05:20:35,051 - 评估模式已启用。
2025-11-08 05:20:35,051 - 在 ./test/考核点3：语音识别与语义理解/ 中找到 4 个音频文件
2025-11-08 05:20:35,051 - 
============================================================
2025-11-08 05:20:35,051 - 处理文件: 1.mp4
2025-11-08 05:20:35,051 - ============================================================
2025-11-08 05:20:35,052 - 正在提取音频: ./test/考核点3：语音识别与语义理解/1.mp4...
2025-11-08 05:20:35,156 - ✓ 音频提取完成: 2072288 字节
2025-11-08 05:20:35,156 - 音频提取耗时: 0.105s
2025-11-08 05:20:35,157 - [语音识别] 开始...
2025-11-08 05:20:35,386 - Websocket connected
2025-11-08 05:20:35,386 - ✓ 会话创建成功: sess_Ohx9VT9sJi9jZofAEGEMR

2025-11-08 05:20:35,421 - ✓ 连接已建立

2025-11-08 05:20:35,922 - [语音识别] 发送音频数据...
2025-11-08 05:20:36,220 - [语音识别] 请求 AI 分析...
2025-11-08 05:20:36,865 - 
[音频转录] 你可以自己你可以自己再说一次吗？不相

2025-11-08 05:20:37,345 - 
[AI 分析开始]

2025-11-08 05:20:38,465 - 
============================================================
2025-11-08 05:20:38,466 - [响应完成]
2025-11-08 05:20:38,466 - 无法解析为JSON, 原始文本: 天空的灰尘都是在这个袋子里。哦。你可以自己再说一次吗？就像刚刚说的那样。那个这个有什么样的能力呀？。你要什么颜色？，他是不是有一个嘴巴，然后把天空中的灰尘全部吸走，吸走到哪里呀？。这个袋子。袋子在哪？。然后他把天空的灰尘全部吸到这个袋子里，天空就会重新变回蓝色了，对不对？。那你可以重新跟他描述一次吗？。这个嘴巴可以，可以把那个灰尘吸到这个袋子里面。哦，好。
2025-11-08 05:20:38,466 - [性能指标]
2025-11-08 05:20:38,467 -   - Response ID: resp_IiIWwRGNo1d4gGXMU3TuN
2025-11-08 05:20:38,467 - ============================================================
2025-11-08 05:20:38,467 - [Metric] response: resp_IiIWwRGNo1d4gGXMU3TuN, first text delay: None, first audio delay: None
2025-11-08 05:20:38,467 - ✓ [语音识别] 完成
2025-11-08 05:20:38,468 - 
============================================================
2025-11-08 05:20:38,468 - 处理文件: 2.m4a
2025-11-08 05:20:38,468 - ============================================================
2025-11-08 05:20:38,468 - 正在提取音频: ./test/考核点3：语音识别与语义理解/2.m4a...
2025-11-08 05:20:38,553 - ✓ 音频提取完成: 1458472 字节
2025-11-08 05:20:38,554 - 音频提取耗时: 0.085s
2025-11-08 05:20:38,554 - [语音识别] 开始...
2025-11-08 05:20:38,717 - Websocket connected
2025-11-08 05:20:38,720 - ✓ 会话创建成功: sess_ZG2gKY4aX81q4yAYs3n8q

2025-11-08 05:20:38,756 - ✓ 连接已建立

2025-11-08 05:20:39,257 - [语音识别] 发送音频数据...
2025-11-08 05:20:39,509 - [语音识别] 请求 AI 分析...
2025-11-08 05:20:46,277 - 
[音频转录] 你做的这个你做的这个是什么吗？捣蛋导弹发射。导弹发射，然后导弹发射，然后他怎么拯救导弹发射导弹发射，然后他怎么拯救地球呀？他就是。他就是。他就是就。他就是就。他就是就他就是就这上面。他就是就这上面。他就是用这张张。他就是用这张张。他就是用这三三个拼过的。我。我。我想这个我家这个红我像这个这个红脸蛋儿冰冰。我像这个这个红脸蛋儿冰冰。

2025-11-08 05:20:46,575 - 
[AI 分析开始]

2025-11-08 05:20:47,434 - 
============================================================
2025-11-08 05:20:47,434 - [响应完成]
2025-11-08 05:20:47,435 - 无法解析为JSON, 原始文本: 你可以告诉我你做的这个是什么吗？。嗯，导弹发射。导弹发射，然后它怎么拯救地球呀？它就是用这三三个冰块保护。然后这个这个红脸蛋也冰冰用这个还有这个保护它。就是这这三个啊，球，它是它是冰的。然后这上面的也是。嗯，它可以把它可以让地球降温，然后冰川就不会融化了，是吗？
2025-11-08 05:20:47,435 - [性能指标]
2025-11-08 05:20:47,435 -   - Response ID: resp_Vw5SlIpaEk6l65i5cdUiT
2025-11-08 05:20:47,436 - ============================================================
2025-11-08 05:20:47,436 - [Metric] response: resp_Vw5SlIpaEk6l65i5cdUiT, first text delay: None, first audio delay: None
2025-11-08 05:20:47,436 - ✓ [语音识别] 完成
2025-11-08 05:20:47,437 - 
============================================================
2025-11-08 05:20:47,437 - 处理文件: 3.m4a
2025-11-08 05:20:47,437 - ============================================================
2025-11-08 05:20:47,437 - 正在提取音频: ./test/考核点3：语音识别与语义理解/3.m4a...
2025-11-08 05:20:47,513 - ✓ 音频提取完成: 835542 字节
2025-11-08 05:20:47,514 - 音频提取耗时: 0.076s
2025-11-08 05:20:47,514 - [语音识别] 开始...
2025-11-08 05:20:47,978 - Websocket connected
2025-11-08 05:20:47,979 - ✓ 会话创建成功: sess_PlHc8GYCMwSuJ5XbZYjxp

2025-11-08 05:20:48,016 - ✓ 连接已建立

2025-11-08 05:20:48,517 - [语音识别] 发送音频数据...
2025-11-08 05:20:48,693 - [语音识别] 请求 AI 分析...
2025-11-08 05:20:49,426 - 
[音频转录] 叫什么名字？叫什么名字？他叫什么名字？他叫普洱哦。52

2025-11-08 05:20:49,748 - 
[AI 分析开始]

2025-11-08 05:20:50,350 - 
============================================================
2025-11-08 05:20:50,351 - [响应完成]
2025-11-08 05:20:50,351 - 无法解析为JSON, 原始文本: 他叫什么名字？，他叫普尔。哦，普尔，然后他有什么功能呀？他就会吐这个。这个是另一个小朋友做的，你的作品有什么功能呀？他的嘴是他不高兴，是这样子，他高兴就是这样子，他又不高兴就是这样子的。哦。
2025-11-08 05:20:50,351 - [性能指标]
2025-11-08 05:20:50,351 -   - Response ID: resp_SRKU5MVPH7xOyZeYIb91K
2025-11-08 05:20:50,352 - ============================================================
2025-11-08 05:20:50,352 - [Metric] response: resp_SRKU5MVPH7xOyZeYIb91K, first text delay: None, first audio delay: None
2025-11-08 05:20:50,352 - ✓ [语音识别] 完成
2025-11-08 05:20:50,352 - 
============================================================
2025-11-08 05:20:50,353 - 处理文件: 4.m4a
2025-11-08 05:20:50,353 - ============================================================
2025-11-08 05:20:50,353 - 正在提取音频: ./test/考核点3：语音识别与语义理解/4.m4a...
2025-11-08 05:20:50,395 - ✓ 音频提取完成: 279894 字节
2025-11-08 05:20:50,395 - 音频提取耗时: 0.042s
2025-11-08 05:20:50,395 - [语音识别] 开始...
2025-11-08 05:20:50,583 - Websocket connected
2025-11-08 05:20:50,584 - ✓ 会话创建成功: sess_KwpLdUa6l3f92Y1T15qjN

2025-11-08 05:20:50,597 - ✓ 连接已建立

2025-11-08 05:20:51,098 - [语音识别] 发送音频数据...
2025-11-08 05:20:51,105 - [语音识别] 请求 AI 分析...
2025-11-08 05:20:51,664 - 
[AI 分析开始]

2025-11-08 05:20:51,858 - 
============================================================
2025-11-08 05:20:51,858 - [响应完成]
2025-11-08 05:20:51,859 - 无法解析为JSON, 原始文本: 你说不满足卢卡斯，或者什么，然后卢卡斯就可以吸走所有的垃圾。
2025-11-08 05:20:51,859 - [性能指标]
2025-11-08 05:20:51,859 -   - Response ID: resp_HH5P6jJNS3g4Jqx7SgKlT
2025-11-08 05:20:51,859 - ============================================================
2025-11-08 05:20:51,859 - [Metric] response: resp_HH5P6jJNS3g4Jqx7SgKlT, first text delay: None, first audio delay: None
2025-11-08 05:20:51,860 - ✓ [语音识别] 完成
2025-11-08 05:20:51,860 - 
============================================================
2025-11-08 05:20:51,860 -                          儿童语音识别评估结果                         
2025-11-08 05:20:51,861 - ============================================================
2025-11-08 05:20:51,861 - 
处理文件总数: 3
2025-11-08 05:20:51,861 - 
------------------------------------------------------------
2025-11-08 05:20:51,861 - 详细结果:
2025-11-08 05:20:51,861 - ------------------------------------------------------------
2025-11-08 05:20:51,862 - 
[1/3] 📁 1.mp4
2025-11-08 05:20:51,862 -   🎤 原始转录: 你可以自己你可以自己再说一次吗？不相
2025-11-08 05:20:51,862 -   ✗ 无法解析分析结果: Expecting value: line 1 column 1 (char 0)
2025-11-08 05:20:51,862 - ------------------------------------------------------------
2025-11-08 05:20:51,863 - 
[2/3] 📁 2.m4a
2025-11-08 05:20:51,863 -   🎤 原始转录: 你做的这个你做的这个是什么吗？捣蛋导弹发射。导弹发射，然后导弹发射，然后他怎么拯救导弹发射导弹发射，然后他怎么拯救地球呀？他就是。他就是。他就是就。他就是就。他就是就他就是就这上面。他就是就这上面。他就是用这张张。他就是用这张张。他就是用这三三个拼过的。我。我。我想这个我家这个红我像这个这个红脸蛋儿冰冰。我像这个这个红脸蛋儿冰冰。
2025-11-08 05:20:51,863 -   ✗ 无法解析分析结果: Expecting value: line 1 column 1 (char 0)
2025-11-08 05:20:51,863 - ------------------------------------------------------------
2025-11-08 05:20:51,864 - 
[3/3] 📁 3.m4a
2025-11-08 05:20:51,864 -   🎤 原始转录: 叫什么名字？叫什么名字？他叫什么名字？他叫普洱哦。52
2025-11-08 05:20:51,864 -   ✗ 无法解析分析结果: Expecting value: line 1 column 1 (char 0)
2025-11-08 05:20:51,864 - ------------------------------------------------------------
2025-11-08 05:20:51,864 - 
============================================================
2025-11-08 05:20:51,864 -                             统计摘要                            
2025-11-08 05:20:51,865 - ============================================================
2025-11-08 05:20:51,865 - ✅ 成功解析: 0/3 (0.0%)
2025-11-08 05:20:51,865 - 📊 平均置信度: 0.00%
2025-11-08 05:20:51,865 - 🔑 平均关键词数: 0.0个
2025-11-08 05:20:51,865 - ============================================================
2025-11-08 05:20:51,866 - 
💾 评估结果已保存到: ./eval_results_asr.json
2025-11-08 05:20:51,866 - ============================================================
2025-11-08 05:20:51,866 - 
============================================================
2025-11-08 05:20:51,866 -                            耗时统计汇总                           
2025-11-08 05:20:51,867 - 处理文件数: 3
2025-11-08 05:20:51,867 - 总发送耗时: 0.726s (平均 0.242s/文件)
2025-11-08 05:20:51,867 - 总等待耗时: 11.832s (平均 3.944s/文件)
2025-11-08 05:20:51,867 - 总推理耗时: 12.558s (平均 4.186s/文件)
2025-11-08 05:20:51,867 - ============================================================
