2025-11-08 05:30:23,234 - INFO - ================================================================================
2025-11-08 05:30:23,235 - INFO -                                  Whisper 语音识别系统                                 
2025-11-08 05:30:23,235 - INFO - ================================================================================
2025-11-08 05:30:23,239 - INFO - 加载配置文件: ./config3.yml
2025-11-08 05:30:23,240 - INFO - Whisper 模型: base
2025-11-08 05:30:23,240 - INFO - 语言: zh
2025-11-08 05:30:23,241 - INFO - 任务: transcribe
2025-11-08 05:30:23,241 - INFO - 音频文件: 
2025-11-08 05:30:23,242 - INFO - 
加载 Whisper 模型: base
2025-11-08 05:30:23,242 - INFO - ================================================================================
2025-11-08 05:30:23,243 - INFO - 提示: 首次使用会自动下载模型文件
2025-11-08 05:30:23,243 - INFO - 模型大小参考:
2025-11-08 05:30:23,243 - INFO -   - tiny: ~39M (最快,准确度较低)
2025-11-08 05:30:23,244 - INFO -   - base: ~74M (快速,准确度一般)
2025-11-08 05:30:23,244 - INFO -   - small: ~244M (较慢,准确度较高)
2025-11-08 05:30:23,244 - INFO -   - medium: ~769M (慢,准确度高)
2025-11-08 05:30:23,245 - INFO -   - large: ~1550M (很慢,准确度最高)
2025-11-08 05:30:23,245 - INFO - ================================================================================
2025-11-08 05:30:43,911 - INFO - ✓ 模型加载完成,耗时: 20.67秒
2025-11-08 05:30:43,911 - INFO - 
评估模式已启用
2025-11-08 05:30:43,912 - INFO - 
================================================================================
2025-11-08 05:30:43,912 - INFO - 评估模式 - 批量处理
2025-11-08 05:30:43,913 - INFO - ================================================================================
2025-11-08 05:30:43,913 - INFO - 在 ./test/考核点3：语音识别与语义理解/ 中找到 4 个音频文件
2025-11-08 05:30:43,913 - INFO - 
[1/4] 处理: 1.mp4
2025-11-08 05:30:43,914 - INFO - ================================================================================
2025-11-08 05:30:43,914 - INFO - 开始转录: 1.mp4
2025-11-08 05:30:43,914 - INFO - ================================================================================
2025-11-08 05:31:01,079 - INFO - ✓ 转录完成,耗时: 17.16秒
2025-11-08 05:31:01,079 - INFO - --------------------------------------------------------------------------------
2025-11-08 05:31:01,080 - INFO - 完整转录文本: 我都會想要帶你你可以自己再說一次嗎就像剛剛說的那樣這個這個有什麼樣的能力啊你會不會你會不會穿要什麼呢穿這個兩條它是不是有一個嘴巴然後把天空中的灰塵塵不吸走吸走到哪裡啊對這個帶子帶子帶子帶子帶子帶子帶子他把天空中灰塵不行要在帶子裡天空就會穿線維蘭色對這個對那你可以小心跟他秒數一清嗎對就是這個嘴巴可以可以玩了吧好或者要要跟我帶子裡邊好好
2025-11-08 05:31:01,081 - INFO - --------------------------------------------------------------------------------
2025-11-08 05:31:01,081 - INFO - 检测到的语言: zh
2025-11-08 05:31:01,081 - INFO - 分段数量: 35
2025-11-08 05:31:01,082 - INFO - --------------------------------------------------------------------------------
2025-11-08 05:31:01,083 - INFO - 分段详情:
2025-11-08 05:31:01,084 - INFO - 
  [1] 时间: 0.00s - 1.64s (1.64s)
2025-11-08 05:31:01,084 - INFO -       文本: 我都會想要帶你
2025-11-08 05:31:01,085 - INFO -       平均对数概率: -0.9556
2025-11-08 05:31:01,085 - INFO -       无语音概率: 0.2616
2025-11-08 05:31:01,086 - INFO -       词级别时间戳 (7个词):
2025-11-08 05:31:01,086 - INFO -         - "我" [0.00s-0.08s] (prob: 0.017)
2025-11-08 05:31:01,087 - INFO -         - "都" [0.08s-0.24s] (prob: 0.137)
2025-11-08 05:31:01,087 - INFO -         - "會" [0.24s-0.40s] (prob: 0.372)
2025-11-08 05:31:01,088 - INFO -         - "想" [0.40s-0.54s] (prob: 0.099)
2025-11-08 05:31:01,088 - INFO -         - "要" [0.54s-0.66s] (prob: 0.162)
2025-11-08 05:31:01,089 - INFO -         - "帶" [0.66s-0.98s] (prob: 0.099)
2025-11-08 05:31:01,090 - INFO -         - "你" [0.98s-1.64s] (prob: 0.148)
2025-11-08 05:31:01,090 - INFO - 
  [2] 时间: 3.32s - 5.22s (1.90s)
2025-11-08 05:31:01,090 - INFO -       文本: 你可以自己再說一次嗎
2025-11-08 05:31:01,091 - INFO -       平均对数概率: -0.9556
2025-11-08 05:31:01,091 - INFO -       无语音概率: 0.2616
2025-11-08 05:31:01,092 - INFO -       词级别时间戳 (6个词):
2025-11-08 05:31:01,092 - INFO -         - "你可以" [3.32s-3.80s] (prob: 0.019)
2025-11-08 05:31:01,093 - INFO -         - "自己" [3.80s-4.20s] (prob: 0.985)
2025-11-08 05:31:01,093 - INFO -         - "再" [4.20s-4.38s] (prob: 0.346)
2025-11-08 05:31:01,094 - INFO -         - "說" [4.38s-4.56s] (prob: 0.145)
2025-11-08 05:31:01,094 - INFO -         - "一次" [4.56s-4.84s] (prob: 0.990)
2025-11-08 05:31:01,095 - INFO -         - "嗎" [4.84s-5.22s] (prob: 0.978)
2025-11-08 05:31:01,095 - INFO - 
  [3] 时间: 6.20s - 7.90s (1.70s)
2025-11-08 05:31:01,096 - INFO -       文本: 就像剛剛說的那樣
2025-11-08 05:31:01,096 - INFO -       平均对数概率: -0.9556
2025-11-08 05:31:01,097 - INFO -       无语音概率: 0.2616
2025-11-08 05:31:01,097 - INFO -       词级别时间戳 (7个词):
2025-11-08 05:31:01,098 - INFO -         - "就" [6.20s-6.68s] (prob: 0.408)
2025-11-08 05:31:01,098 - INFO -         - "像" [6.68s-6.84s] (prob: 0.965)
2025-11-08 05:31:01,099 - INFO -         - "剛剛" [6.84s-7.08s] (prob: 0.849)
2025-11-08 05:31:01,099 - INFO -         - "說" [7.08s-7.34s] (prob: 0.952)
2025-11-08 05:31:01,100 - INFO -         - "的" [7.34s-7.50s] (prob: 0.921)
2025-11-08 05:31:01,100 - INFO -         - "那" [7.50s-7.66s] (prob: 0.591)
2025-11-08 05:31:01,101 - INFO -         - "樣" [7.66s-7.90s] (prob: 0.985)
2025-11-08 05:31:01,101 - INFO - 
  [4] 时间: 10.68s - 11.16s (0.48s)
2025-11-08 05:31:01,102 - INFO -       文本: 這個
2025-11-08 05:31:01,102 - INFO -       平均对数概率: -0.9556
2025-11-08 05:31:01,103 - INFO -       无语音概率: 0.2616
2025-11-08 05:31:01,103 - INFO -       词级别时间戳 (1个词):
2025-11-08 05:31:01,104 - INFO -         - "這個" [10.68s-11.16s] (prob: 0.747)
2025-11-08 05:31:01,104 - INFO - 
  [5] 时间: 11.16s - 19.46s (8.30s)
2025-11-08 05:31:01,105 - INFO -       文本: 這個有什麼樣的能力啊
2025-11-08 05:31:01,105 - INFO -       平均对数概率: -0.9556
2025-11-08 05:31:01,106 - INFO -       无语音概率: 0.2616
2025-11-08 05:31:01,106 - INFO -       词级别时间戳 (8个词):
2025-11-08 05:31:01,107 - INFO -         - "這個" [11.16s-11.86s] (prob: 0.174)
2025-11-08 05:31:01,108 - INFO -         - "有" [11.86s-12.14s] (prob: 0.969)
2025-11-08 05:31:01,108 - INFO -         - "什麼" [12.14s-12.38s] (prob: 0.972)
2025-11-08 05:31:01,108 - INFO -         - "樣" [12.38s-12.52s] (prob: 0.945)
2025-11-08 05:31:01,109 - INFO -         - "的" [12.52s-12.68s] (prob: 0.991)
2025-11-08 05:31:01,109 - INFO -         - "能" [12.68s-12.84s] (prob: 0.974)
2025-11-08 05:31:01,110 - INFO -         - "力" [12.84s-19.46s] (prob: 1.000)
2025-11-08 05:31:01,110 - INFO -         - "啊" [19.46s-19.46s] (prob: 0.420)
2025-11-08 05:31:01,111 - INFO - 
  [6] 时间: 19.46s - 20.62s (1.16s)
2025-11-08 05:31:01,111 - INFO -       文本: 你會不會
2025-11-08 05:31:01,112 - INFO -       平均对数概率: -0.5886
2025-11-08 05:31:01,112 - INFO -       无语音概率: 0.2157
2025-11-08 05:31:01,113 - INFO -       词级别时间戳 (3个词):
2025-11-08 05:31:01,113 - INFO -         - "你" [19.46s-19.98s] (prob: 0.007)
2025-11-08 05:31:01,114 - INFO -         - "會" [19.98s-20.40s] (prob: 0.023)
2025-11-08 05:31:01,114 - INFO -         - "不會" [20.40s-20.62s] (prob: 0.141)
2025-11-08 05:31:01,115 - INFO - 
  [7] 时间: 20.62s - 22.42s (1.80s)
2025-11-08 05:31:01,116 - INFO -       文本: 你會不會穿
2025-11-08 05:31:01,116 - INFO -       平均对数概率: -0.5886
2025-11-08 05:31:01,117 - INFO -       无语音概率: 0.2157
2025-11-08 05:31:01,117 - INFO -       词级别时间戳 (4个词):
2025-11-08 05:31:01,118 - INFO -         - "你" [20.62s-21.24s] (prob: 0.004)
2025-11-08 05:31:01,118 - INFO -         - "會" [21.24s-21.52s] (prob: 0.776)
2025-11-08 05:31:01,119 - INFO -         - "不會" [21.52s-22.00s] (prob: 0.450)
2025-11-08 05:31:01,119 - INFO -         - "穿" [22.00s-22.42s] (prob: 0.541)
2025-11-08 05:31:01,120 - INFO - 
  [8] 时间: 23.02s - 24.30s (1.28s)
2025-11-08 05:31:01,120 - INFO -       文本: 要什麼呢
2025-11-08 05:31:01,120 - INFO -       平均对数概率: -0.5886
2025-11-08 05:31:01,121 - INFO -       无语音概率: 0.2157
2025-11-08 05:31:01,122 - INFO -       词级别时间戳 (3个词):
2025-11-08 05:31:01,122 - INFO -         - "要" [23.02s-23.50s] (prob: 0.009)
2025-11-08 05:31:01,123 - INFO -         - "什麼" [23.50s-23.72s] (prob: 0.754)
2025-11-08 05:31:01,123 - INFO -         - "呢" [23.72s-24.30s] (prob: 0.077)
2025-11-08 05:31:01,124 - INFO - 
  [9] 时间: 24.30s - 25.64s (1.34s)
2025-11-08 05:31:01,124 - INFO -       文本: 穿這個兩條
2025-11-08 05:31:01,125 - INFO -       平均对数概率: -0.5886
2025-11-08 05:31:01,125 - INFO -       无语音概率: 0.2157
2025-11-08 05:31:01,126 - INFO -       词级别时间戳 (4个词):
2025-11-08 05:31:01,126 - INFO -         - "穿" [24.30s-24.96s] (prob: 0.502)
2025-11-08 05:31:01,127 - INFO -         - "這個" [24.96s-25.18s] (prob: 0.091)
2025-11-08 05:31:01,127 - INFO -         - "兩" [25.18s-25.40s] (prob: 0.401)
2025-11-08 05:31:01,127 - INFO -         - "條" [25.40s-25.64s] (prob: 0.165)
2025-11-08 05:31:01,128 - INFO - 
  [10] 时间: 26.82s - 28.90s (2.08s)
2025-11-08 05:31:01,128 - INFO -       文本: 它是不是有一個嘴巴
2025-11-08 05:31:01,129 - INFO -       平均对数概率: -0.5886
2025-11-08 05:31:01,129 - INFO -       无语音概率: 0.2157
2025-11-08 05:31:01,130 - INFO -       词级别时间戳 (6个词):
2025-11-08 05:31:01,130 - INFO -         - "它" [26.82s-27.30s] (prob: 0.140)
2025-11-08 05:31:01,130 - INFO -         - "是不是" [27.30s-27.54s] (prob: 0.997)
2025-11-08 05:31:01,131 - INFO -         - "有" [27.54s-28.08s] (prob: 0.970)
2025-11-08 05:31:01,131 - INFO -         - "一個" [28.08s-28.34s] (prob: 0.976)
2025-11-08 05:31:01,132 - INFO -         - "嘴" [28.34s-28.58s] (prob: 0.528)
2025-11-08 05:31:01,133 - INFO -         - "巴" [28.58s-28.90s] (prob: 0.955)
2025-11-08 05:31:01,133 - INFO - 
  [11] 时间: 29.58s - 30.06s (0.48s)
2025-11-08 05:31:01,134 - INFO -       文本: 然後
2025-11-08 05:31:01,134 - INFO -       平均对数概率: -0.5886
2025-11-08 05:31:01,135 - INFO -       无语音概率: 0.2157
2025-11-08 05:31:01,135 - INFO -       词级别时间戳 (1个词):
2025-11-08 05:31:01,136 - INFO -         - "然後" [29.58s-30.06s] (prob: 0.928)
2025-11-08 05:31:01,136 - INFO - 
  [12] 时间: 30.06s - 32.22s (2.16s)
2025-11-08 05:31:01,137 - INFO -       文本: 把天空中的灰塵塵
2025-11-08 05:31:01,137 - INFO -       平均对数概率: -0.5886
2025-11-08 05:31:01,138 - INFO -       无语音概率: 0.2157
2025-11-08 05:31:01,138 - INFO -       词级别时间戳 (8个词):
2025-11-08 05:31:01,138 - INFO -         - "把" [30.06s-30.84s] (prob: 0.126)
2025-11-08 05:31:01,139 - INFO -         - "天" [30.84s-31.10s] (prob: 0.594)
2025-11-08 05:31:01,139 - INFO -         - "空" [31.10s-31.22s] (prob: 0.954)
2025-11-08 05:31:01,140 - INFO -         - "中" [31.22s-31.42s] (prob: 0.718)
2025-11-08 05:31:01,140 - INFO -         - "的" [31.42s-31.60s] (prob: 0.951)
2025-11-08 05:31:01,141 - INFO -         - "灰" [31.60s-31.78s] (prob: 0.692)
2025-11-08 05:31:01,141 - INFO -         - "塵" [31.78s-31.98s] (prob: 0.939)
2025-11-08 05:31:01,142 - INFO -         - "塵" [31.98s-32.22s] (prob: 0.729)
2025-11-08 05:31:01,142 - INFO - 
  [13] 时间: 32.22s - 32.90s (0.68s)
2025-11-08 05:31:01,143 - INFO -       文本: 不吸走
2025-11-08 05:31:01,143 - INFO -       平均对数概率: -0.5886
2025-11-08 05:31:01,143 - INFO -       无语音概率: 0.2157
2025-11-08 05:31:01,144 - INFO -       词级别时间戳 (3个词):
2025-11-08 05:31:01,144 - INFO -         - "不" [32.22s-32.46s] (prob: 0.205)
2025-11-08 05:31:01,145 - INFO -         - "吸" [32.46s-32.68s] (prob: 0.918)
2025-11-08 05:31:01,145 - INFO -         - "走" [32.68s-32.90s] (prob: 0.868)
2025-11-08 05:31:01,146 - INFO - 
  [14] 时间: 33.70s - 35.26s (1.56s)
2025-11-08 05:31:01,146 - INFO -       文本: 吸走到哪裡啊
2025-11-08 05:31:01,146 - INFO -       平均对数概率: -0.5886
2025-11-08 05:31:01,147 - INFO -       无语音概率: 0.2157
2025-11-08 05:31:01,147 - INFO -       词级别时间戳 (5个词):
2025-11-08 05:31:01,148 - INFO -         - "吸" [33.70s-34.18s] (prob: 0.930)
2025-11-08 05:31:01,148 - INFO -         - "走" [34.18s-34.32s] (prob: 0.982)
2025-11-08 05:31:01,149 - INFO -         - "到" [34.32s-34.50s] (prob: 0.977)
2025-11-08 05:31:01,149 - INFO -         - "哪裡" [34.50s-34.82s] (prob: 0.965)
2025-11-08 05:31:01,150 - INFO -         - "啊" [34.82s-35.26s] (prob: 0.791)
2025-11-08 05:31:01,150 - INFO - 
  [15] 时间: 35.26s - 36.28s (1.02s)
2025-11-08 05:31:01,152 - INFO -       文本: 對這個帶子
2025-11-08 05:31:01,152 - INFO -       平均对数概率: -0.5886
2025-11-08 05:31:01,153 - INFO -       无语音概率: 0.2157
2025-11-08 05:31:01,153 - INFO -       词级别时间戳 (4个词):
2025-11-08 05:31:01,154 - INFO -         - "對" [35.26s-35.44s] (prob: 0.157)
2025-11-08 05:31:01,154 - INFO -         - "這個" [35.44s-35.72s] (prob: 0.214)
2025-11-08 05:31:01,155 - INFO -         - "帶" [35.72s-35.92s] (prob: 0.333)
2025-11-08 05:31:01,155 - INFO -         - "子" [35.92s-36.28s] (prob: 0.833)
2025-11-08 05:31:01,156 - INFO - 
  [16] 时间: 36.28s - 37.58s (1.30s)
2025-11-08 05:31:01,156 - INFO -       文本: 帶子帶子
2025-11-08 05:31:01,157 - INFO -       平均对数概率: -0.5886
2025-11-08 05:31:01,157 - INFO -       无语音概率: 0.2157
2025-11-08 05:31:01,157 - INFO -       词级别时间戳 (4个词):
2025-11-08 05:31:01,158 - INFO -         - "帶" [36.28s-36.92s] (prob: 0.747)
2025-11-08 05:31:01,158 - INFO -         - "子" [36.92s-37.34s] (prob: 0.844)
2025-11-08 05:31:01,159 - INFO -         - "帶" [37.34s-37.34s] (prob: 0.702)
2025-11-08 05:31:01,159 - INFO -         - "子" [37.34s-37.58s] (prob: 0.885)
2025-11-08 05:31:01,160 - INFO - 
  [17] 时间: 37.58s - 38.62s (1.04s)
2025-11-08 05:31:01,160 - INFO -       文本: 帶子帶子
2025-11-08 05:31:01,160 - INFO -       平均对数概率: -0.5886
2025-11-08 05:31:01,161 - INFO -       无语音概率: 0.2157
2025-11-08 05:31:01,161 - INFO -       词级别时间戳 (4个词):
2025-11-08 05:31:01,162 - INFO -         - "帶" [37.58s-38.04s] (prob: 0.708)
2025-11-08 05:31:01,162 - INFO -         - "子" [38.04s-38.04s] (prob: 0.962)
2025-11-08 05:31:01,163 - INFO -         - "帶" [38.04s-38.42s] (prob: 0.754)
2025-11-08 05:31:01,163 - INFO -         - "子" [38.42s-38.62s] (prob: 0.983)
2025-11-08 05:31:01,164 - INFO - 
  [18] 时间: 38.62s - 40.00s (1.38s)
2025-11-08 05:31:01,164 - INFO -       文本: 帶子帶子
2025-11-08 05:31:01,165 - INFO -       平均对数概率: -0.5886
2025-11-08 05:31:01,166 - INFO -       无语音概率: 0.2157
2025-11-08 05:31:01,166 - INFO -       词级别时间戳 (4个词):
2025-11-08 05:31:01,167 - INFO -         - "帶" [38.62s-38.78s] (prob: 0.779)
2025-11-08 05:31:01,167 - INFO -         - "子" [38.78s-39.54s] (prob: 0.970)
2025-11-08 05:31:01,168 - INFO -         - "帶" [39.54s-39.78s] (prob: 0.776)
2025-11-08 05:31:01,168 - INFO -         - "子" [39.78s-40.00s] (prob: 0.968)
2025-11-08 05:31:01,169 - INFO - 
  [19] 时间: 40.00s - 41.68s (1.68s)
2025-11-08 05:31:01,169 - INFO -       文本: 他把天空中灰塵
2025-11-08 05:31:01,169 - INFO -       平均对数概率: -0.5886
2025-11-08 05:31:01,170 - INFO -       无语音概率: 0.2157
2025-11-08 05:31:01,171 - INFO -       词级别时间戳 (7个词):
2025-11-08 05:31:01,171 - INFO -         - "他" [40.00s-40.60s] (prob: 0.022)
2025-11-08 05:31:01,172 - INFO -         - "把" [40.60s-40.76s] (prob: 0.344)
2025-11-08 05:31:01,172 - INFO -         - "天" [40.76s-40.98s] (prob: 0.936)
2025-11-08 05:31:01,173 - INFO -         - "空" [40.98s-41.12s] (prob: 0.992)
2025-11-08 05:31:01,173 - INFO -         - "中" [41.12s-41.30s] (prob: 0.833)
2025-11-08 05:31:01,173 - INFO -         - "灰" [41.30s-41.52s] (prob: 0.995)
2025-11-08 05:31:01,174 - INFO -         - "塵" [41.52s-41.68s] (prob: 0.966)
2025-11-08 05:31:01,174 - INFO - 
  [20] 时间: 41.68s - 43.04s (1.36s)
2025-11-08 05:31:01,175 - INFO -       文本: 不行要在帶子裡
2025-11-08 05:31:01,175 - INFO -       平均对数概率: -0.5886
2025-11-08 05:31:01,176 - INFO -       无语音概率: 0.2157
2025-11-08 05:31:01,176 - INFO -       词级别时间戳 (6个词):
2025-11-08 05:31:01,176 - INFO -         - "不行" [41.68s-41.92s] (prob: 0.001)
2025-11-08 05:31:01,176 - INFO -         - "要" [41.92s-42.32s] (prob: 0.214)
2025-11-08 05:31:01,177 - INFO -         - "在" [42.32s-42.44s] (prob: 0.826)
2025-11-08 05:31:01,177 - INFO -         - "帶" [42.44s-42.66s] (prob: 0.953)
2025-11-08 05:31:01,177 - INFO -         - "子" [42.66s-42.82s] (prob: 0.990)
2025-11-08 05:31:01,178 - INFO -         - "裡" [42.82s-43.04s] (prob: 0.931)
2025-11-08 05:31:01,178 - INFO - 
  [21] 时间: 43.04s - 45.30s (2.26s)
2025-11-08 05:31:01,178 - INFO -       文本: 天空就會穿線維蘭色
2025-11-08 05:31:01,178 - INFO -       平均对数概率: -0.5886
2025-11-08 05:31:01,179 - INFO -       无语音概率: 0.2157
2025-11-08 05:31:01,179 - INFO -       词级别时间戳 (8个词):
2025-11-08 05:31:01,179 - INFO -         - "天" [43.04s-43.56s] (prob: 0.957)
2025-11-08 05:31:01,180 - INFO -         - "空" [43.56s-43.72s] (prob: 0.999)
2025-11-08 05:31:01,180 - INFO -         - "就會" [43.72s-44.08s] (prob: 0.975)
2025-11-08 05:31:01,180 - INFO -         - "穿" [44.08s-44.30s] (prob: 0.662)
2025-11-08 05:31:01,181 - INFO -         - "線" [44.30s-44.58s] (prob: 0.056)
2025-11-08 05:31:01,181 - INFO -         - "維" [44.58s-44.86s] (prob: 0.615)
2025-11-08 05:31:01,181 - INFO -         - "蘭" [44.86s-45.06s] (prob: 0.635)
2025-11-08 05:31:01,182 - INFO -         - "色" [45.06s-45.30s] (prob: 0.985)
2025-11-08 05:31:01,182 - INFO - 
  [22] 时间: 45.30s - 45.84s (0.54s)
2025-11-08 05:31:01,183 - INFO -       文本: 對這個
2025-11-08 05:31:01,183 - INFO -       平均对数概率: -0.5886
2025-11-08 05:31:01,184 - INFO -       无语音概率: 0.2157
2025-11-08 05:31:01,184 - INFO -       词级别时间戳 (2个词):
2025-11-08 05:31:01,185 - INFO -         - "對" [45.30s-45.58s] (prob: 0.012)
2025-11-08 05:31:01,185 - INFO -         - "這個" [45.58s-45.84s] (prob: 0.348)
2025-11-08 05:31:01,185 - INFO - 
  [23] 时间: 45.84s - 45.88s (0.04s)
2025-11-08 05:31:01,186 - INFO -       文本: 對
2025-11-08 05:31:01,186 - INFO -       平均对数概率: -0.5169
2025-11-08 05:31:01,187 - INFO -       无语音概率: 0.0043
2025-11-08 05:31:01,187 - INFO -       词级别时间戳 (1个词):
2025-11-08 05:31:01,187 - INFO -         - "對" [45.84s-45.88s] (prob: 0.021)
2025-11-08 05:31:01,188 - INFO - 
  [24] 时间: 47.84s - 50.26s (2.42s)
2025-11-08 05:31:01,188 - INFO -       文本: 那你可以小心跟他秒數一清嗎
2025-11-08 05:31:01,188 - INFO -       平均对数概率: -0.5169
2025-11-08 05:31:01,189 - INFO -       无语音概率: 0.0043
2025-11-08 05:31:01,189 - INFO -       词级别时间戳 (10个词):
2025-11-08 05:31:01,189 - INFO -         - "那" [47.60s-47.94s] (prob: 0.210)
2025-11-08 05:31:01,189 - INFO -         - "你可以" [47.94s-48.28s] (prob: 0.780)
2025-11-08 05:31:01,190 - INFO -         - "小心" [48.28s-48.68s] (prob: 0.159)
2025-11-08 05:31:01,190 - INFO -         - "跟" [48.68s-48.92s] (prob: 0.934)
2025-11-08 05:31:01,190 - INFO -         - "他" [48.92s-49.14s] (prob: 0.723)
2025-11-08 05:31:01,191 - INFO -         - "秒" [49.14s-49.28s] (prob: 0.350)
2025-11-08 05:31:01,191 - INFO -         - "數" [49.28s-49.50s] (prob: 0.835)
2025-11-08 05:31:01,191 - INFO -         - "一" [49.50s-49.68s] (prob: 0.307)
2025-11-08 05:31:01,192 - INFO -         - "清" [49.68s-49.84s] (prob: 0.445)
2025-11-08 05:31:01,192 - INFO -         - "嗎" [49.84s-50.26s] (prob: 0.957)
2025-11-08 05:31:01,192 - INFO - 
  [25] 时间: 50.26s - 50.58s (0.32s)
2025-11-08 05:31:01,193 - INFO -       文本: 對
2025-11-08 05:31:01,193 - INFO -       平均对数概率: -0.5169
2025-11-08 05:31:01,193 - INFO -       无语音概率: 0.0043
2025-11-08 05:31:01,193 - INFO -       词级别时间戳 (1个词):
2025-11-08 05:31:01,193 - INFO -         - "對" [50.26s-50.58s] (prob: 0.053)
2025-11-08 05:31:01,194 - INFO - 
  [26] 时间: 51.76s - 52.44s (0.68s)
2025-11-08 05:31:01,194 - INFO -       文本: 就是
2025-11-08 05:31:01,194 - INFO -       平均对数概率: -0.5169
2025-11-08 05:31:01,195 - INFO -       无语音概率: 0.0043
2025-11-08 05:31:01,195 - INFO -       词级别时间戳 (1个词):
2025-11-08 05:31:01,195 - INFO -         - "就是" [51.76s-52.44s] (prob: 0.052)
2025-11-08 05:31:01,195 - INFO - 
  [27] 时间: 54.38s - 55.64s (1.26s)
2025-11-08 05:31:01,196 - INFO -       文本: 這個嘴巴
2025-11-08 05:31:01,196 - INFO -       平均对数概率: -0.5169
2025-11-08 05:31:01,196 - INFO -       无语音概率: 0.0043
2025-11-08 05:31:01,197 - INFO -       词级别时间戳 (3个词):
2025-11-08 05:31:01,197 - INFO -         - "這個" [54.38s-55.06s] (prob: 0.438)
2025-11-08 05:31:01,197 - INFO -         - "嘴" [55.06s-55.38s] (prob: 0.502)
2025-11-08 05:31:01,198 - INFO -         - "巴" [55.38s-55.64s] (prob: 0.890)
2025-11-08 05:31:01,198 - INFO - 
  [28] 时间: 55.64s - 55.96s (0.32s)
2025-11-08 05:31:01,199 - INFO -       文本: 可以
2025-11-08 05:31:01,199 - INFO -       平均对数概率: -0.5169
2025-11-08 05:31:01,199 - INFO -       无语音概率: 0.0043
2025-11-08 05:31:01,200 - INFO -       词级别时间戳 (1个词):
2025-11-08 05:31:01,200 - INFO -         - "可以" [55.64s-55.96s] (prob: 0.354)
2025-11-08 05:31:01,201 - INFO - 
  [29] 时间: 56.84s - 58.00s (1.16s)
2025-11-08 05:31:01,201 - INFO -       文本: 可以玩了吧
2025-11-08 05:31:01,201 - INFO -       平均对数概率: -0.5169
2025-11-08 05:31:01,202 - INFO -       无语音概率: 0.0043
2025-11-08 05:31:01,202 - INFO -       词级别时间戳 (3个词):
2025-11-08 05:31:01,203 - INFO -         - "可以" [56.82s-57.16s] (prob: 0.164)
2025-11-08 05:31:01,203 - INFO -         - "玩" [57.16s-57.58s] (prob: 0.084)
2025-11-08 05:31:01,204 - INFO -         - "了吧" [57.58s-58.00s] (prob: 0.965)
2025-11-08 05:31:01,204 - INFO - 
  [30] 时间: 58.00s - 58.42s (0.42s)
2025-11-08 05:31:01,205 - INFO -       文本: 好
2025-11-08 05:31:01,205 - INFO -       平均对数概率: -0.5169
2025-11-08 05:31:01,205 - INFO -       无语音概率: 0.0043
2025-11-08 05:31:01,206 - INFO -       词级别时间戳 (1个词):
2025-11-08 05:31:01,206 - INFO -         - "好" [58.00s-58.42s] (prob: 0.082)
2025-11-08 05:31:01,206 - INFO - 
  [31] 时间: 58.42s - 59.16s (0.74s)
2025-11-08 05:31:01,207 - INFO -       文本: 或者
2025-11-08 05:31:01,207 - INFO -       平均对数概率: -0.5169
2025-11-08 05:31:01,207 - INFO -       无语音概率: 0.0043
2025-11-08 05:31:01,207 - INFO -       词级别时间戳 (1个词):
2025-11-08 05:31:01,208 - INFO -         - "或者" [58.42s-59.16s] (prob: 0.005)
2025-11-08 05:31:01,208 - INFO - 
  [32] 时间: 59.84s - 60.36s (0.52s)
2025-11-08 05:31:01,208 - INFO -       文本: 要
2025-11-08 05:31:01,209 - INFO -       平均对数概率: -0.5169
2025-11-08 05:31:01,209 - INFO -       无语音概率: 0.0043
2025-11-08 05:31:01,209 - INFO -       词级别时间戳 (1个词):
2025-11-08 05:31:01,209 - INFO -         - "要" [59.84s-60.36s] (prob: 0.345)
2025-11-08 05:31:01,210 - INFO - 
  [33] 时间: 60.36s - 62.76s (2.40s)
2025-11-08 05:31:01,210 - INFO -       文本: 要跟我帶子裡邊
2025-11-08 05:31:01,210 - INFO -       平均对数概率: -0.5169
2025-11-08 05:31:01,210 - INFO -       无语音概率: 0.0043
2025-11-08 05:31:01,210 - INFO -       词级别时间戳 (6个词):
2025-11-08 05:31:01,211 - INFO -         - "要" [60.36s-61.04s] (prob: 0.001)
2025-11-08 05:31:01,211 - INFO -         - "跟我" [61.04s-61.54s] (prob: 0.021)
2025-11-08 05:31:01,211 - INFO -         - "帶" [61.54s-61.82s] (prob: 0.459)
2025-11-08 05:31:01,211 - INFO -         - "子" [61.82s-62.10s] (prob: 0.033)
2025-11-08 05:31:01,212 - INFO -         - "裡" [62.10s-62.42s] (prob: 0.317)
2025-11-08 05:31:01,212 - INFO -         - "邊" [62.42s-62.76s] (prob: 0.986)
2025-11-08 05:31:01,212 - INFO - 
  [34] 时间: 62.76s - 63.28s (0.52s)
2025-11-08 05:31:01,212 - INFO -       文本: 好
2025-11-08 05:31:01,213 - INFO -       平均对数概率: -0.5169
2025-11-08 05:31:01,213 - INFO -       无语音概率: 0.0043
2025-11-08 05:31:01,213 - INFO -       词级别时间戳 (1个词):
2025-11-08 05:31:01,214 - INFO -         - "好" [62.76s-63.28s] (prob: 0.471)
2025-11-08 05:31:01,214 - INFO - 
  [35] 时间: 63.84s - 64.60s (0.76s)
2025-11-08 05:31:01,214 - INFO -       文本: 好
2025-11-08 05:31:01,214 - INFO -       平均对数概率: -0.5169
2025-11-08 05:31:01,215 - INFO -       无语音概率: 0.0043
2025-11-08 05:31:01,215 - INFO -       词级别时间戳 (1个词):
2025-11-08 05:31:01,215 - INFO -         - "好" [63.84s-64.60s] (prob: 0.290)
2025-11-08 05:31:01,216 - INFO - ================================================================================
2025-11-08 05:31:01,216 - INFO - 
[2/4] 处理: 2.m4a
2025-11-08 05:31:01,217 - INFO - ================================================================================
2025-11-08 05:31:01,217 - INFO - 开始转录: 2.m4a
2025-11-08 05:31:01,218 - INFO - ================================================================================
2025-11-08 05:31:07,660 - INFO - ✓ 转录完成,耗时: 6.44秒
2025-11-08 05:31:07,660 - INFO - --------------------------------------------------------------------------------
2025-11-08 05:31:07,661 - INFO - 完整转录文本: 你可以告诉我你做的这个是什么吗导弹发射导弹发射然后他怎么整就地球呀他就是对你这三个听过我希望就是用红脸带你拼命用这个哎呦这个打不打就是这这三个球他是他是冰的他可以把他可以让地球降温然后冰床就不会融化了是吗对
2025-11-08 05:31:07,661 - INFO - --------------------------------------------------------------------------------
2025-11-08 05:31:07,662 - INFO - 检测到的语言: zh
2025-11-08 05:31:07,662 - INFO - 分段数量: 19
2025-11-08 05:31:07,663 - INFO - --------------------------------------------------------------------------------
2025-11-08 05:31:07,663 - INFO - 分段详情:
2025-11-08 05:31:07,664 - INFO - 
  [1] 时间: 0.00s - 2.68s (2.68s)
2025-11-08 05:31:07,665 - INFO -       文本: 你可以告诉我你做的这个是什么吗
2025-11-08 05:31:07,665 - INFO -       平均对数概率: -0.7185
2025-11-08 05:31:07,666 - INFO -       无语音概率: 0.0473
2025-11-08 05:31:07,666 - INFO -       词级别时间戳 (10个词):
2025-11-08 05:31:07,667 - INFO -         - "你可以" [0.00s-0.40s] (prob: 0.462)
2025-11-08 05:31:07,667 - INFO -         - "告诉" [0.40s-0.72s] (prob: 0.855)
2025-11-08 05:31:07,667 - INFO -         - "我" [0.72s-0.98s] (prob: 0.970)
2025-11-08 05:31:07,668 - INFO -         - "你" [0.98s-1.16s] (prob: 0.640)
2025-11-08 05:31:07,668 - INFO -         - "做" [1.16s-1.32s] (prob: 0.950)
2025-11-08 05:31:07,669 - INFO -         - "的" [1.32s-1.50s] (prob: 0.970)
2025-11-08 05:31:07,669 - INFO -         - "这个" [1.50s-1.72s] (prob: 0.938)
2025-11-08 05:31:07,670 - INFO -         - "是" [1.72s-1.94s] (prob: 0.948)
2025-11-08 05:31:07,670 - INFO -         - "什么" [1.94s-2.18s] (prob: 0.985)
2025-11-08 05:31:07,671 - INFO -         - "吗" [2.18s-2.68s] (prob: 0.877)
2025-11-08 05:31:07,671 - INFO - 
  [2] 时间: 5.74s - 7.40s (1.66s)
2025-11-08 05:31:07,672 - INFO -       文本: 导弹发射
2025-11-08 05:31:07,672 - INFO -       平均对数概率: -0.7185
2025-11-08 05:31:07,673 - INFO -       无语音概率: 0.0473
2025-11-08 05:31:07,673 - INFO -       词级别时间戳 (4个词):
2025-11-08 05:31:07,675 - INFO -         - "导" [5.74s-6.36s] (prob: 0.655)
2025-11-08 05:31:07,675 - INFO -         - "弹" [6.36s-6.66s] (prob: 0.981)
2025-11-08 05:31:07,676 - INFO -         - "发" [6.66s-7.00s] (prob: 0.984)
2025-11-08 05:31:07,676 - INFO -         - "射" [7.00s-7.40s] (prob: 0.652)
2025-11-08 05:31:07,677 - INFO - 
  [3] 时间: 7.40s - 8.44s (1.04s)
2025-11-08 05:31:07,677 - INFO -       文本: 导弹发射
2025-11-08 05:31:07,678 - INFO -       平均对数概率: -0.7185
2025-11-08 05:31:07,678 - INFO -       无语音概率: 0.0473
2025-11-08 05:31:07,679 - INFO -       词级别时间戳 (4个词):
2025-11-08 05:31:07,679 - INFO -         - "导" [7.40s-7.96s] (prob: 0.773)
2025-11-08 05:31:07,680 - INFO -         - "弹" [7.96s-8.08s] (prob: 0.999)
2025-11-08 05:31:07,680 - INFO -         - "发" [8.08s-8.28s] (prob: 0.999)
2025-11-08 05:31:07,681 - INFO -         - "射" [8.28s-8.44s] (prob: 0.999)
2025-11-08 05:31:07,681 - INFO - 
  [4] 时间: 8.44s - 10.86s (2.42s)
2025-11-08 05:31:07,682 - INFO -       文本: 然后他怎么整就地球呀
2025-11-08 05:31:07,682 - INFO -       平均对数概率: -0.7185
2025-11-08 05:31:07,683 - INFO -       无语音概率: 0.0473
2025-11-08 05:31:07,684 - INFO -       词级别时间戳 (8个词):
2025-11-08 05:31:07,684 - INFO -         - "然后" [8.44s-8.84s] (prob: 0.906)
2025-11-08 05:31:07,685 - INFO -         - "他" [8.84s-9.52s] (prob: 0.577)
2025-11-08 05:31:07,687 - INFO -         - "怎么" [9.52s-9.78s] (prob: 0.854)
2025-11-08 05:31:07,687 - INFO -         - "整" [9.78s-10.04s] (prob: 0.412)
2025-11-08 05:31:07,690 - INFO -         - "就" [10.04s-10.24s] (prob: 0.519)
2025-11-08 05:31:07,693 - INFO -         - "地" [10.24s-10.42s] (prob: 0.954)
2025-11-08 05:31:07,694 - INFO -         - "球" [10.42s-10.64s] (prob: 0.998)
2025-11-08 05:31:07,695 - INFO -         - "呀" [10.64s-10.86s] (prob: 0.214)
2025-11-08 05:31:07,696 - INFO - 
  [5] 时间: 10.86s - 12.10s (1.24s)
2025-11-08 05:31:07,697 - INFO -       文本: 他就是
2025-11-08 05:31:07,698 - INFO -       平均对数概率: -0.7185
2025-11-08 05:31:07,699 - INFO -       无语音概率: 0.0473
2025-11-08 05:31:07,700 - INFO -       词级别时间戳 (2个词):
2025-11-08 05:31:07,702 - INFO -         - "他" [10.86s-11.64s] (prob: 0.846)
2025-11-08 05:31:07,703 - INFO -         - "就是" [11.64s-12.10s] (prob: 0.966)
2025-11-08 05:31:07,704 - INFO - 
  [6] 时间: 12.10s - 15.58s (3.48s)
2025-11-08 05:31:07,707 - INFO -       文本: 对你这三个听过
2025-11-08 05:31:07,708 - INFO -       平均对数概率: -0.7185
2025-11-08 05:31:07,709 - INFO -       无语音概率: 0.0473
2025-11-08 05:31:07,710 - INFO -       词级别时间戳 (7个词):
2025-11-08 05:31:07,711 - INFO -         - "对" [12.10s-12.88s] (prob: 0.096)
2025-11-08 05:31:07,713 - INFO -         - "你" [12.88s-13.36s] (prob: 0.388)
2025-11-08 05:31:07,716 - INFO -         - "这" [13.36s-13.68s] (prob: 0.665)
2025-11-08 05:31:07,717 - INFO -         - "三" [13.68s-14.02s] (prob: 0.705)
2025-11-08 05:31:07,718 - INFO -         - "个" [14.02s-14.92s] (prob: 0.080)
2025-11-08 05:31:07,722 - INFO -         - "听" [14.92s-15.32s] (prob: 0.197)
2025-11-08 05:31:07,723 - INFO -         - "过" [15.32s-15.58s] (prob: 0.837)
2025-11-08 05:31:07,725 - INFO - 
  [7] 时间: 16.54s - 17.16s (0.62s)
2025-11-08 05:31:07,727 - INFO -       文本: 我
2025-11-08 05:31:07,729 - INFO -       平均对数概率: -0.7185
2025-11-08 05:31:07,733 - INFO -       无语音概率: 0.0473
2025-11-08 05:31:07,736 - INFO -       词级别时间戳 (1个词):
2025-11-08 05:31:07,738 - INFO -         - "我" [16.54s-17.16s] (prob: 0.289)
2025-11-08 05:31:07,739 - INFO - 
  [8] 时间: 17.16s - 20.26s (3.10s)
2025-11-08 05:31:07,739 - INFO -       文本: 希望就是用红脸带你拼命
2025-11-08 05:31:07,740 - INFO -       平均对数概率: -0.7185
2025-11-08 05:31:07,741 - INFO -       无语音概率: 0.0473
2025-11-08 05:31:07,742 - INFO -       词级别时间戳 (9个词):
2025-11-08 05:31:07,742 - INFO -         - "希望" [17.16s-17.84s] (prob: 0.128)
2025-11-08 05:31:07,743 - INFO -         - "就是" [17.84s-18.20s] (prob: 0.655)
2025-11-08 05:31:07,744 - INFO -         - "用" [18.20s-18.58s] (prob: 0.473)
2025-11-08 05:31:07,745 - INFO -         - "红" [18.58s-18.90s] (prob: 0.796)
2025-11-08 05:31:07,745 - INFO -         - "脸" [18.90s-19.10s] (prob: 0.986)
2025-11-08 05:31:07,746 - INFO -         - "带" [19.10s-19.30s] (prob: 0.785)
2025-11-08 05:31:07,746 - INFO -         - "你" [19.30s-19.50s] (prob: 0.887)
2025-11-08 05:31:07,747 - INFO -         - "拼" [19.50s-19.72s] (prob: 0.489)
2025-11-08 05:31:07,748 - INFO -         - "命" [19.72s-20.26s] (prob: 0.276)
2025-11-08 05:31:07,749 - INFO - 
  [9] 时间: 20.26s - 21.38s (1.12s)
2025-11-08 05:31:07,749 - INFO -       文本: 用这个
2025-11-08 05:31:07,750 - INFO -       平均对数概率: -0.7185
2025-11-08 05:31:07,750 - INFO -       无语音概率: 0.0473
2025-11-08 05:31:07,751 - INFO -       词级别时间戳 (2个词):
2025-11-08 05:31:07,751 - INFO -         - "用" [20.26s-20.52s] (prob: 0.909)
2025-11-08 05:31:07,752 - INFO -         - "这个" [20.52s-21.38s] (prob: 0.990)
2025-11-08 05:31:07,752 - INFO - 
  [10] 时间: 21.38s - 21.92s (0.54s)
2025-11-08 05:31:07,753 - INFO -       文本: 哎呦
2025-11-08 05:31:07,753 - INFO -       平均对数概率: -0.7185
2025-11-08 05:31:07,754 - INFO -       无语音概率: 0.0473
2025-11-08 05:31:07,754 - INFO -       词级别时间戳 (2个词):
2025-11-08 05:31:07,755 - INFO -         - "哎" [21.38s-21.68s] (prob: 0.248)
2025-11-08 05:31:07,755 - INFO -         - "呦" [21.68s-21.92s] (prob: 0.675)
2025-11-08 05:31:07,755 - INFO - 
  [11] 时间: 22.70s - 23.32s (0.62s)
2025-11-08 05:31:07,756 - INFO -       文本: 这个
2025-11-08 05:31:07,756 - INFO -       平均对数概率: -0.7185
2025-11-08 05:31:07,757 - INFO -       无语音概率: 0.0473
2025-11-08 05:31:07,757 - INFO -       词级别时间戳 (1个词):
2025-11-08 05:31:07,758 - INFO -         - "这个" [22.70s-23.32s] (prob: 0.653)
2025-11-08 05:31:07,758 - INFO - 
  [12] 时间: 23.32s - 24.46s (1.14s)
2025-11-08 05:31:07,759 - INFO -       文本: 打不打
2025-11-08 05:31:07,759 - INFO -       平均对数概率: -0.7185
2025-11-08 05:31:07,759 - INFO -       无语音概率: 0.0473
2025-11-08 05:31:07,760 - INFO -       词级别时间戳 (3个词):
2025-11-08 05:31:07,760 - INFO -         - "打" [23.32s-23.84s] (prob: 0.059)
2025-11-08 05:31:07,760 - INFO -         - "不" [23.84s-24.16s] (prob: 0.103)
2025-11-08 05:31:07,761 - INFO -         - "打" [24.16s-24.46s] (prob: 0.225)
2025-11-08 05:31:07,761 - INFO - 
  [13] 时间: 25.16s - 26.08s (0.92s)
2025-11-08 05:31:07,761 - INFO -       文本: 就是这
2025-11-08 05:31:07,762 - INFO -       平均对数概率: -0.7185
2025-11-08 05:31:07,762 - INFO -       无语音概率: 0.0473
2025-11-08 05:31:07,762 - INFO -       词级别时间戳 (2个词):
2025-11-08 05:31:07,762 - INFO -         - "就是" [25.16s-25.78s] (prob: 0.793)
2025-11-08 05:31:07,763 - INFO -         - "这" [25.78s-26.08s] (prob: 0.995)
2025-11-08 05:31:07,764 - INFO - 
  [14] 时间: 26.08s - 27.30s (1.22s)
2025-11-08 05:31:07,765 - INFO -       文本: 这三个
2025-11-08 05:31:07,765 - INFO -       平均对数概率: -0.7185
2025-11-08 05:31:07,766 - INFO -       无语音概率: 0.0473
2025-11-08 05:31:07,766 - INFO -       词级别时间戳 (3个词):
2025-11-08 05:31:07,767 - INFO -         - "这" [26.08s-26.82s] (prob: 0.866)
2025-11-08 05:31:07,767 - INFO -         - "三" [26.82s-27.00s] (prob: 0.972)
2025-11-08 05:31:07,768 - INFO -         - "个" [27.00s-27.30s] (prob: 0.997)
2025-11-08 05:31:07,768 - INFO - 
  [15] 时间: 27.84s - 28.76s (0.92s)
2025-11-08 05:31:07,769 - INFO -       文本: 球他是
2025-11-08 05:31:07,769 - INFO -       平均对数概率: -0.7556
2025-11-08 05:31:07,770 - INFO -       无语音概率: 0.0066
2025-11-08 05:31:07,770 - INFO -       词级别时间戳 (2个词):
2025-11-08 05:31:07,771 - INFO -         - "球" [27.84s-28.34s] (prob: 0.005)
2025-11-08 05:31:07,771 - INFO -         - "他是" [28.34s-28.76s] (prob: 0.126)
2025-11-08 05:31:07,771 - INFO - 
  [16] 时间: 28.76s - 30.20s (1.44s)
2025-11-08 05:31:07,772 - INFO -       文本: 他是冰的
2025-11-08 05:31:07,772 - INFO -       平均对数概率: -0.7556
2025-11-08 05:31:07,772 - INFO -       无语音概率: 0.0066
2025-11-08 05:31:07,773 - INFO -       词级别时间戳 (3个词):
2025-11-08 05:31:07,773 - INFO -         - "他是" [28.76s-29.36s] (prob: 0.001)
2025-11-08 05:31:07,773 - INFO -         - "冰" [29.36s-29.62s] (prob: 0.898)
2025-11-08 05:31:07,774 - INFO -         - "的" [29.62s-30.20s] (prob: 0.992)
2025-11-08 05:31:07,774 - INFO - 
  [17] 时间: 36.50s - 39.94s (3.44s)
2025-11-08 05:31:07,774 - INFO -       文本: 他可以把他可以让地球降温
2025-11-08 05:31:07,775 - INFO -       平均对数概率: -0.7556
2025-11-08 05:31:07,775 - INFO -       无语音概率: 0.0066
2025-11-08 05:31:07,775 - INFO -       词级别时间戳 (10个词):
2025-11-08 05:31:07,776 - INFO -         - "他" [36.50s-37.00s] (prob: 0.608)
2025-11-08 05:31:07,776 - INFO -         - "可以" [37.00s-37.50s] (prob: 0.989)
2025-11-08 05:31:07,776 - INFO -         - "把" [37.50s-37.76s] (prob: 0.581)
2025-11-08 05:31:07,777 - INFO -         - "他" [37.76s-38.72s] (prob: 0.693)
2025-11-08 05:31:07,777 - INFO -         - "可以" [38.72s-38.92s] (prob: 0.943)
2025-11-08 05:31:07,777 - INFO -         - "让" [38.92s-39.04s] (prob: 0.178)
2025-11-08 05:31:07,778 - INFO -         - "地" [39.04s-39.22s] (prob: 0.386)
2025-11-08 05:31:07,778 - INFO -         - "球" [39.22s-39.44s] (prob: 1.000)
2025-11-08 05:31:07,778 - INFO -         - "降" [39.44s-39.68s] (prob: 0.980)
2025-11-08 05:31:07,779 - INFO -         - "温" [39.68s-39.94s] (prob: 0.796)
2025-11-08 05:31:07,779 - INFO - 
  [18] 时间: 40.52s - 43.10s (2.58s)
2025-11-08 05:31:07,779 - INFO -       文本: 然后冰床就不会融化了是吗
2025-11-08 05:31:07,779 - INFO -       平均对数概率: -0.7556
2025-11-08 05:31:07,780 - INFO -       无语音概率: 0.0066
2025-11-08 05:31:07,780 - INFO -       词级别时间戳 (10个词):
2025-11-08 05:31:07,781 - INFO -         - "然后" [40.52s-40.88s] (prob: 0.814)
2025-11-08 05:31:07,781 - INFO -         - "冰" [40.88s-41.60s] (prob: 0.997)
2025-11-08 05:31:07,782 - INFO -         - "床" [41.60s-41.74s] (prob: 0.533)
2025-11-08 05:31:07,783 - INFO -         - "就" [41.74s-41.88s] (prob: 0.983)
2025-11-08 05:31:07,783 - INFO -         - "不会" [41.88s-42.16s] (prob: 0.982)
2025-11-08 05:31:07,784 - INFO -         - "融" [42.16s-42.34s] (prob: 0.710)
2025-11-08 05:31:07,784 - INFO -         - "化" [42.34s-42.58s] (prob: 0.999)
2025-11-08 05:31:07,785 - INFO -         - "了" [42.58s-42.74s] (prob: 0.822)
2025-11-08 05:31:07,785 - INFO -         - "是" [42.74s-42.88s] (prob: 0.801)
2025-11-08 05:31:07,785 - INFO -         - "吗" [42.88s-43.10s] (prob: 0.959)
2025-11-08 05:31:07,786 - INFO - 
  [19] 时间: 43.10s - 43.30s (0.20s)
2025-11-08 05:31:07,786 - INFO -       文本: 对
2025-11-08 05:31:07,786 - INFO -       平均对数概率: -0.7556
2025-11-08 05:31:07,787 - INFO -       无语音概率: 0.0066
2025-11-08 05:31:07,787 - INFO -       词级别时间戳 (1个词):
2025-11-08 05:31:07,787 - INFO -         - "对" [43.10s-43.30s] (prob: 0.155)
2025-11-08 05:31:07,788 - INFO - ================================================================================
2025-11-08 05:31:07,788 - INFO - 
[3/4] 处理: 3.m4a
2025-11-08 05:31:07,788 - INFO - ================================================================================
2025-11-08 05:31:07,789 - INFO - 开始转录: 3.m4a
2025-11-08 05:31:07,789 - INFO - ================================================================================
2025-11-08 05:31:11,515 - INFO - ✓ 转录完成,耗时: 3.73秒
2025-11-08 05:31:11,515 - INFO - --------------------------------------------------------------------------------
2025-11-08 05:31:11,516 - INFO - 完整转录文本: 他叫什么名字?他叫普二普二然后他有什么功能呀他就可以出这个这个是令个小朋友做的你的作品有什么功能呀他在嘴唐他不高兴趣这样子他在高兴趣这样子他就不高兴趣这样子
2025-11-08 05:31:11,517 - INFO - --------------------------------------------------------------------------------
2025-11-08 05:31:11,517 - INFO - 检测到的语言: zh
2025-11-08 05:31:11,518 - INFO - 分段数量: 11
2025-11-08 05:31:11,518 - INFO - --------------------------------------------------------------------------------
2025-11-08 05:31:11,519 - INFO - 分段详情:
2025-11-08 05:31:11,519 - INFO - 
  [1] 时间: 0.00s - 1.62s (1.62s)
2025-11-08 05:31:11,520 - INFO -       文本: 他叫什么名字?
2025-11-08 05:31:11,520 - INFO -       平均对数概率: -0.6330
2025-11-08 05:31:11,521 - INFO -       无语音概率: 0.0927
2025-11-08 05:31:11,521 - INFO -       词级别时间戳 (5个词):
2025-11-08 05:31:11,522 - INFO -         - "他" [0.00s-0.92s] (prob: 0.530)
2025-11-08 05:31:11,523 - INFO -         - "叫" [0.92s-1.06s] (prob: 0.989)
2025-11-08 05:31:11,523 - INFO -         - "什么" [1.06s-1.24s] (prob: 0.420)
2025-11-08 05:31:11,524 - INFO -         - "名" [1.24s-1.42s] (prob: 0.990)
2025-11-08 05:31:11,524 - INFO -         - "字?" [1.42s-1.62s] (prob: 0.994)
2025-11-08 05:31:11,525 - INFO - 
  [2] 时间: 1.76s - 2.80s (1.04s)
2025-11-08 05:31:11,525 - INFO -       文本: 他叫普二
2025-11-08 05:31:11,525 - INFO -       平均对数概率: -0.6330
2025-11-08 05:31:11,526 - INFO -       无语音概率: 0.0927
2025-11-08 05:31:11,526 - INFO -       词级别时间戳 (4个词):
2025-11-08 05:31:11,527 - INFO -         - "他" [1.76s-1.88s] (prob: 0.682)
2025-11-08 05:31:11,527 - INFO -         - "叫" [1.88s-2.06s] (prob: 0.998)
2025-11-08 05:31:11,528 - INFO -         - "普" [2.06s-2.38s] (prob: 0.082)
2025-11-08 05:31:11,528 - INFO -         - "二" [2.38s-2.80s] (prob: 0.498)
2025-11-08 05:31:11,529 - INFO - 
  [3] 时间: 3.56s - 4.26s (0.70s)
2025-11-08 05:31:11,529 - INFO -       文本: 普二
2025-11-08 05:31:11,530 - INFO -       平均对数概率: -0.6330
2025-11-08 05:31:11,531 - INFO -       无语音概率: 0.0927
2025-11-08 05:31:11,531 - INFO -       词级别时间戳 (2个词):
2025-11-08 05:31:11,532 - INFO -         - "普" [3.56s-4.04s] (prob: 0.531)
2025-11-08 05:31:11,532 - INFO -         - "二" [4.04s-4.26s] (prob: 0.992)
2025-11-08 05:31:11,533 - INFO - 
  [4] 时间: 4.26s - 5.90s (1.64s)
2025-11-08 05:31:11,534 - INFO -       文本: 然后他有什么功能呀
2025-11-08 05:31:11,534 - INFO -       平均对数概率: -0.6330
2025-11-08 05:31:11,535 - INFO -       无语音概率: 0.0927
2025-11-08 05:31:11,535 - INFO -       词级别时间戳 (7个词):
2025-11-08 05:31:11,536 - INFO -         - "然后" [4.26s-4.76s] (prob: 0.440)
2025-11-08 05:31:11,536 - INFO -         - "他" [4.76s-5.00s] (prob: 0.903)
2025-11-08 05:31:11,537 - INFO -         - "有" [5.00s-5.12s] (prob: 0.988)
2025-11-08 05:31:11,537 - INFO -         - "什么" [5.12s-5.34s] (prob: 0.993)
2025-11-08 05:31:11,537 - INFO -         - "功" [5.34s-5.52s] (prob: 0.895)
2025-11-08 05:31:11,538 - INFO -         - "能" [5.52s-5.70s] (prob: 0.920)
2025-11-08 05:31:11,538 - INFO -         - "呀" [5.70s-5.90s] (prob: 0.422)
2025-11-08 05:31:11,539 - INFO - 
  [5] 时间: 5.90s - 7.92s (2.02s)
2025-11-08 05:31:11,539 - INFO -       文本: 他就可以出这个
2025-11-08 05:31:11,540 - INFO -       平均对数概率: -0.6330
2025-11-08 05:31:11,540 - INFO -       无语音概率: 0.0927
2025-11-08 05:31:11,541 - INFO -       词级别时间戳 (4个词):
2025-11-08 05:31:11,541 - INFO -         - "他" [5.90s-6.52s] (prob: 0.782)
2025-11-08 05:31:11,542 - INFO -         - "就可以" [6.52s-6.90s] (prob: 0.540)
2025-11-08 05:31:11,542 - INFO -         - "出" [6.90s-7.22s] (prob: 0.124)
2025-11-08 05:31:11,543 - INFO -         - "这个" [7.22s-7.92s] (prob: 0.816)
2025-11-08 05:31:11,543 - INFO - 
  [6] 时间: 9.34s - 11.58s (2.24s)
2025-11-08 05:31:11,544 - INFO -       文本: 这个是令个小朋友做的
2025-11-08 05:31:11,544 - INFO -       平均对数概率: -0.6330
2025-11-08 05:31:11,545 - INFO -       无语音概率: 0.0927
2025-11-08 05:31:11,545 - INFO -       词级别时间戳 (8个词):
2025-11-08 05:31:11,546 - INFO -         - "这个" [9.34s-9.82s] (prob: 0.404)
2025-11-08 05:31:11,546 - INFO -         - "是" [9.82s-10.30s] (prob: 0.846)
2025-11-08 05:31:11,547 - INFO -         - "令" [10.30s-10.66s] (prob: 0.123)
2025-11-08 05:31:11,547 - INFO -         - "个" [10.66s-10.86s] (prob: 0.296)
2025-11-08 05:31:11,548 - INFO -         - "小" [10.86s-11.02s] (prob: 0.997)
2025-11-08 05:31:11,548 - INFO -         - "朋友" [11.02s-11.16s] (prob: 0.996)
2025-11-08 05:31:11,548 - INFO -         - "做" [11.16s-11.40s] (prob: 0.859)
2025-11-08 05:31:11,549 - INFO -         - "的" [11.40s-11.58s] (prob: 0.997)
2025-11-08 05:31:11,550 - INFO - 
  [7] 时间: 11.58s - 13.98s (2.40s)
2025-11-08 05:31:11,550 - INFO -       文本: 你的作品有什么功能呀
2025-11-08 05:31:11,551 - INFO -       平均对数概率: -0.6330
2025-11-08 05:31:11,551 - INFO -       无语音概率: 0.0927
2025-11-08 05:31:11,552 - INFO -       词级别时间戳 (8个词):
2025-11-08 05:31:11,552 - INFO -         - "你的" [11.58s-12.36s] (prob: 0.862)
2025-11-08 05:31:11,553 - INFO -         - "作" [12.36s-12.70s] (prob: 0.897)
2025-11-08 05:31:11,553 - INFO -         - "品" [12.70s-12.88s] (prob: 0.996)
2025-11-08 05:31:11,553 - INFO -         - "有" [12.88s-13.12s] (prob: 0.979)
2025-11-08 05:31:11,554 - INFO -         - "什么" [13.12s-13.34s] (prob: 0.997)
2025-11-08 05:31:11,554 - INFO -         - "功" [13.34s-13.54s] (prob: 1.000)
2025-11-08 05:31:11,555 - INFO -         - "能" [13.54s-13.74s] (prob: 0.995)
2025-11-08 05:31:11,555 - INFO -         - "呀" [13.74s-13.98s] (prob: 0.923)
2025-11-08 05:31:11,556 - INFO - 
  [8] 时间: 15.52s - 17.22s (1.70s)
2025-11-08 05:31:11,556 - INFO -       文本: 他在嘴唐
2025-11-08 05:31:11,557 - INFO -       平均对数概率: -0.6330
2025-11-08 05:31:11,557 - INFO -       无语音概率: 0.0927
2025-11-08 05:31:11,558 - INFO -       词级别时间戳 (4个词):
2025-11-08 05:31:11,558 - INFO -         - "他" [15.52s-16.00s] (prob: 0.393)
2025-11-08 05:31:11,559 - INFO -         - "在" [16.00s-16.20s] (prob: 0.891)
2025-11-08 05:31:11,559 - INFO -         - "嘴" [16.20s-16.50s] (prob: 0.935)
2025-11-08 05:31:11,560 - INFO -         - "唐" [16.50s-17.22s] (prob: 0.223)
2025-11-08 05:31:11,560 - INFO - 
  [9] 时间: 17.22s - 19.62s (2.40s)
2025-11-08 05:31:11,561 - INFO -       文本: 他不高兴趣这样子
2025-11-08 05:31:11,561 - INFO -       平均对数概率: -0.6330
2025-11-08 05:31:11,562 - INFO -       无语音概率: 0.0927
2025-11-08 05:31:11,562 - INFO -       词级别时间戳 (7个词):
2025-11-08 05:31:11,563 - INFO -         - "他" [17.22s-17.84s] (prob: 0.056)
2025-11-08 05:31:11,563 - INFO -         - "不" [17.84s-18.08s] (prob: 0.988)
2025-11-08 05:31:11,564 - INFO -         - "高" [18.08s-18.28s] (prob: 0.788)
2025-11-08 05:31:11,565 - INFO -         - "兴" [18.28s-18.54s] (prob: 0.996)
2025-11-08 05:31:11,566 - INFO -         - "趣" [18.54s-18.78s] (prob: 0.503)
2025-11-08 05:31:11,566 - INFO -         - "这样" [18.78s-19.18s] (prob: 0.248)
2025-11-08 05:31:11,567 - INFO -         - "子" [19.18s-19.62s] (prob: 0.976)
2025-11-08 05:31:11,567 - INFO - 
  [10] 时间: 19.62s - 22.32s (2.70s)
2025-11-08 05:31:11,568 - INFO -       文本: 他在高兴趣这样子
2025-11-08 05:31:11,568 - INFO -       平均对数概率: -0.6330
2025-11-08 05:31:11,569 - INFO -       无语音概率: 0.0927
2025-11-08 05:31:11,569 - INFO -       词级别时间戳 (7个词):
2025-11-08 05:31:11,570 - INFO -         - "他" [19.62s-20.30s] (prob: 0.542)
2025-11-08 05:31:11,570 - INFO -         - "在" [20.30s-20.40s] (prob: 0.528)
2025-11-08 05:31:11,571 - INFO -         - "高" [20.40s-20.62s] (prob: 0.914)
2025-11-08 05:31:11,571 - INFO -         - "兴" [20.62s-20.86s] (prob: 0.998)
2025-11-08 05:31:11,572 - INFO -         - "趣" [20.86s-21.26s] (prob: 0.864)
2025-11-08 05:31:11,572 - INFO -         - "这样" [21.26s-21.86s] (prob: 0.545)
2025-11-08 05:31:11,573 - INFO -         - "子" [21.86s-22.32s] (prob: 1.000)
2025-11-08 05:31:11,573 - INFO - 
  [11] 时间: 22.32s - 25.02s (2.70s)
2025-11-08 05:31:11,574 - INFO -       文本: 他就不高兴趣这样子
2025-11-08 05:31:11,574 - INFO -       平均对数概率: -0.6330
2025-11-08 05:31:11,574 - INFO -       无语音概率: 0.0927
2025-11-08 05:31:11,575 - INFO -       词级别时间戳 (8个词):
2025-11-08 05:31:11,575 - INFO -         - "他" [22.32s-22.96s] (prob: 0.893)
2025-11-08 05:31:11,576 - INFO -         - "就" [22.96s-23.18s] (prob: 0.766)
2025-11-08 05:31:11,576 - INFO -         - "不" [23.18s-23.40s] (prob: 0.990)
2025-11-08 05:31:11,577 - INFO -         - "高" [23.40s-23.60s] (prob: 0.997)
2025-11-08 05:31:11,577 - INFO -         - "兴" [23.60s-23.80s] (prob: 1.000)
2025-11-08 05:31:11,578 - INFO -         - "趣" [23.80s-24.02s] (prob: 0.990)
2025-11-08 05:31:11,578 - INFO -         - "这样" [24.02s-24.56s] (prob: 0.550)
2025-11-08 05:31:11,579 - INFO -         - "子" [24.56s-25.02s] (prob: 0.975)
2025-11-08 05:31:11,581 - INFO - ================================================================================
2025-11-08 05:31:11,581 - INFO - 
[4/4] 处理: 4.m4a
2025-11-08 05:31:11,582 - INFO - ================================================================================
2025-11-08 05:31:11,582 - INFO - 开始转录: 4.m4a
2025-11-08 05:31:11,583 - INFO - ================================================================================
2025-11-08 05:31:13,988 - INFO - ✓ 转录完成,耗时: 2.40秒
2025-11-08 05:31:13,988 - INFO - --------------------------------------------------------------------------------
2025-11-08 05:31:13,989 - INFO - 完整转录文本: 你可以再说一声吗我这什么然后我可以把这种所有的垃圾我给你
2025-11-08 05:31:13,989 - INFO - --------------------------------------------------------------------------------
2025-11-08 05:31:13,991 - INFO - 检测到的语言: zh
2025-11-08 05:31:13,991 - INFO - 分段数量: 4
2025-11-08 05:31:13,992 - INFO - --------------------------------------------------------------------------------
2025-11-08 05:31:13,992 - INFO - 分段详情:
2025-11-08 05:31:13,993 - INFO - 
  [1] 时间: 1.50s - 3.06s (1.56s)
2025-11-08 05:31:13,994 - INFO -       文本: 你可以再说一声吗
2025-11-08 05:31:13,994 - INFO -       平均对数概率: -0.6835
2025-11-08 05:31:13,995 - INFO -       无语音概率: 0.1912
2025-11-08 05:31:13,995 - INFO -       词级别时间戳 (6个词):
2025-11-08 05:31:13,997 - INFO -         - "你可以" [1.50s-1.96s] (prob: 0.203)
2025-11-08 05:31:13,997 - INFO -         - "再" [1.96s-2.42s] (prob: 0.500)
2025-11-08 05:31:13,998 - INFO -         - "说" [2.42s-2.64s] (prob: 0.475)
2025-11-08 05:31:13,998 - INFO -         - "一" [2.64s-2.78s] (prob: 0.810)
2025-11-08 05:31:13,999 - INFO -         - "声" [2.78s-2.88s] (prob: 0.753)
2025-11-08 05:31:14,000 - INFO -         - "吗" [2.88s-3.06s] (prob: 0.636)
2025-11-08 05:31:14,000 - INFO - 
  [2] 时间: 3.06s - 3.58s (0.52s)
2025-11-08 05:31:14,001 - INFO -       文本: 我这什么
2025-11-08 05:31:14,001 - INFO -       平均对数概率: -0.6835
2025-11-08 05:31:14,002 - INFO -       无语音概率: 0.1912
2025-11-08 05:31:14,003 - INFO -       词级别时间戳 (3个词):
2025-11-08 05:31:14,003 - INFO -         - "我" [3.06s-3.10s] (prob: 0.443)
2025-11-08 05:31:14,004 - INFO -         - "这" [3.10s-3.20s] (prob: 0.069)
2025-11-08 05:31:14,004 - INFO -         - "什么" [3.20s-3.58s] (prob: 0.098)
2025-11-08 05:31:14,006 - INFO - 
  [3] 时间: 3.58s - 6.46s (2.88s)
2025-11-08 05:31:14,007 - INFO -       文本: 然后我可以把这种所有的垃圾
2025-11-08 05:31:14,007 - INFO -       平均对数概率: -0.6835
2025-11-08 05:31:14,008 - INFO -       无语音概率: 0.1912
2025-11-08 05:31:14,009 - INFO -       词级别时间戳 (10个词):
2025-11-08 05:31:14,009 - INFO -         - "然后" [3.58s-4.18s] (prob: 0.547)
2025-11-08 05:31:14,009 - INFO -         - "我" [4.18s-4.44s] (prob: 0.329)
2025-11-08 05:31:14,010 - INFO -         - "可以" [4.44s-4.92s] (prob: 0.228)
2025-11-08 05:31:14,011 - INFO -         - "把" [4.92s-5.20s] (prob: 0.493)
2025-11-08 05:31:14,011 - INFO -         - "这" [5.20s-5.36s] (prob: 0.197)
2025-11-08 05:31:14,012 - INFO -         - "种" [5.36s-5.46s] (prob: 0.166)
2025-11-08 05:31:14,012 - INFO -         - "所有" [5.46s-5.80s] (prob: 0.222)
2025-11-08 05:31:14,013 - INFO -         - "的" [5.80s-6.04s] (prob: 0.949)
2025-11-08 05:31:14,014 - INFO -         - "垃" [6.04s-6.22s] (prob: 0.897)
2025-11-08 05:31:14,014 - INFO -         - "圾" [6.22s-6.46s] (prob: 0.994)
2025-11-08 05:31:14,015 - INFO - 
  [4] 时间: 7.94s - 8.68s (0.74s)
2025-11-08 05:31:14,015 - INFO -       文本: 我给你
2025-11-08 05:31:14,016 - INFO -       平均对数概率: -0.6835
2025-11-08 05:31:14,017 - INFO -       无语音概率: 0.1912
2025-11-08 05:31:14,017 - INFO -       词级别时间戳 (3个词):
2025-11-08 05:31:14,018 - INFO -         - "我" [7.94s-8.40s] (prob: 0.724)
2025-11-08 05:31:14,018 - INFO -         - "给" [8.40s-8.50s] (prob: 0.982)
2025-11-08 05:31:14,019 - INFO -         - "你" [8.50s-8.68s] (prob: 0.955)
2025-11-08 05:31:14,020 - INFO - ================================================================================
2025-11-08 05:31:14,021 - INFO - 
================================================================================
2025-11-08 05:31:14,022 - INFO -                                      评估结果统计                                     
2025-11-08 05:31:14,022 - INFO - ================================================================================
2025-11-08 05:31:14,023 - INFO - 成功处理文件数: 4
2025-11-08 05:31:14,023 - INFO - 总处理时间: 29.74秒
2025-11-08 05:31:14,024 - INFO - 平均处理时间: 7.43秒/文件
2025-11-08 05:31:14,024 - INFO - 
--------------------------------------------------------------------------------
2025-11-08 05:31:14,025 - INFO - 详细结果:
2025-11-08 05:31:14,025 - INFO - --------------------------------------------------------------------------------
2025-11-08 05:31:14,025 - INFO - 
[1/4] 1.mp4
2025-11-08 05:31:14,026 - INFO -   语言: zh
2025-11-08 05:31:14,026 - INFO -   耗时: 17.16秒
2025-11-08 05:31:14,027 - INFO -   分段数: 35
2025-11-08 05:31:14,027 - INFO -   转录: 我都會想要帶你你可以自己再說一次嗎就像剛剛說的那樣這個這個有什麼樣的能力啊你會不會你會不會穿要什麼呢穿這個兩條它是不是有一個嘴巴然後把天空中的灰塵塵不吸走吸走到哪裡啊對這個帶子帶子帶子帶子帶子帶子帶子他把天空中灰塵不行要在帶子裡天空就會穿線維蘭色對這個對那你可以小心跟他秒數一清嗎對就是這個嘴巴可以可以玩了吧好或者要要跟我帶子裡邊好好
2025-11-08 05:31:14,028 - INFO - 
[2/4] 2.m4a
2025-11-08 05:31:14,028 - INFO -   语言: zh
2025-11-08 05:31:14,029 - INFO -   耗时: 6.44秒
2025-11-08 05:31:14,030 - INFO -   分段数: 19
2025-11-08 05:31:14,030 - INFO -   转录: 你可以告诉我你做的这个是什么吗导弹发射导弹发射然后他怎么整就地球呀他就是对你这三个听过我希望就是用红脸带你拼命用这个哎呦这个打不打就是这这三个球他是他是冰的他可以把他可以让地球降温然后冰床就不会融化了是吗对
2025-11-08 05:31:14,031 - INFO - 
[3/4] 3.m4a
2025-11-08 05:31:14,031 - INFO -   语言: zh
2025-11-08 05:31:14,032 - INFO -   耗时: 3.73秒
2025-11-08 05:31:14,032 - INFO -   分段数: 11
2025-11-08 05:31:14,033 - INFO -   转录: 他叫什么名字?他叫普二普二然后他有什么功能呀他就可以出这个这个是令个小朋友做的你的作品有什么功能呀他在嘴唐他不高兴趣这样子他在高兴趣这样子他就不高兴趣这样子
2025-11-08 05:31:14,033 - INFO - 
[4/4] 4.m4a
2025-11-08 05:31:14,034 - INFO -   语言: zh
2025-11-08 05:31:14,034 - INFO -   耗时: 2.40秒
2025-11-08 05:31:14,035 - INFO -   分段数: 4
2025-11-08 05:31:14,035 - INFO -   转录: 你可以再说一声吗我这什么然后我可以把这种所有的垃圾我给你
2025-11-08 05:31:14,036 - INFO - 
================================================================================
2025-11-08 05:31:14,057 - INFO - 评估结果已保存到: ./eval_results_asr.json
2025-11-08 05:31:14,057 - INFO - ================================================================================
2025-11-08 05:31:14,058 - INFO - 
================================================================================
2025-11-08 05:31:14,059 - INFO - 程序结束
2025-11-08 05:31:14,059 - INFO - ================================================================================
